Archive member included to satisfy reference by file (symbol)

C:/ST/STM32CubeIDE_2.1.1/STM32CubeIDE/plugins/com.st.stm32cube.ide.mcu.externaltools.gnu-tools-for-stm32.14.3.rel1.win32_1.0.100.202602081740/tools/bin/../lib/gcc/arm-none-eabi/14.3.1/../../../../arm-none-eabi/lib/thumb/v8-m.main+fp/hard\libc_nano.a(libc_a-exit.o)
                              C:/ST/STM32CubeIDE_2.1.1/STM32CubeIDE/plugins/com.st.stm32cube.ide.mcu.externaltools.gnu-tools-for-stm32.14.3.rel1.win32_1.0.100.202602081740/tools/bin/../lib/gcc/arm-none-eabi/14.3.1/../../../../arm-none-eabi/lib/thumb/v8-m.main+fp/hard/crt0.o (exit)
C:/ST/STM32CubeIDE_2.1.1/STM32CubeIDE/plugins/com.st.stm32cube.ide.mcu.externaltools.gnu-tools-for-stm32.14.3.rel1.win32_1.0.100.202602081740/tools/bin/../lib/gcc/arm-none-eabi/14.3.1/../../../../arm-none-eabi/lib/thumb/v8-m.main+fp/hard\libc_nano.a(libc_a-nano-vfprintf_float.o)
                              (_printf_float)
C:/ST/STM32CubeIDE_2.1.1/STM32CubeIDE/plugins/com.st.stm32cube.ide.mcu.externaltools.gnu-tools-for-stm32.14.3.rel1.win32_1.0.100.202602081740/tools/bin/../lib/gcc/arm-none-eabi/14.3.1/../../../../arm-none-eabi/lib/thumb/v8-m.main+fp/hard\libc_nano.a(libc_a-nano-vfprintf_i.o)
                              C:/ST/STM32CubeIDE_2.1.1/STM32CubeIDE/plugins/com.st.stm32cube.ide.mcu.externaltools.gnu-tools-for-stm32.14.3.rel1.win32_1.0.100.202602081740/tools/bin/../lib/gcc/arm-none-eabi/14.3.1/../../../../arm-none-eabi/lib/thumb/v8-m.main+fp/hard\libc_nano.a(libc_a-nano-vfprintf_float.o) (_printf_common)
C:/ST/STM32CubeIDE_2.1.1/STM32CubeIDE/plugins/com.st.stm32cube.ide.mcu.externaltools.gnu-tools-for-stm32.14.3.rel1.win32_1.0.100.202602081740/tools/bin/../lib/gcc/arm-none-eabi/14.3.1/../../../../arm-none-eabi/lib/thumb/v8-m.main+fp/hard\libc_nano.a(libc_a-findfp.o)
                              C:/ST/STM32CubeIDE_2.1.1/STM32CubeIDE/plugins/com.st.stm32cube.ide.mcu.externaltools.gnu-tools-for-stm32.14.3.rel1.win32_1.0.100.202602081740/tools/bin/../lib/gcc/arm-none-eabi/14.3.1/../../../../arm-none-eabi/lib/thumb/v8-m.main+fp/hard\libc_nano.a(libc_a-exit.o) (__stdio_exit_handler)
C:/ST/STM32CubeIDE_2.1.1/STM32CubeIDE/plugins/com.st.stm32cube.ide.mcu.externaltools.gnu-tools-for-stm32.14.3.rel1.win32_1.0.100.202602081740/tools/bin/../lib/gcc/arm-none-eabi/14.3.1/../../../../arm-none-eabi/lib/thumb/v8-m.main+fp/hard\libc_nano.a(libc_a-fwalk.o)
                              C:/ST/STM32CubeIDE_2.1.1/STM32CubeIDE/plugins/com.st.stm32cube.ide.mcu.externaltools.gnu-tools-for-stm32.14.3.rel1.win32_1.0.100.202602081740/tools/bin/../lib/gcc/arm-none-eabi/14.3.1/../../../../arm-none-eabi/lib/thumb/v8-m.main+fp/hard\libc_nano.a(libc_a-findfp.o) (_fwalk_sglue)
C:/ST/STM32CubeIDE_2.1.1/STM32CubeIDE/plugins/com.st.stm32cube.ide.mcu.externaltools.gnu-tools-for-stm32.14.3.rel1.win32_1.0.100.202602081740/tools/bin/../lib/gcc/arm-none-eabi/14.3.1/../../../../arm-none-eabi/lib/thumb/v8-m.main+fp/hard\libc_nano.a(libc_a-snprintf.o)
                              ./Core/Src/main.o (snprintf)
C:/ST/STM32CubeIDE_2.1.1/STM32CubeIDE/plugins/com.st.stm32cube.ide.mcu.externaltools.gnu-tools-for-stm32.14.3.rel1.win32_1.0.100.202602081740/tools/bin/../lib/gcc/arm-none-eabi/14.3.1/../../../../arm-none-eabi/lib/thumb/v8-m.main+fp/hard\libc_nano.a(libc_a-stdio.o)
                              C:/ST/STM32CubeIDE_2.1.1/STM32CubeIDE/plugins/com.st.stm32cube.ide.mcu.externaltools.gnu-tools-for-stm32.14.3.rel1.win32_1.0.100.202602081740/tools/bin/../lib/gcc/arm-none-eabi/14.3.1/../../../../arm-none-eabi/lib/thumb/v8-m.main+fp/hard\libc_nano.a(libc_a-findfp.o) (__sread)
C:/ST/STM32CubeIDE_2.1.1/STM32CubeIDE/plugins/com.st.stm32cube.ide.mcu.externaltools.gnu-tools-for-stm32.14.3.rel1.win32_1.0.100.202602081740/tools/bin/../lib/gcc/arm-none-eabi/14.3.1/../../../../arm-none-eabi/lib/thumb/v8-m.main+fp/hard\libc_nano.a(libc_a-memset.o)
                              C:/ST/STM32CubeIDE_2.1.1/STM32CubeIDE/plugins/com.st.stm32cube.ide.mcu.externaltools.gnu-tools-for-stm32.14.3.rel1.win32_1.0.100.202602081740/tools/bin/../lib/gcc/arm-none-eabi/14.3.1/../../../../arm-none-eabi/lib/thumb/v8-m.main+fp/hard/crt0.o (memset)
C:/ST/STM32CubeIDE_2.1.1/STM32CubeIDE/plugins/com.st.stm32cube.ide.mcu.externaltools.gnu-tools-for-stm32.14.3.rel1.win32_1.0.100.202602081740/tools/bin/../lib/gcc/arm-none-eabi/14.3.1/../../../../arm-none-eabi/lib/thumb/v8-m.main+fp/hard\libc_nano.a(libc_a-localeconv.o)
                              C:/ST/STM32CubeIDE_2.1.1/STM32CubeIDE/plugins/com.st.stm32cube.ide.mcu.externaltools.gnu-tools-for-stm32.14.3.rel1.win32_1.0.100.202602081740/tools/bin/../lib/gcc/arm-none-eabi/14.3.1/../../../../arm-none-eabi/lib/thumb/v8-m.main+fp/hard\libc_nano.a(libc_a-nano-vfprintf_float.o) (_localeconv_r)
[...]
Memory Configuration

Name             Origin             Length             Attributes
RAM              0x20000000         0x00030000         xrw
RAM2             0x20030000         0x00010000         xrw
FLASH            0x08000000         0x00040000         xr
*default*        0x00000000         0xffffffff

Linker script and memory map

LOAD C:/ST/STM32CubeIDE_2.1.1/STM32CubeIDE/plugins/com.st.stm32cube.ide.mcu.externaltools.gnu-tools-for-stm32.14.3.rel1.win32_1.0.100.202602081740/tools/bin/../lib/gcc/arm-none-eabi/14.3.1/thumb/v8-m.main+fp/hard/crti.o
LOAD C:/ST/STM32CubeIDE_2.1.1/STM32CubeIDE/plugins/com.st.stm32cube.ide.mcu.externaltools.gnu-tools-for-stm32.14.3.rel1.win32_1.0.100.202602081740/tools/bin/../lib/gcc/arm-none-eabi/14.3.1/thumb/v8-m.main+fp/hard/crtbegin.o
LOAD C:/ST/STM32CubeIDE_2.1.1/STM32CubeIDE/plugins/com.st.stm32cube.ide.mcu.externaltools.gnu-tools-for-stm32.14.3.rel1.win32_1.0.100.202602081740/tools/bin/../lib/gcc/arm-none-eabi/14.3.1/../../../../arm-none-eabi/lib/thumb/v8-m.main+fp/hard/crt0.o
LOAD ./Core/Src/at09_ble.o
LOAD ./Core/Src/audio_packet.o
LOAD ./Core/Src/dac.o
LOAD ./Core/Src/dma.o
LOAD ./Core/Src/gpio.o
LOAD ./Core/Src/i2c.o
LOAD ./Core/Src/icache.o
LOAD ./Core/Src/main.o
LOAD ./Core/Src/sh1106.o
LOAD ./Core/Src/stm32l5xx_hal_msp.o
LOAD ./Core/Src/stm32l5xx_it.o
LOAD ./Core/Src/syscalls.o
LOAD ./Core/Src/sysmem.o
LOAD ./Core/Src/system_stm32l5xx.o
LOAD ./Core/Src/tsc.o
LOAD ./Core/Src/usart.o
LOAD ./Core/Startup/startup_stm32l552cctx.o
LOAD ./Drivers/STM32L5xx_HAL_Driver/Src/stm32l5xx_hal.o
LOAD ./Drivers/STM32L5xx_HAL_Driver/Src/stm32l5xx_hal_cortex.o
LOAD ./Drivers/STM32L5xx_HAL_Driver/Src/stm32l5xx_hal_dac.o
LOAD ./Drivers/STM32L5xx_HAL_Driver/Src/stm32l5xx_hal_dac_ex.o
LOAD ./Drivers/STM32L5xx_HAL_Driver/Src/stm32l5xx_hal_dma.o
LOAD ./Drivers/STM32L5xx_HAL_Driver/Src/stm32l5xx_hal_dma_ex.o
LOAD ./Drivers/STM32L5xx_HAL_Driver/Src/stm32l5xx_hal_exti.o
LOAD ./Drivers/STM32L5xx_HAL_Driver/Src/stm32l5xx_hal_flash.o
LOAD ./Drivers/STM32L5xx_HAL_Driver/Src/stm32l5xx_hal_flash_ex.o
LOAD ./Drivers/STM32L5xx_HAL_Driver/Src/stm32l5xx_hal_flash_ramfunc.o
LOAD ./Drivers/STM32L5xx_HAL_Driver/Src/stm32l5xx_hal_gpio.o
LOAD ./Drivers/STM32L5xx_HAL_Driver/Src/stm32l5xx_hal_i2c.o
LOAD ./Drivers/STM32L5xx_HAL_Driver/Src/stm32l5xx_hal_i2c_ex.o
LOAD ./Drivers/STM32L5xx_HAL_Driver/Src/stm32l5xx_hal_icache.o
LOAD ./Drivers/STM32L5xx_HAL_Driver/Src/stm32l5xx_hal_pwr.o
LOAD ./Drivers/STM32L5xx_HAL_Driver/Src/stm32l5xx_hal_pwr_ex.o
LOAD ./Drivers/STM32L5xx_HAL_Driver/Src/stm32l5xx_hal_rcc.o
LOAD ./Drivers/STM32L5xx_HAL_Driver/Src/stm32l5xx_hal_rcc_ex.o
LOAD ./Drivers/STM32L5xx_HAL_Driver/Src/stm32l5xx_hal_tsc.o
LOAD ./Drivers/STM32L5xx_HAL_Driver/Src/stm32l5xx_hal_uart.o
LOAD ./Drivers/STM32L5xx_HAL_Driver/Src/stm32l5xx_hal_uart_ex.o
START GROUP
LOAD C:/ST/STM32CubeIDE_2.1.1/STM32CubeIDE/plugins/com.st.stm32cube.ide.mcu.externaltools.gnu-tools-for-stm32.14.3.rel1.win32_1.0.100.202602081740/tools/bin/../lib/gcc/arm-none-eabi/14.3.1/../../../../arm-none-eabi/lib/thumb/v8-m.main+fp/hard\libc_nano.a
LOAD C:/ST/STM32CubeIDE_2.1.1/STM32CubeIDE/plugins/com.st.stm32cube.ide.mcu.externaltools.gnu-tools-for-stm32.14.3.rel1.win32_1.0.100.202602081740/tools/bin/../lib/gcc/arm-none-eabi/14.3.1/../../../../arm-none-eabi/lib/thumb/v8-m.main+fp/hard\libm.a
END GROUP
START GROUP
LOAD C:/ST/STM32CubeIDE_2.1.1/STM32CubeIDE/plugins/com.st.stm32cube.ide.mcu.externaltools.gnu-tools-for-stm32.14.3.rel1.win32_1.0.100.202602081740/tools/bin/../lib/gcc/arm-none-eabi/14.3.1/thumb/v8-m.main+fp/hard\libgcc.a
LOAD C:/ST/STM32CubeIDE_2.1.1/STM32CubeIDE/plugins/com.st.stm32cube.ide.mcu.externaltools.gnu-tools-for-stm32.14.3.rel1.win32_1.0.100.202602081740/tools/bin/../lib/gcc/arm-none-eabi/14.3.1/../../../../arm-none-eabi/lib/thumb/v8-m.main+fp/hard\libc_nano.a
END GROUP
START GROUP
LOAD C:/ST/STM32CubeIDE_2.1.1/STM32CubeIDE/plugins/com.st.stm32cube.ide.mcu.externaltools.gnu-tools-for-stm32.14.3.rel1.win32_1.0.100.202602081740/tools/bin/../lib/gcc/arm-none-eabi/14.3.1/thumb/v8-m.main+fp/hard\libgcc.a
LOAD C:/ST/STM32CubeIDE_2.1.1/STM32CubeIDE/plugins/com.st.stm32cube.ide.mcu.externaltools.gnu-tools-for-stm32.14.3.rel1.win32_1.0.100.202602081740/tools/bin/../lib/gcc/arm-none-eabi/14.3.1/../../../../arm-none-eabi/lib/thumb/v8-m.main+fp/hard\libc_nano.a
LOAD C:/ST/STM32CubeIDE_2.1.1/STM32CubeIDE/plugins/com.st.stm32cube.ide.mcu.externaltools.gnu-tools-for-stm32.14.3.rel1.win32_1.0.100.202602081740/tools/bin/../lib/gcc/arm-none-eabi/14.3.1/../../../../arm-none-eabi/lib/thumb/v8-m.main+fp/hard\libnosys.a
END GROUP
START GROUP
LOAD C:/ST/STM32CubeIDE_2.1.1/STM32CubeIDE/plugins/com.st.stm32cube.ide.mcu.externaltools.gnu-tools-for-stm32.14.3.rel1.win32_1.0.100.202602081740/tools/bin/../lib/gcc/arm-none-eabi/14.3.1/thumb/v8-m.main+fp/hard\libgcc.a
LOAD C:/ST/STM32CubeIDE_2.1.1/STM32CubeIDE/plugins/com.st.stm32cube.ide.mcu.externaltools.gnu-tools-for-stm32.14.3.rel1.win32_1.0.100.202602081740/tools/bin/../lib/gcc/arm-none-eabi/14.3.1/../../../../arm-none-eabi/lib/thumb/v8-m.main+fp/hard\libc_nano.a
LOAD C:/ST/STM32CubeIDE_2.1.1/STM32CubeIDE/plugins/com.st.stm32cube.ide.mcu.externaltools.gnu-tools-for-stm32.14.3.rel1.win32_1.0.100.202602081740/tools/bin/../lib/gcc/arm-none-eabi/14.3.1/../../../../arm-none-eabi/lib/thumb/v8-m.main+fp/hard\libnosys.a
END GROUP
LOAD C:/ST/STM32CubeIDE_2.1.1/STM32CubeIDE/plugins/com.st.stm32cube.ide.mcu.externaltools.gnu-tools-for-stm32.14.3.rel1.win32_1.0.100.202602081740/tools/bin/../lib/gcc/arm-none-eabi/14.3.1/thumb/v8-m.main+fp/hard/crtend.o
LOAD C:/ST/STM32CubeIDE_2.1.1/STM32CubeIDE/plugins/com.st.stm32cube.ide.mcu.externaltools.gnu-tools-for-stm32.14.3.rel1.win32_1.0.100.202602081740/tools/bin/../lib/gcc/arm-none-eabi/14.3.1/thumb/v8-m.main+fp/hard/crtn.o
                0x20030000                        _estack = (ORIGIN (RAM) + LENGTH (RAM))
                0x00000200                        _Min_Heap_Size = 0x200
                0x00000400                        _Min_Stack_Size = 0x400

.isr_vector     0x08000000      0x1f4
                0x08000000                        . = ALIGN (0x4)
 *(.isr_vector)
 .isr_vector    0x08000000      0x1f4 ./Core/Startup/startup_stm32l552cctx.o
                0x08000000                g_pfnVectors
                0x080001f4                        . = ALIGN (0x4)

.text           0x080001f8     0xf7ec
                0x080001f8                        . = ALIGN (0x4)
 *(.text)
 .text          0x080001f8       0x40 C:/ST/STM32CubeIDE_2.1.1/STM32CubeIDE/plugins/com.st.stm32cube.ide.mcu.externaltools.gnu-tools-for-stm32.14.3.rel1.win32_1.0.100.202602081740/tools/bin/../lib/gcc/arm-none-eabi/14.3.1/thumb/v8-m.main+fp/hard/crtbegin.o
 .text          0x08000238       0x10 C:/ST/STM32CubeIDE_2.1.1/STM32CubeIDE/plugins/com.st.stm32cube.ide.mcu.externaltools.gnu-tools-for-stm32.14.3.rel1.win32_1.0.100.202602081740/tools/bin/../lib/gcc/arm-none-eabi/14.3.1/../../../../arm-none-eabi/lib/thumb/v8-m.main+fp/hard\libc_nano.a(libc_a-strlen.o)
                0x08000238                strlen
 .text          0x08000248      0x378 C:/ST/STM32CubeIDE_2.1.1/STM32CubeIDE/plugins/com.st.stm32cube.ide.mcu.externaltools.gnu-tools-for-stm32.14.3.rel1.win32_1.0.100.202602081740/tools/bin/../lib/gcc/arm-none-eabi/14.3.1/thumb/v8-m.main+fp/hard\libgcc.a(_arm_addsubdf3.o)
                0x08000248                __aeabi_drsub
                0x08000250                __aeabi_dsub
                0x08000250                __subdf3
                0x08000254                __aeabi_dadd
                0x08000254                __adddf3
                0x080004cc                __floatunsidf
                0x080004cc                __aeabi_ui2d
                0x080004ec                __floatsidf
                0x080004ec                __aeabi_i2d
                0x08000510                __aeabi_f2d
                0x08000510                __extendsfdf2
                0x08000554                __floatundidf
                0x08000554                __aeabi_ul2d
                0x08000564                __floatdidf
                0x08000564                __aeabi_l2d
 .text          0x080005c0      0x424 C:/ST/STM32CubeIDE_2.1.1/STM32CubeIDE/plugins/com.st.stm32cube.ide.mcu.externaltools.gnu-tools-for-stm32.14.3.rel1.win32_1.0.100.202602081740/tools/bin/../lib/gcc/arm-none-eabi/14.3.1/thumb/v8-m.main+fp/hard\libgcc.a(_arm_muldivdf3.o)
                0x080005c0                __aeabi_dmul
                0x080005c0                __muldf3
                0x08000814                __divdf3
                0x08000814                __aeabi_ddiv
 .text          0x080009e4      0x110 C:/ST/STM32CubeIDE_2.1.1/STM32CubeIDE/plugins/com.st.stm32cube.ide.mcu.externaltools.gnu-tools-for-stm32.14.3.rel1.win32_1.0.100.202602081740/tools/bin/../lib/gcc/arm-none-eabi/14.3.1/thumb/v8-m.main+fp/hard\libgcc.a(_arm_cmpdf2.o)
                0x080009e4                __gtdf2
                0x080009e4                __gedf2
                0x080009ec                __ltdf2
                0x080009ec                __ledf2
                0x080009f4                __nedf2
                0x080009f4                __eqdf2
                0x080009f4                __cmpdf2
                0x08000a70                __aeabi_cdrcmple
                0x08000a80                __aeabi_cdcmpeq
                0x08000a80                __aeabi_cdcmple
                0x08000a90                __aeabi_dcmpeq
                0x08000aa4                __aeabi_dcmplt
                0x08000ab8                __aeabi_dcmple
                0x08000acc                __aeabi_dcmpge
                0x08000ae0                __aeabi_dcmpgt
 .text          0x08000af4       0x2c C:/ST/STM32CubeIDE_2.1.1/STM32CubeIDE/plugins/com.st.stm32cube.ide.mcu.externaltools.gnu-tools-for-stm32.14.3.rel1.win32_1.0.100.202602081740/tools/bin/../lib/gcc/arm-none-eabi/14.3.1/thumb/v8-m.main+fp/hard\libgcc.a(_arm_unorddf2.o)
                0x08000af4                __unorddf2
                0x08000af4                __aeabi_dcmpun
 .text          0x08000b20       0x50 C:/ST/STM32CubeIDE_2.1.1/STM32CubeIDE/plugins/com.st.stm32cube.ide.mcu.externaltools.gnu-tools-for-stm32.14.3.rel1.win32_1.0.100.202602081740/tools/bin/../lib/gcc/arm-none-eabi/14.3.1/thumb/v8-m.main+fp/hard\libgcc.a(_arm_fixdfsi.o)
                0x08000b20                __aeabi_d2iz
                0x08000b20                __fixdfsi
 .text          0x08000b70       0x30 C:/ST/STM32CubeIDE_2.1.1/STM32CubeIDE/plugins/com.st.stm32cube.ide.mcu.externaltools.gnu-tools-for-stm32.14.3.rel1.win32_1.0.100.202602081740/tools/bin/../lib/gcc/arm-none-eabi/14.3.1/thumb/v8-m.main+fp/hard\libgcc.a(_aeabi_uldivmod.o)
                0x08000b70                __aeabi_uldivmod
 .text          0x08000ba0      0x34c C:/ST/STM32CubeIDE_2.1.1/STM32CubeIDE/plugins/com.st.stm32cube.ide.mcu.externaltools.gnu-tools-for-stm32.14.3.rel1.win32_1.0.100.202602081740/tools/bin/../lib/gcc/arm-none-eabi/14.3.1/thumb/v8-m.main+fp/hard\libgcc.a(_udivmoddi4.o)
                0x08000ba0                __udivmoddi4
 .text          0x08000eec        0x4 C:/ST/STM32CubeIDE_2.1.1/STM32CubeIDE/plugins/com.st.stm32cube.ide.mcu.externaltools.gnu-tools-for-stm32.14.3.rel1.win32_1.0.100.202602081740/tools/bin/../lib/gcc/arm-none-eabi/14.3.1/thumb/v8-m.main+fp/hard\libgcc.a(_dvmd_tls.o)
                0x08000eec                __aeabi_idiv0
                0x08000eec                __aeabi_ldiv0
 *(.text*)
 .text.AT09_Init
                0x08000ef0       0x4c ./Core/Src/at09_ble.o
                0x08000ef0                AT09_Init
 .text.AT09_SendString
                0x08000f3c       0x30 ./Core/Src/at09_ble.o
                0x08000f3c                AT09_SendString
 .text.AT09_SendBytes
                0x08000f6c       0x2c ./Core/Src/at09_ble.o
                0x08000f6c                AT09_SendBytes
 .text.AT09_SendCommand
                0x08000f98       0xe4 ./Core/Src/at09_ble.o
                0x08000f98                AT09_SendCommand
 .text.AT09_DataAvailable
                0x0800107c       0x24 ./Core/Src/at09_ble.o
                0x0800107c                AT09_DataAvailable
 .text.AT09_Read
                0x080010a0       0x64 ./Core/Src/at09_ble.o
                0x080010a0                AT09_Read
 .text.AT09_AckFrame
                0x08001104       0x18 ./Core/Src/at09_ble.o
                0x08001104                AT09_AckFrame
 .text.AT09_AckAudioPacket
                0x0800111c       0x18 ./Core/Src/at09_ble.o
                0x0800111c                AT09_AckAudioPacket
 .text.AT09_CheckFrameTimeout
                0x08001134       0x6c ./Core/Src/at09_ble.o
                0x08001134                AT09_CheckFrameTimeout
 .text.AT09_UART_RxCpltCallback
                0x080011a0      0x190 ./Core/Src/at09_ble.o
                0x080011a0                AT09_UART_RxCpltCallback
 .text.__NVIC_EnableIRQ
                0x08001330       0x3c ./Core/Src/audio_packet.o
 .text.__NVIC_SetPriority
                0x0800136c       0x54 ./Core/Src/audio_packet.o
 .text.ring_count
                0x080013c0       0x2c ./Core/Src/audio_packet.o
 .text.ring_free
                0x080013ec       0x16 ./Core/Src/audio_packet.o
 *fill*         0x08001402        0x2 
 .text.ring_push
                0x08001404       0x44 ./Core/Src/audio_packet.o
 .text.ring_pop
                0x08001448       0x44 ./Core/Src/audio_packet.o
 .text.adpcm_decode_nibble
                0x0800148c       0xf0 ./Core/Src/audio_packet.o
 .text.adpcm_encode_sample
                0x0800157c       0xb0 ./Core/Src/audio_packet.o
 .text.compute_checksum
                0x0800162c       0x42 ./Core/Src/audio_packet.o
 *fill*         0x0800166e        0x2 
 .text.TIM6_Setup
                0x08001670       0x6c ./Core/Src/audio_packet.o
 .text.Audio_Init
                0x080016dc       0x5c ./Core/Src/audio_packet.o
                0x080016dc                Audio_Init
 .text.Audio_ProcessPacket
                0x08001738      0x10c ./Core/Src/audio_packet.o
                0x08001738                Audio_ProcessPacket
 .text.Audio_StartPlayback
                0x08001844       0x30 ./Core/Src/audio_packet.o
                0x08001844                Audio_StartPlayback
 .text.Audio_StopPlayback
                0x08001874       0x34 ./Core/Src/audio_packet.o
                0x08001874                Audio_StopPlayback
 .text.Audio_IsPlaying
                0x080018a8       0x18 ./Core/Src/audio_packet.o
                0x080018a8                Audio_IsPlaying
 .text.TIM6_IRQHandler
                0x080018c0       0x44 ./Core/Src/audio_packet.o
                0x080018c0                TIM6_IRQHandler
 .text.Audio_GenerateFakePacket
                0x08001904      0x1d8 ./Core/Src/audio_packet.o
                0x08001904                Audio_GenerateFakePacket
 .text.Audio_FeedFakeData
                0x08001adc       0x40 ./Core/Src/audio_packet.o
                0x08001adc                Audio_FeedFakeData
 .text.Audio_FeedLastPacket
                0x08001b1c       0x34 ./Core/Src/audio_packet.o
                0x08001b1c                Audio_FeedLastPacket
 .text.MX_DAC1_Init
                0x08001b50       0x68 ./Core/Src/dac.o
                0x08001b50                MX_DAC1_Init
 .text.HAL_DAC_MspInit
                0x08001bb8       0x80 ./Core/Src/dac.o
                0x08001bb8                HAL_DAC_MspInit
 .text.MX_DMA_Init
                0x08001c38       0x64 ./Core/Src/dma.o
                0x08001c38                MX_DMA_Init
 .text.MX_GPIO_Init
                0x08001c9c       0x78 ./Core/Src/gpio.o
                0x08001c9c                MX_GPIO_Init
 .text.MX_I2C2_Init
                0x08001d14       0x80 ./Core/Src/i2c.o
                0x08001d14                MX_I2C2_Init
 .text.HAL_I2C_MspInit
                0x08001d94       0xbc ./Core/Src/i2c.o
                0x08001d94                HAL_I2C_MspInit
 .text.MX_ICACHE_Init
                0x08001e50       0x16 ./Core/Src/icache.o
                0x08001e50                MX_ICACHE_Init
 .text.DrawCuteEye
                0x08001e66      0x406 ./Core/Src/main.o
 .text.DrawFace
                0x0800226c       0x46 ./Core/Src/main.o
 .text.BT_ProtocolChecksum
                0x080022b2       0x48 ./Core/Src/main.o
 .text.BT_ProtocolClampU16
                0x080022fa       0x26 ./Core/Src/main.o
 .text.BT_ProtocolWriteU16LE
                0x08002320       0x2e ./Core/Src/main.o
 .text.BT_ProtocolWriteU32LE
                0x0800234e       0x42 ./Core/Src/main.o
 .text.BT_ProtocolReadU32LE
                0x08002390       0x38 ./Core/Src/main.o
 .text.BT05_FindBaudSetting
                0x080023c8       0x44 ./Core/Src/main.o
 .text.BT05_ReconfigureLocalUart
                0x0800240c       0x88 ./Core/Src/main.o
 .text.BT05_ConfigureBaud
                0x08002494       0xe8 ./Core/Src/main.o
 .text.BT_ProtocolResetParser
                0x0800257c       0x2c ./Core/Src/main.o
 .text.BT_ProtocolSendFrame
                0x080025a8       0x7e ./Core/Src/main.o
 .text.BT_ProtocolSendFaceState
                0x08002626       0x24 ./Core/Src/main.o
 *fill*         0x0800264a        0x2 
 .text.BT_ProtocolSendTouchState
                0x0800264c       0x6c ./Core/Src/main.o
 .text.BT_ProtocolSendStatus
                0x080026b8       0xdc ./Core/Src/main.o
 .text.BT_ProtocolSendPong
                0x08002794       0x2a ./Core/Src/main.o
 .text.BT_ProtocolSendBt05BaudResult
                0x080027be       0x34 ./Core/Src/main.o
 *fill*         0x080027f2        0x2 
 .text.BT_ProtocolHandleFrame
                0x080027f4       0x98 ./Core/Src/main.o
 .text.BT_ProtocolProcessByte
                0x0800288c      0x11c ./Core/Src/main.o
 .text.DrawBlinkEyes
                0x080029a8       0x36 ./Core/Src/main.o
 *fill*         0x080029de        0x2 
 .text.Blink_Process
                0x080029e0       0x7c ./Core/Src/main.o
 .text.SetFaceState
                0x08002a5c       0x78 ./Core/Src/main.o
 .text.Touch_ReadRaw
                0x08002ad4       0x50 ./Core/Src/main.o
 .text.Touch_InitBaseline
                0x08002b24       0x98 ./Core/Src/main.o
 .text.Touch_Process
                0x08002bbc      0x150 ./Core/Src/main.o
 .text.main     0x08002d0c      0x278 ./Core/Src/main.o
                0x08002d0c                main
 .text.SystemClock_Config
                0x08002f84       0xa2 ./Core/Src/main.o
                0x08002f84                SystemClock_Config
 .text.HAL_UART_RxCpltCallback
                0x08003026       0x16 ./Core/Src/main.o
                0x08003026                HAL_UART_RxCpltCallback
 .text.Error_Handler
                0x0800303c        0xc ./Core/Src/main.o
                0x0800303c                Error_Handler
 .text.SH1106_Init
                0x08003048      0x148 ./Core/Src/sh1106.o
                0x08003048                SH1106_Init
 .text.SH1106_UpdateScreen
                0x08003190       0x5c ./Core/Src/sh1106.o
                0x08003190                SH1106_UpdateScreen
 .text.SH1106_Fill
                0x080031ec       0x30 ./Core/Src/sh1106.o
                0x080031ec                SH1106_Fill
 .text.SH1106_DrawPixel
                0x0800321c       0xc0 ./Core/Src/sh1106.o
                0x0800321c                SH1106_DrawPixel
 .text.SH1106_DrawLine
                0x080032dc      0x1f6 ./Core/Src/sh1106.o
                0x080032dc                SH1106_DrawLine
 .text.SH1106_DrawFilledRectangle
                0x080034d2       0x9a ./Core/Src/sh1106.o
                0x080034d2                SH1106_DrawFilledRectangle
 .text.SH1106_DrawFilledCircle
                0x0800356c      0x1b6 ./Core/Src/sh1106.o
                0x0800356c                SH1106_DrawFilledCircle
 *fill*         0x08003722        0x2 
 .text.SH1106_I2C_WriteMulti
                0x08003724       0xcc ./Core/Src/sh1106.o
                0x08003724                SH1106_I2C_WriteMulti
 .text.SH1106_I2C_Write
                0x080037f0       0x3c ./Core/Src/sh1106.o
                0x080037f0                SH1106_I2C_Write
 .text.DispatchNext
                0x0800382c       0x70 ./Core/Src/sh1106.o
 .text.Enqueue  0x0800389c       0x9c ./Core/Src/sh1106.o
 .text.HAL_I2C_MasterTxCpltCallback
                0x08003938       0x5c ./Core/Src/sh1106.o
                0x08003938                HAL_I2C_MasterTxCpltCallback
 .text.SetCursorQueued
                0x08003994       0x5e ./Core/Src/sh1106.o
 *fill*         0x080039f2        0x2 
 .text.SH1106_UpdateScreenDMA
                0x080039f4       0x60 ./Core/Src/sh1106.o
                0x080039f4                SH1106_UpdateScreenDMA
 .text.SH1106_SetBufferAndFlush
                0x08003a54       0xb8 ./Core/Src/sh1106.o
                0x08003a54                SH1106_SetBufferAndFlush
 .text.HAL_MspInit
                0x08003b0c       0x48 ./Core/Src/stm32l5xx_hal_msp.o
                0x08003b0c                HAL_MspInit
 .text.NMI_Handler
                0x08003b54        0x8 ./Core/Src/stm32l5xx_it.o
                0x08003b54                NMI_Handler
 .text.HardFault_Handler
                0x08003b5c        0x8 ./Core/Src/stm32l5xx_it.o
                0x08003b5c                HardFault_Handler
 .text.MemManage_Handler
                0x08003b64        0x8 ./Core/Src/stm32l5xx_it.o
                0x08003b64                MemManage_Handler
 .text.BusFault_Handler
                0x08003b6c        0x8 ./Core/Src/stm32l5xx_it.o
                0x08003b6c                BusFault_Handler
 .text.UsageFault_Handler
                0x08003b74        0x8 ./Core/Src/stm32l5xx_it.o
                0x08003b74                UsageFault_Handler
 .text.SVC_Handler
                0x08003b7c        0xe ./Core/Src/stm32l5xx_it.o
                0x08003b7c                SVC_Handler
 .text.DebugMon_Handler
                0x08003b8a        0xe ./Core/Src/stm32l5xx_it.o
                0x08003b8a                DebugMon_Handler
 .text.PendSV_Handler
                0x08003b98        0xe ./Core/Src/stm32l5xx_it.o
                0x08003b98                PendSV_Handler
 .text.SysTick_Handler
                0x08003ba6        0xc ./Core/Src/stm32l5xx_it.o
                0x08003ba6                SysTick_Handler
 *fill*         0x08003bb2        0x2 
 .text.DMA1_Channel1_IRQHandler
                0x08003bb4       0x14 ./Core/Src/stm32l5xx_it.o
                0x08003bb4                DMA1_Channel1_IRQHandler
 .text.DMA1_Channel2_IRQHandler
                0x08003bc8       0x14 ./Core/Src/stm32l5xx_it.o
                0x08003bc8                DMA1_Channel2_IRQHandler
 .text.USART1_IRQHandler
                0x08003bdc       0x14 ./Core/Src/stm32l5xx_it.o
                0x08003bdc                USART1_IRQHandler
 .text.USART2_IRQHandler
                0x08003bf0       0x14 ./Core/Src/stm32l5xx_it.o
                0x08003bf0                USART2_IRQHandler
 .text._getpid  0x08003c04       0x10 ./Core/Src/syscalls.o
                0x08003c04                _getpid
 .text._kill    0x08003c14       0x20 ./Core/Src/syscalls.o
                0x08003c14                _kill
 .text._exit    0x08003c34       0x16 ./Core/Src/syscalls.o
                0x08003c34                _exit
 .text._read    0x08003c4a       0x3a ./Core/Src/syscalls.o
                0x08003c4a                _read
 .text._write   0x08003c84       0x38 ./Core/Src/syscalls.o
                0x08003c84                _write
 .text._close   0x08003cbc       0x18 ./Core/Src/syscalls.o
                0x08003cbc                _close
 .text._fstat   0x08003cd4       0x20 ./Core/Src/syscalls.o
                0x08003cd4                _fstat
 .text._isatty  0x08003cf4       0x16 ./Core/Src/syscalls.o
                0x08003cf4                _isatty
 .text._lseek   0x08003d0a       0x1a ./Core/Src/syscalls.o
                0x08003d0a                _lseek
 .text._sbrk    0x08003d24       0x6c ./Core/Src/sysmem.o
                0x08003d24                _sbrk
 .text.SystemInit
                0x08003d90       0x2c ./Core/Src/system_stm32l5xx.o
                0x08003d90                SystemInit
 .text.SystemCoreClockUpdate
                0x08003dbc      0x158 ./Core/Src/system_stm32l5xx.o
                0x08003dbc                SystemCoreClockUpdate
 .text.MX_TSC_Init
                0x08003f14       0x84 ./Core/Src/tsc.o
                0x08003f14                MX_TSC_Init
 .text.HAL_TSC_MspInit
                0x08003f98       0xac ./Core/Src/tsc.o
                0x08003f98                HAL_TSC_MspInit
 .text.MX_USART1_UART_Init
                0x08004044       0x98 ./Core/Src/usart.o
                0x08004044                MX_USART1_UART_Init
 .text.MX_USART2_UART_Init
                0x080040dc       0x98 ./Core/Src/usart.o
                0x080040dc                MX_USART2_UART_Init
 .text.HAL_UART_MspInit
                0x08004174      0x254 ./Core/Src/usart.o
                0x08004174                HAL_UART_MspInit
 .text.HAL_UART_MspDeInit
                0x080043c8       0x8c ./Core/Src/usart.o
                0x080043c8                HAL_UART_MspDeInit
 .text.Reset_Handler
                0x08004454       0x50 ./Core/Startup/startup_stm32l552cctx.o
                0x08004454                Reset_Handler
 .text.Default_Handler
                0x080044a4        0x2 ./Core/Startup/startup_stm32l552cctx.o
                0x080044a4                EXTI2_IRQHandler
                0x080044a4                TIM8_TRG_COM_IRQHandler
                0x080044a4                TIM8_CC_IRQHandler
                0x080044a4                EXTI5_IRQHandler
                0x080044a4                FLASH_S_IRQHandler
                0x080044a4                EXTI13_IRQHandler
                0x080044a4                TIM1_CC_IRQHandler
                0x080044a4                TSC_IRQHandler
                0x080044a4                TAMP_IRQHandler
                0x080044a4                EXTI12_IRQHandler
                0x080044a4                DMA2_Channel8_IRQHandler
                0x080044a4                EXTI3_IRQHandler
                0x080044a4                EXTI8_IRQHandler
                0x080044a4                LPTIM2_IRQHandler
                0x080044a4                DFSDM1_FLT1_IRQHandler
                0x080044a4                USB_FS_IRQHandler
                0x080044a4                I2C3_ER_IRQHandler
                0x080044a4                DFSDM1_FLT2_IRQHandler
                0x080044a4                DMAMUX1_IRQHandler
                0x080044a4                LPTIM3_IRQHandler
                0x080044a4                EXTI0_IRQHandler
                0x080044a4                I2C2_EV_IRQHandler
                0x080044a4                FPU_IRQHandler
                0x080044a4                FDCAN1_IT1_IRQHandler
                0x080044a4                ADC1_2_IRQHandler
                0x080044a4                SPI1_IRQHandler
                0x080044a4                OCTOSPI1_IRQHandler
                0x080044a4                TIM8_UP_IRQHandler
                0x080044a4                RCC_S_IRQHandler
                0x080044a4                DMA2_Channel2_IRQHandler
                0x080044a4                DMA1_Channel4_IRQHandler
                0x080044a4                SAI2_IRQHandler
                0x080044a4                DFSDM1_FLT3_IRQHandler
                0x080044a4                EXTI15_IRQHandler
                0x080044a4                TIM17_IRQHandler
                0x080044a4                USART3_IRQHandler
                0x080044a4                RTC_IRQHandler
                0x080044a4                EXTI9_IRQHandler
                0x080044a4                DMA1_Channel7_IRQHandler
                0x080044a4                UART5_IRQHandler
                0x080044a4                TIM4_IRQHandler
                0x080044a4                DMA2_Channel1_IRQHandler
                0x080044a4                I2C1_EV_IRQHandler
                0x080044a4                DMA1_Channel6_IRQHandler
                0x080044a4                TIM16_IRQHandler
                0x080044a4                UART4_IRQHandler
                0x080044a4                DMA2_Channel4_IRQHandler
                0x080044a4                SecureFault_Handler
                0x080044a4                TIM3_IRQHandler
                0x080044a4                RCC_IRQHandler
                0x080044a4                TIM1_TRG_COM_IRQHandler
                0x080044a4                Default_Handler
                0x080044a4                DMA2_Channel7_IRQHandler
                0x080044a4                DMA1_Channel8_IRQHandler
                0x080044a4                TIM7_IRQHandler
                0x080044a4                SDMMC1_IRQHandler
                0x080044a4                TIM5_IRQHandler
                0x080044a4                UCPD1_IRQHandler
                0x080044a4                TIM15_IRQHandler
                0x080044a4                I2C3_EV_IRQHandler
                0x080044a4                PVD_PVM_IRQHandler
                0x080044a4                SPI2_IRQHandler
                0x080044a4                EXTI14_IRQHandler
                0x080044a4                EXTI11_IRQHandler
                0x080044a4                DMA2_Channel5_IRQHandler
                0x080044a4                CRS_IRQHandler
                0x080044a4                DMA1_Channel5_IRQHandler
                0x080044a4                EXTI4_IRQHandler
                0x080044a4                RTC_S_IRQHandler
                0x080044a4                RNG_IRQHandler
                0x080044a4                DMAMUX1_S_IRQHandler
                0x080044a4                DMA1_Channel3_IRQHandler
                0x080044a4                COMP_IRQHandler
                0x080044a4                TIM1_UP_IRQHandler
                0x080044a4                WWDG_IRQHandler
                0x080044a4                I2C4_EV_IRQHandler
                0x080044a4                LPUART1_IRQHandler
                0x080044a4                DMA2_Channel6_IRQHandler
                0x080044a4                FDCAN1_IT0_IRQHandler
                0x080044a4                TIM2_IRQHandler
                0x080044a4                TAMP_S_IRQHandler
                0x080044a4                EXTI7_IRQHandler
                0x080044a4                TIM1_BRK_IRQHandler
                0x080044a4                DAC_IRQHandler
                0x080044a4                EXTI1_IRQHandler
                0x080044a4                GTZC_IRQHandler
                0x080044a4                DFSDM1_FLT0_IRQHandler
                0x080044a4                I2C2_ER_IRQHandler
                0x080044a4                TIM8_BRK_IRQHandler
                0x080044a4                FLASH_IRQHandler
                0x080044a4                EXTI10_IRQHandler
                0x080044a4                SPI3_IRQHandler
                0x080044a4                I2C1_ER_IRQHandler
                0x080044a4                FMC_IRQHandler
                0x080044a4                EXTI6_IRQHandler
                0x080044a4                LPTIM1_IRQHandler
                0x080044a4                I2C4_ER_IRQHandler
                0x080044a4                ICACHE_IRQHandler
                0x080044a4                SAI1_IRQHandler
                0x080044a4                HASH_IRQHandler
                0x080044a4                DMA2_Channel3_IRQHandler
 .text.HAL_Init
                0x080044a6       0x34 ./Drivers/STM32L5xx_HAL_Driver/Src/stm32l5xx_hal.o
                0x080044a6                HAL_Init
 *fill*         0x080044da        0x2 
 .text.HAL_InitTick
                0x080044dc       0x78 ./Drivers/STM32L5xx_HAL_Driver/Src/stm32l5xx_hal.o
                0x080044dc                HAL_InitTick
 .text.HAL_IncTick
                0x08004554       0x28 ./Drivers/STM32L5xx_HAL_Driver/Src/stm32l5xx_hal.o
                0x08004554                HAL_IncTick
 .text.HAL_GetTick
                0x0800457c       0x18 ./Drivers/STM32L5xx_HAL_Driver/Src/stm32l5xx_hal.o
                0x0800457c                HAL_GetTick
 .text.HAL_Delay
                0x08004594       0x48 ./Drivers/STM32L5xx_HAL_Driver/Src/stm32l5xx_hal.o
                0x08004594                HAL_Delay
 .text.__NVIC_SetPriorityGrouping
                0x080045dc       0x48 ./Drivers/STM32L5xx_HAL_Driver/Src/stm32l5xx_hal_cortex.o
 .text.__NVIC_GetPriorityGrouping
                0x08004624       0x1c ./Drivers/STM32L5xx_HAL_Driver/Src/stm32l5xx_hal_cortex.o
 .text.__NVIC_EnableIRQ
                0x08004640       0x3c ./Drivers/STM32L5xx_HAL_Driver/Src/stm32l5xx_hal_cortex.o
 .text.__NVIC_DisableIRQ
                0x0800467c       0x48 ./Drivers/STM32L5xx_HAL_Driver/Src/stm32l5xx_hal_cortex.o
 .text.__NVIC_SetPriority
                0x080046c4       0x54 ./Drivers/STM32L5xx_HAL_Driver/Src/stm32l5xx_hal_cortex.o
 .text.NVIC_EncodePriority
                0x08004718       0x66 ./Drivers/STM32L5xx_HAL_Driver/Src/stm32l5xx_hal_cortex.o
 *fill*         0x0800477e        0x2 
 .text.SysTick_Config
                0x08004780       0x44 ./Drivers/STM32L5xx_HAL_Driver/Src/stm32l5xx_hal_cortex.o
 .text.HAL_NVIC_SetPriorityGrouping
                0x080047c4       0x16 ./Drivers/STM32L5xx_HAL_Driver/Src/stm32l5xx_hal_cortex.o
                0x080047c4                HAL_NVIC_SetPriorityGrouping
 .text.HAL_NVIC_SetPriority
                0x080047da       0x34 ./Drivers/STM32L5xx_HAL_Driver/Src/stm32l5xx_hal_cortex.o
                0x080047da                HAL_NVIC_SetPriority
 .text.HAL_NVIC_EnableIRQ
                0x0800480e       0x1c ./Drivers/STM32L5xx_HAL_Driver/Src/stm32l5xx_hal_cortex.o
                0x0800480e                HAL_NVIC_EnableIRQ
 .text.HAL_NVIC_DisableIRQ
                0x0800482a       0x1c ./Drivers/STM32L5xx_HAL_Driver/Src/stm32l5xx_hal_cortex.o
                0x0800482a                HAL_NVIC_DisableIRQ
 .text.HAL_SYSTICK_Config
                0x08004846       0x18 ./Drivers/STM32L5xx_HAL_Driver/Src/stm32l5xx_hal_cortex.o
                0x08004846                HAL_SYSTICK_Config
 .text.HAL_DAC_Init
                0x0800485e       0x44 ./Drivers/STM32L5xx_HAL_Driver/Src/stm32l5xx_hal_dac.o
                0x0800485e                HAL_DAC_Init
 .text.HAL_DAC_Start
                0x080048a2       0xae ./Drivers/STM32L5xx_HAL_Driver/Src/stm32l5xx_hal_dac.o
                0x080048a2                HAL_DAC_Start
 .text.HAL_DAC_ConfigChannel
                0x08004950      0x2a0 ./Drivers/STM32L5xx_HAL_Driver/Src/stm32l5xx_hal_dac.o
                0x08004950                HAL_DAC_ConfigChannel
 .text.HAL_DMA_Init
                0x08004bf0      0x150 ./Drivers/STM32L5xx_HAL_Driver/Src/stm32l5xx_hal_dma.o
                0x08004bf0                HAL_DMA_Init
 .text.HAL_DMA_DeInit
                0x08004d40      0x138 ./Drivers/STM32L5xx_HAL_Driver/Src/stm32l5xx_hal_dma.o
                0x08004d40                HAL_DMA_DeInit
 .text.HAL_DMA_Start_IT
                0x08004e78       0xf6 ./Drivers/STM32L5xx_HAL_Driver/Src/stm32l5xx_hal_dma.o
                0x08004e78                HAL_DMA_Start_IT
 .text.HAL_DMA_Abort
                0x08004f6e       0xb8 ./Drivers/STM32L5xx_HAL_Driver/Src/stm32l5xx_hal_dma.o
                0x08004f6e                HAL_DMA_Abort
 .text.HAL_DMA_Abort_IT
                0x08005026       0xbe ./Drivers/STM32L5xx_HAL_Driver/Src/stm32l5xx_hal_dma.o
                0x08005026                HAL_DMA_Abort_IT
 .text.HAL_DMA_IRQHandler
                0x080050e4      0x200 ./Drivers/STM32L5xx_HAL_Driver/Src/stm32l5xx_hal_dma.o
                0x080050e4                HAL_DMA_IRQHandler
 .text.HAL_DMA_GetState
                0x080052e4       0x1c ./Drivers/STM32L5xx_HAL_Driver/Src/stm32l5xx_hal_dma.o
                0x080052e4                HAL_DMA_GetState
 .text.HAL_DMA_GetError
                0x08005300       0x18 ./Drivers/STM32L5xx_HAL_Driver/Src/stm32l5xx_hal_dma.o
                0x08005300                HAL_DMA_GetError
 .text.HAL_DMA_ConfigChannelAttributes
                0x08005318       0x60 ./Drivers/STM32L5xx_HAL_Driver/Src/stm32l5xx_hal_dma.o
                0x08005318                HAL_DMA_ConfigChannelAttributes
 .text.DMA_SetConfig
                0x08005378       0x7c ./Drivers/STM32L5xx_HAL_Driver/Src/stm32l5xx_hal_dma.o
 .text.DMA_CalcDMAMUXChannelBaseAndMask
                0x080053f4       0x7c ./Drivers/STM32L5xx_HAL_Driver/Src/stm32l5xx_hal_dma.o
 .text.DMA_CalcDMAMUXRequestGenBaseAndMask
                0x08005470       0x48 ./Drivers/STM32L5xx_HAL_Driver/Src/stm32l5xx_hal_dma.o
 .text.HAL_GPIO_Init
                0x080054b8      0x314 ./Drivers/STM32L5xx_HAL_Driver/Src/stm32l5xx_hal_gpio.o
                0x080054b8                HAL_GPIO_Init
 .text.HAL_GPIO_DeInit
                0x080057cc      0x1dc ./Drivers/STM32L5xx_HAL_Driver/Src/stm32l5xx_hal_gpio.o
                0x080057cc                HAL_GPIO_DeInit
 .text.HAL_I2C_Init
                0x080059a8      0x136 ./Drivers/STM32L5xx_HAL_Driver/Src/stm32l5xx_hal_i2c.o
                0x080059a8                HAL_I2C_Init
 *fill*         0x08005ade        0x2 
 .text.HAL_I2C_Master_Transmit
                0x08005ae0      0x230 ./Drivers/STM32L5xx_HAL_Driver/Src/stm32l5xx_hal_i2c.o
                0x08005ae0                HAL_I2C_Master_Transmit
 .text.HAL_I2C_Master_Transmit_DMA
                0x08005d10      0x228 ./Drivers/STM32L5xx_HAL_Driver/Src/stm32l5xx_hal_i2c.o
                0x08005d10                HAL_I2C_Master_Transmit_DMA
 .text.HAL_I2C_IsDeviceReady
                0x08005f38      0x1e8 ./Drivers/STM32L5xx_HAL_Driver/Src/stm32l5xx_hal_i2c.o
                0x08005f38                HAL_I2C_IsDeviceReady
 .text.HAL_I2C_MasterRxCpltCallback
                0x08006120       0x14 ./Drivers/STM32L5xx_HAL_Driver/Src/stm32l5xx_hal_i2c.o
                0x08006120                HAL_I2C_MasterRxCpltCallback
 .text.HAL_I2C_SlaveTxCpltCallback
                0x08006134       0x14 ./Drivers/STM32L5xx_HAL_Driver/Src/stm32l5xx_hal_i2c.o
                0x08006134                HAL_I2C_SlaveTxCpltCallback
 .text.HAL_I2C_SlaveRxCpltCallback
                0x08006148       0x14 ./Drivers/STM32L5xx_HAL_Driver/Src/stm32l5xx_hal_i2c.o
                0x08006148                HAL_I2C_SlaveRxCpltCallback
 .text.HAL_I2C_AddrCallback
                0x0800615c       0x1c ./Drivers/STM32L5xx_HAL_Driver/Src/stm32l5xx_hal_i2c.o
                0x0800615c                HAL_I2C_AddrCallback
 .text.HAL_I2C_ListenCpltCallback
                0x08006178       0x14 ./Drivers/STM32L5xx_HAL_Driver/Src/stm32l5xx_hal_i2c.o
                0x08006178                HAL_I2C_ListenCpltCallback
 .text.HAL_I2C_MemTxCpltCallback
                0x0800618c       0x14 ./Drivers/STM32L5xx_HAL_Driver/Src/stm32l5xx_hal_i2c.o
                0x0800618c                HAL_I2C_MemTxCpltCallback
 .text.HAL_I2C_MemRxCpltCallback
                0x080061a0       0x14 ./Drivers/STM32L5xx_HAL_Driver/Src/stm32l5xx_hal_i2c.o
                0x080061a0                HAL_I2C_MemRxCpltCallback
 .text.HAL_I2C_ErrorCallback
                0x080061b4       0x14 ./Drivers/STM32L5xx_HAL_Driver/Src/stm32l5xx_hal_i2c.o
                0x080061b4                HAL_I2C_ErrorCallback
 .text.HAL_I2C_AbortCpltCallback
                0x080061c8       0x14 ./Drivers/STM32L5xx_HAL_Driver/Src/stm32l5xx_hal_i2c.o
                0x080061c8                HAL_I2C_AbortCpltCallback
 .text.I2C_Master_ISR_IT
                0x080061dc      0x268 ./Drivers/STM32L5xx_HAL_Driver/Src/stm32l5xx_hal_i2c.o
 .text.I2C_Slave_ISR_IT
                0x08006444      0x208 ./Drivers/STM32L5xx_HAL_Driver/Src/stm32l5xx_hal_i2c.o
 .text.I2C_Master_ISR_DMA
                0x0800664c      0x1e6 ./Drivers/STM32L5xx_HAL_Driver/Src/stm32l5xx_hal_i2c.o
 *fill*         0x08006832        0x2 
 .text.I2C_Mem_ISR_DMA
                0x08006834      0x260 ./Drivers/STM32L5xx_HAL_Driver/Src/stm32l5xx_hal_i2c.o
 .text.I2C_Slave_ISR_DMA
                0x08006a94      0x1c2 ./Drivers/STM32L5xx_HAL_Driver/Src/stm32l5xx_hal_i2c.o
 .text.I2C_ITAddrCplt
                0x08006c56      0x108 ./Drivers/STM32L5xx_HAL_Driver/Src/stm32l5xx_hal_i2c.o
 .text.I2C_ITMasterSeqCplt
                0x08006d5e       0x7a ./Drivers/STM32L5xx_HAL_Driver/Src/stm32l5xx_hal_i2c.o
 .text.I2C_ITSlaveSeqCplt
                0x08006dd8       0xbc ./Drivers/STM32L5xx_HAL_Driver/Src/stm32l5xx_hal_i2c.o
 .text.I2C_ITMasterCplt
                0x08006e94      0x194 ./Drivers/STM32L5xx_HAL_Driver/Src/stm32l5xx_hal_i2c.o
 .text.I2C_ITSlaveCplt
                0x08007028      0x2d4 ./Drivers/STM32L5xx_HAL_Driver/Src/stm32l5xx_hal_i2c.o
 .text.I2C_ITListenCplt
                0x080072fc       0xac ./Drivers/STM32L5xx_HAL_Driver/Src/stm32l5xx_hal_i2c.o
 .text.I2C_ITError
                0x080073a8      0x1e0 ./Drivers/STM32L5xx_HAL_Driver/Src/stm32l5xx_hal_i2c.o
 .text.I2C_TreatErrorCallback
                0x08007588       0x4e ./Drivers/STM32L5xx_HAL_Driver/Src/stm32l5xx_hal_i2c.o
 .text.I2C_Flush_TXDR
                0x080075d6       0x48 ./Drivers/STM32L5xx_HAL_Driver/Src/stm32l5xx_hal_i2c.o
 .text.I2C_DMAMasterTransmitCplt
                0x0800761e       0x96 ./Drivers/STM32L5xx_HAL_Driver/Src/stm32l5xx_hal_i2c.o
 .text.I2C_DMAError
                0x080076b4       0x2e ./Drivers/STM32L5xx_HAL_Driver/Src/stm32l5xx_hal_i2c.o
 .text.I2C_DMAAbort
                0x080076e2       0x3c ./Drivers/STM32L5xx_HAL_Driver/Src/stm32l5xx_hal_i2c.o
 .text.I2C_WaitOnFlagUntilTimeout
                0x0800771e       0xb2 ./Drivers/STM32L5xx_HAL_Driver/Src/stm32l5xx_hal_i2c.o
 .text.I2C_WaitOnTXISFlagUntilTimeout
                0x080077d0       0x8e ./Drivers/STM32L5xx_HAL_Driver/Src/stm32l5xx_hal_i2c.o
 .text.I2C_WaitOnSTOPFlagUntilTimeout
                0x0800785e       0x86 ./Drivers/STM32L5xx_HAL_Driver/Src/stm32l5xx_hal_i2c.o
 .text.I2C_IsErrorOccurred
                0x080078e4      0x1c0 ./Drivers/STM32L5xx_HAL_Driver/Src/stm32l5xx_hal_i2c.o
 .text.I2C_TransferConfig
                0x08007aa4       0x64 ./Drivers/STM32L5xx_HAL_Driver/Src/stm32l5xx_hal_i2c.o
 .text.I2C_Enable_IRQ
                0x08007b08      0x108 ./Drivers/STM32L5xx_HAL_Driver/Src/stm32l5xx_hal_i2c.o
 .text.I2C_Disable_IRQ
                0x08007c10       0xbc ./Drivers/STM32L5xx_HAL_Driver/Src/stm32l5xx_hal_i2c.o
 .text.HAL_I2CEx_ConfigAnalogFilter
                0x08007ccc       0x96 ./Drivers/STM32L5xx_HAL_Driver/Src/stm32l5xx_hal_i2c_ex.o
                0x08007ccc                HAL_I2CEx_ConfigAnalogFilter
 .text.HAL_I2CEx_ConfigDigitalFilter
                0x08007d62       0x98 ./Drivers/STM32L5xx_HAL_Driver/Src/stm32l5xx_hal_i2c_ex.o
                0x08007d62                HAL_I2CEx_ConfigDigitalFilter
 *fill*         0x08007dfa        0x2 
 .text.HAL_ICACHE_Enable
                0x08007dfc       0x20 ./Drivers/STM32L5xx_HAL_Driver/Src/stm32l5xx_hal_icache.o
                0x08007dfc                HAL_ICACHE_Enable
 .text.HAL_PWREx_GetVoltageRange
                0x08007e1c       0x1c ./Drivers/STM32L5xx_HAL_Driver/Src/stm32l5xx_hal_pwr_ex.o
                0x08007e1c                HAL_PWREx_GetVoltageRange
 .text.HAL_PWREx_ControlVoltageScaling
                0x08007e38       0xb8 ./Drivers/STM32L5xx_HAL_Driver/Src/stm32l5xx_hal_pwr_ex.o
                0x08007e38                HAL_PWREx_ControlVoltageScaling
 .text.HAL_PWREx_DisableUCPDDeadBattery
                0x08007ef0       0x20 ./Drivers/STM32L5xx_HAL_Driver/Src/stm32l5xx_hal_pwr_ex.o
                0x08007ef0                HAL_PWREx_DisableUCPDDeadBattery
 .text.HAL_PWREx_SMPS_GetEffectiveMode
                0x08007f10       0x48 ./Drivers/STM32L5xx_HAL_Driver/Src/stm32l5xx_hal_pwr_ex.o
                0x08007f10                HAL_PWREx_SMPS_GetEffectiveMode
 .text.HAL_RCC_OscConfig
                0x08007f58      0x9ac ./Drivers/STM32L5xx_HAL_Driver/Src/stm32l5xx_hal_rcc.o
                0x08007f58                HAL_RCC_OscConfig
 .text.HAL_RCC_ClockConfig
                0x08008904      0x270 ./Drivers/STM32L5xx_HAL_Driver/Src/stm32l5xx_hal_rcc.o
                0x08008904                HAL_RCC_ClockConfig
 .text.HAL_RCC_GetSysClockFreq
                0x08008b74      0x138 ./Drivers/STM32L5xx_HAL_Driver/Src/stm32l5xx_hal_rcc.o
                0x08008b74                HAL_RCC_GetSysClockFreq
 .text.HAL_RCC_GetHCLKFreq
                0x08008cac       0x28 ./Drivers/STM32L5xx_HAL_Driver/Src/stm32l5xx_hal_rcc.o
                0x08008cac                HAL_RCC_GetHCLKFreq
 .text.HAL_RCC_GetPCLK1Freq
                0x08008cd4       0x28 ./Drivers/STM32L5xx_HAL_Driver/Src/stm32l5xx_hal_rcc.o
                0x08008cd4                HAL_RCC_GetPCLK1Freq
 .text.HAL_RCC_GetPCLK2Freq
                0x08008cfc       0x28 ./Drivers/STM32L5xx_HAL_Driver/Src/stm32l5xx_hal_rcc.o
                0x08008cfc                HAL_RCC_GetPCLK2Freq
 .text.RCC_SetFlashLatencyFromMSIRange
                0x08008d24       0xc8 ./Drivers/STM32L5xx_HAL_Driver/Src/stm32l5xx_hal_rcc.o
 .text.RCC_GetSysClockFreqFromPLLSource
                0x08008dec       0xd8 ./Drivers/STM32L5xx_HAL_Driver/Src/stm32l5xx_hal_rcc.o
 .text.HAL_RCCEx_PeriphCLKConfig
                0x08008ec4      0x708 ./Drivers/STM32L5xx_HAL_Driver/Src/stm32l5xx_hal_rcc_ex.o
                0x08008ec4                HAL_RCCEx_PeriphCLKConfig
 .text.RCCEx_PLLSAI1_Config
                0x080095cc      0x1cc ./Drivers/STM32L5xx_HAL_Driver/Src/stm32l5xx_hal_rcc_ex.o
 .text.RCCEx_PLLSAI2_Config
                0x08009798      0x158 ./Drivers/STM32L5xx_HAL_Driver/Src/stm32l5xx_hal_rcc_ex.o
 .text.HAL_TSC_Init
                0x080098f0      0x100 ./Drivers/STM32L5xx_HAL_Driver/Src/stm32l5xx_hal_tsc.o
                0x080098f0                HAL_TSC_Init
 .text.HAL_TSC_Start
                0x080099f0       0x8e ./Drivers/STM32L5xx_HAL_Driver/Src/stm32l5xx_hal_tsc.o
                0x080099f0                HAL_TSC_Start
 .text.HAL_TSC_PollForAcquisition
                0x08009a7e       0x3e ./Drivers/STM32L5xx_HAL_Driver/Src/stm32l5xx_hal_tsc.o
                0x08009a7e                HAL_TSC_PollForAcquisition
 .text.HAL_TSC_GroupGetValue
                0x08009abc       0x24 ./Drivers/STM32L5xx_HAL_Driver/Src/stm32l5xx_hal_tsc.o
                0x08009abc                HAL_TSC_GroupGetValue
 .text.HAL_TSC_GetState
                0x08009ae0       0x56 ./Drivers/STM32L5xx_HAL_Driver/Src/stm32l5xx_hal_tsc.o
                0x08009ae0                HAL_TSC_GetState
 .text.TSC_extract_groups
                0x08009b36       0x4a ./Drivers/STM32L5xx_HAL_Driver/Src/stm32l5xx_hal_tsc.o
 .text.HAL_UART_Init
                0x08009b80       0xa0 ./Drivers/STM32L5xx_HAL_Driver/Src/stm32l5xx_hal_uart.o
                0x08009b80                HAL_UART_Init
 .text.HAL_UART_DeInit
                0x08009c20       0x7e ./Drivers/STM32L5xx_HAL_Driver/Src/stm32l5xx_hal_uart.o
                0x08009c20                HAL_UART_DeInit
 .text.HAL_UART_Transmit
                0x08009c9e      0x132 ./Drivers/STM32L5xx_HAL_Driver/Src/stm32l5xx_hal_uart.o
                0x08009c9e                HAL_UART_Transmit
 .text.HAL_UART_Receive_IT
                0x08009dd0       0x98 ./Drivers/STM32L5xx_HAL_Driver/Src/stm32l5xx_hal_uart.o
                0x08009dd0                HAL_UART_Receive_IT
 .text.HAL_UART_Abort
                0x08009e68      0x20a ./Drivers/STM32L5xx_HAL_Driver/Src/stm32l5xx_hal_uart.o
                0x08009e68                HAL_UART_Abort
 *fill*         0x0800a072        0x2 
 .text.HAL_UART_IRQHandler
                0x0800a074      0x684 ./Drivers/STM32L5xx_HAL_Driver/Src/stm32l5xx_hal_uart.o
                0x0800a074                HAL_UART_IRQHandler
 .text.HAL_UART_TxCpltCallback
                0x0800a6f8       0x14 ./Drivers/STM32L5xx_HAL_Driver/Src/stm32l5xx_hal_uart.o
                0x0800a6f8                HAL_UART_TxCpltCallback
 .text.HAL_UART_ErrorCallback
                0x0800a70c       0x14 ./Drivers/STM32L5xx_HAL_Driver/Src/stm32l5xx_hal_uart.o
                0x0800a70c                HAL_UART_ErrorCallback
 .text.HAL_UARTEx_RxEventCallback
                0x0800a720       0x18 ./Drivers/STM32L5xx_HAL_Driver/Src/stm32l5xx_hal_uart.o
                0x0800a720                HAL_UARTEx_RxEventCallback
 .text.UART_SetConfig
                0x0800a738      0x600 ./Drivers/STM32L5xx_HAL_Driver/Src/stm32l5xx_hal_uart.o
                0x0800a738                UART_SetConfig
 .text.UART_AdvFeatureConfig
                0x0800ad38      0x144 ./Drivers/STM32L5xx_HAL_Driver/Src/stm32l5xx_hal_uart.o
                0x0800ad38                UART_AdvFeatureConfig
 .text.UART_CheckIdleState
                0x0800ae7c      0x154 ./Drivers/STM32L5xx_HAL_Driver/Src/stm32l5xx_hal_uart.o
                0x0800ae7c                UART_CheckIdleState
 .text.UART_WaitOnFlagUntilTimeout
                0x0800afd0       0xda ./Drivers/STM32L5xx_HAL_Driver/Src/stm32l5xx_hal_uart.o
                0x0800afd0                UART_WaitOnFlagUntilTimeout
 *fill*         0x0800b0aa        0x2 
 .text.UART_Start_Receive_IT
                0x0800b0ac      0x244 ./Drivers/STM32L5xx_HAL_Driver/Src/stm32l5xx_hal_uart.o
                0x0800b0ac                UART_Start_Receive_IT
 .text.UART_EndRxTransfer
                0x0800b2f0       0xcc ./Drivers/STM32L5xx_HAL_Driver/Src/stm32l5xx_hal_uart.o
 .text.UART_DMAAbortOnError
                0x0800b3bc       0x1c ./Drivers/STM32L5xx_HAL_Driver/Src/stm32l5xx_hal_uart.o
 .text.UART_EndTransmit_IT
                0x0800b3d8       0x56 ./Drivers/STM32L5xx_HAL_Driver/Src/stm32l5xx_hal_uart.o
 *fill*         0x0800b42e        0x2 
 .text.UART_RxISR_8BIT
                0x0800b430      0x1b8 ./Drivers/STM32L5xx_HAL_Driver/Src/stm32l5xx_hal_uart.o
 .text.UART_RxISR_16BIT
                0x0800b5e8      0x1b8 ./Drivers/STM32L5xx_HAL_Driver/Src/stm32l5xx_hal_uart.o
 .text.UART_RxISR_8BIT_FIFOEN
                0x0800b7a0      0x364 ./Drivers/STM32L5xx_HAL_Driver/Src/stm32l5xx_hal_uart.o
 .text.UART_RxISR_16BIT_FIFOEN
                0x0800bb04      0x36c ./Drivers/STM32L5xx_HAL_Driver/Src/stm32l5xx_hal_uart.o
 .text.HAL_UARTEx_WakeupCallback
                0x0800be70       0x14 ./Drivers/STM32L5xx_HAL_Driver/Src/stm32l5xx_hal_uart_ex.o
                0x0800be70                HAL_UARTEx_WakeupCallback
 .text.HAL_UARTEx_RxFifoFullCallback
                0x0800be84       0x14 ./Drivers/STM32L5xx_HAL_Driver/Src/stm32l5xx_hal_uart_ex.o
                0x0800be84                HAL_UARTEx_RxFifoFullCallback
 .text.HAL_UARTEx_TxFifoEmptyCallback
                0x0800be98       0x14 ./Drivers/STM32L5xx_HAL_Driver/Src/stm32l5xx_hal_uart_ex.o
                0x0800be98                HAL_UARTEx_TxFifoEmptyCallback
 .text.HAL_UARTEx_DisableFifoMode
                0x0800beac       0x72 ./Drivers/STM32L5xx_HAL_Driver/Src/stm32l5xx_hal_uart_ex.o
                0x0800beac                HAL_UARTEx_DisableFifoMode
 .text.HAL_UARTEx_SetTxFifoThreshold
                0x0800bf1e       0x7c ./Drivers/STM32L5xx_HAL_Driver/Src/stm32l5xx_hal_uart_ex.o
                0x0800bf1e                HAL_UARTEx_SetTxFifoThreshold
 .text.HAL_UARTEx_SetRxFifoThreshold
                0x0800bf9a       0x7c ./Drivers/STM32L5xx_HAL_Driver/Src/stm32l5xx_hal_uart_ex.o
                0x0800bf9a                HAL_UARTEx_SetRxFifoThreshold
 *fill*         0x0800c016        0x2 
 .text.UARTEx_SetNbDataToProcess
                0x0800c018       0x9c ./Drivers/STM32L5xx_HAL_Driver/Src/stm32l5xx_hal_uart_ex.o
 .text.__cvt    0x0800c0b4       0xca C:/ST/STM32CubeIDE_2.1.1/STM32CubeIDE/plugins/com.st.stm32cube.ide.mcu.externaltools.gnu-tools-for-stm32.14.3.rel1.win32_1.0.100.202602081740/tools/bin/../lib/gcc/arm-none-eabi/14.3.1/../../../../arm-none-eabi/lib/thumb/v8-m.main+fp/hard\libc_nano.a(libc_a-nano-vfprintf_float.o)
                0x0800c0b4                __cvt
 .text.__exponent
                0x0800c17e       0x72 C:/ST/STM32CubeIDE_2.1.1/STM32CubeIDE/plugins/com.st.stm32cube.ide.mcu.externaltools.gnu-tools-for-stm32.14.3.rel1.win32_1.0.100.202602081740/tools/bin/../lib/gcc/arm-none-eabi/14.3.1/../../../../arm-none-eabi/lib/thumb/v8-m.main+fp/hard\libc_nano.a(libc_a-nano-vfprintf_float.o)
                0x0800c17e                __exponent
 .text._printf_float
                0x0800c1f0      0x450 C:/ST/STM32CubeIDE_2.1.1/STM32CubeIDE/plugins/com.st.stm32cube.ide.mcu.externaltools.gnu-tools-for-stm32.14.3.rel1.win32_1.0.100.202602081740/tools/bin/../lib/gcc/arm-none-eabi/14.3.1/../../../../arm-none-eabi/lib/thumb/v8-m.main+fp/hard\libc_nano.a(libc_a-nano-vfprintf_float.o)
                0x0800c1f0                _printf_float
 .text._printf_common
                0x0800c640       0xe4 C:/ST/STM32CubeIDE_2.1.1/STM32CubeIDE/plugins/com.st.stm32cube.ide.mcu.externaltools.gnu-tools-for-stm32.14.3.rel1.win32_1.0.100.202602081740/tools/bin/../lib/gcc/arm-none-eabi/14.3.1/../../../../arm-none-eabi/lib/thumb/v8-m.main+fp/hard\libc_nano.a(libc_a-nano-vfprintf_i.o)
                0x0800c640                _printf_common
 .text._printf_i
                0x0800c724      0x24c C:/ST/STM32CubeIDE_2.1.1/STM32CubeIDE/plugins/com.st.stm32cube.ide.mcu.externaltools.gnu-tools-for-stm32.14.3.rel1.win32_1.0.100.202602081740/tools/bin/../lib/gcc/arm-none-eabi/14.3.1/../../../../arm-none-eabi/lib/thumb/v8-m.main+fp/hard\libc_nano.a(libc_a-nano-vfprintf_i.o)
                0x0800c724                _printf_i
 .text.std      0x0800c970       0x6c C:/ST/STM32CubeIDE_2.1.1/STM32CubeIDE/plugins/com.st.stm32cube.ide.mcu.externaltools.gnu-tools-for-stm32.14.3.rel1.win32_1.0.100.202602081740/tools/bin/../lib/gcc/arm-none-eabi/14.3.1/../../../../arm-none-eabi/lib/thumb/v8-m.main+fp/hard\libc_nano.a(libc_a-findfp.o)
 .text.stdio_exit_handler
                0x0800c9dc       0x18 C:/ST/STM32CubeIDE_2.1.1/STM32CubeIDE/plugins/com.st.stm32cube.ide.mcu.externaltools.gnu-tools-for-stm32.14.3.rel1.win32_1.0.100.202602081740/tools/bin/../lib/gcc/arm-none-eabi/14.3.1/../../../../arm-none-eabi/lib/thumb/v8-m.main+fp/hard\libc_nano.a(libc_a-findfp.o)
 .text.cleanup_stdio
                0x0800c9f4       0x40 C:/ST/STM32CubeIDE_2.1.1/STM32CubeIDE/plugins/com.st.stm32cube.ide.mcu.externaltools.gnu-tools-for-stm32.14.3.rel1.win32_1.0.100.202602081740/tools/bin/../lib/gcc/arm-none-eabi/14.3.1/../../../../arm-none-eabi/lib/thumb/v8-m.main+fp/hard\libc_nano.a(libc_a-findfp.o)
 .text.global_stdio_init.part.0
                0x0800ca34       0x40 C:/ST/STM32CubeIDE_2.1.1/STM32CubeIDE/plugins/com.st.stm32cube.ide.mcu.externaltools.gnu-tools-for-stm32.14.3.rel1.win32_1.0.100.202602081740/tools/bin/../lib/gcc/arm-none-eabi/14.3.1/../../../../arm-none-eabi/lib/thumb/v8-m.main+fp/hard\libc_nano.a(libc_a-findfp.o)
 .text.__sfp_lock_acquire
                0x0800ca74        0xc C:/ST/STM32CubeIDE_2.1.1/STM32CubeIDE/plugins/com.st.stm32cube.ide.mcu.externaltools.gnu-tools-for-stm32.14.3.rel1.win32_1.0.100.202602081740/tools/bin/../lib/gcc/arm-none-eabi/14.3.1/../../../../arm-none-eabi/lib/thumb/v8-m.main+fp/hard\libc_nano.a(libc_a-findfp.o)
                0x0800ca74                __sfp_lock_acquire
 .text.__sfp_lock_release
                0x0800ca80        0xc C:/ST/STM32CubeIDE_2.1.1/STM32CubeIDE/plugins/com.st.stm32cube.ide.mcu.externaltools.gnu-tools-for-stm32.14.3.rel1.win32_1.0.100.202602081740/tools/bin/../lib/gcc/arm-none-eabi/14.3.1/../../../../arm-none-eabi/lib/thumb/v8-m.main+fp/hard\libc_nano.a(libc_a-findfp.o)
                0x0800ca80                __sfp_lock_release
 .text.__sinit  0x0800ca8c       0x30 C:/ST/STM32CubeIDE_2.1.1/STM32CubeIDE/plugins/com.st.stm32cube.ide.mcu.externaltools.gnu-tools-for-stm32.14.3.rel1.win32_1.0.100.202602081740/tools/bin/../lib/gcc/arm-none-eabi/14.3.1/../../../../arm-none-eabi/lib/thumb/v8-m.main+fp/hard\libc_nano.a(libc_a-findfp.o)
                0x0800ca8c                __sinit
 .text._fwalk_sglue
                0x0800cabc       0x3c C:/ST/STM32CubeIDE_2.1.1/STM32CubeIDE/plugins/com.st.stm32cube.ide.mcu.externaltools.gnu-tools-for-stm32.14.3.rel1.win32_1.0.100.202602081740/tools/bin/../lib/gcc/arm-none-eabi/14.3.1/../../../../arm-none-eabi/lib/thumb/v8-m.main+fp/hard\libc_nano.a(libc_a-fwalk.o)
                0x0800cabc                _fwalk_sglue
 .text.snprintf
                0x0800caf8       0x6c C:/ST/STM32CubeIDE_2.1.1/STM32CubeIDE/plugins/com.st.stm32cube.ide.mcu.externaltools.gnu-tools-for-stm32.14.3.rel1.win32_1.0.100.202602081740/tools/bin/../lib/gcc/arm-none-eabi/14.3.1/../../../../arm-none-eabi/lib/thumb/v8-m.main+fp/hard\libc_nano.a(libc_a-snprintf.o)
                0x0800caf8                sniprintf
                0x0800caf8                snprintf
 .text.__sread  0x0800cb64       0x22 C:/ST/STM32CubeIDE_2.1.1/STM32CubeIDE/plugins/com.st.stm32cube.ide.mcu.externaltools.gnu-tools-for-stm32.14.3.rel1.win32_1.0.100.202602081740/tools/bin/../lib/gcc/arm-none-eabi/14.3.1/../../../../arm-none-eabi/lib/thumb/v8-m.main+fp/hard\libc_nano.a(libc_a-stdio.o)
                0x0800cb64                __sread
 .text.__swrite
                0x0800cb86       0x38 C:/ST/STM32CubeIDE_2.1.1/STM32CubeIDE/plugins/com.st.stm32cube.ide.mcu.externaltools.gnu-tools-for-stm32.14.3.rel1.win32_1.0.100.202602081740/tools/bin/../lib/gcc/arm-none-eabi/14.3.1/../../../../arm-none-eabi/lib/thumb/v8-m.main+fp/hard\libc_nano.a(libc_a-stdio.o)
                0x0800cb86                __swrite
 .text.__sseek  0x0800cbbe       0x26 C:/ST/STM32CubeIDE_2.1.1/STM32CubeIDE/plugins/com.st.stm32cube.ide.mcu.externaltools.gnu-tools-for-stm32.14.3.rel1.win32_1.0.100.202602081740/tools/bin/../lib/gcc/arm-none-eabi/14.3.1/../../../../arm-none-eabi/lib/thumb/v8-m.main+fp/hard\libc_nano.a(libc_a-stdio.o)
                0x0800cbbe                __sseek
 .text.__sclose
                0x0800cbe4        0x8 C:/ST/STM32CubeIDE_2.1.1/STM32CubeIDE/plugins/com.st.stm32cube.ide.mcu.externaltools.gnu-tools-for-stm32.14.3.rel1.win32_1.0.100.202602081740/tools/bin/../lib/gcc/arm-none-eabi/14.3.1/../../../../arm-none-eabi/lib/thumb/v8-m.main+fp/hard\libc_nano.a(libc_a-stdio.o)
                0x0800cbe4                __sclose
 .text.memset   0x0800cbec       0x10 C:/ST/STM32CubeIDE_2.1.1/STM32CubeIDE/plugins/com.st.stm32cube.ide.mcu.externaltools.gnu-tools-for-stm32.14.3.rel1.win32_1.0.100.202602081740/tools/bin/../lib/gcc/arm-none-eabi/14.3.1/../../../../arm-none-eabi/lib/thumb/v8-m.main+fp/hard\libc_nano.a(libc_a-memset.o)
                0x0800cbec                memset
 .text._localeconv_r
                0x0800cbfc        0x8 C:/ST/STM32CubeIDE_2.1.1/STM32CubeIDE/plugins/com.st.stm32cube.ide.mcu.externaltools.gnu-tools-for-stm32.14.3.rel1.win32_1.0.100.202602081740/tools/bin/../lib/gcc/arm-none-eabi/14.3.1/../../../../arm-none-eabi/lib/thumb/v8-m.main+fp/hard\libc_nano.a(libc_a-localeconv.o)
                0x0800cbfc                _localeconv_r
 .text._close_r
                0x0800cc04       0x20 C:/ST/STM32CubeIDE_2.1.1/STM32CubeIDE/plugins/com.st.stm32cube.ide.mcu.externaltools.gnu-tools-for-stm32.14.3.rel1.win32_1.0.100.202602081740/tools/bin/../lib/gcc/arm-none-eabi/14.3.1/../../../../arm-none-eabi/lib/thumb/v8-m.main+fp/hard\libc_nano.a(libc_a-closer.o)
                0x0800cc04                _close_r
 .text._lseek_r
                0x0800cc24       0x24 C:/ST/STM32CubeIDE_2.1.1/STM32CubeIDE/plugins/com.st.stm32cube.ide.mcu.externaltools.gnu-tools-for-stm32.14.3.rel1.win32_1.0.100.202602081740/tools/bin/../lib/gcc/arm-none-eabi/14.3.1/../../../../arm-none-eabi/lib/thumb/v8-m.main+fp/hard\libc_nano.a(libc_a-lseekr.o)
                0x0800cc24                _lseek_r
 .text._read_r  0x0800cc48       0x24 C:/ST/STM32CubeIDE_2.1.1/STM32CubeIDE/plugins/com.st.stm32cube.ide.mcu.externaltools.gnu-tools-for-stm32.14.3.rel1.win32_1.0.100.202602081740/tools/bin/../lib/gcc/arm-none-eabi/14.3.1/../../../../arm-none-eabi/lib/thumb/v8-m.main+fp/hard\libc_nano.a(libc_a-readr.o)
                0x0800cc48                _read_r
 .text._write_r
                0x0800cc6c       0x24 C:/ST/STM32CubeIDE_2.1.1/STM32CubeIDE/plugins/com.st.stm32cube.ide.mcu.externaltools.gnu-tools-for-stm32.14.3.rel1.win32_1.0.100.202602081740/tools/bin/../lib/gcc/arm-none-eabi/14.3.1/../../../../arm-none-eabi/lib/thumb/v8-m.main+fp/hard\libc_nano.a(libc_a-writer.o)
                0x0800cc6c                _write_r
 .text.__errno  0x0800cc90        0xc C:/ST/STM32CubeIDE_2.1.1/STM32CubeIDE/plugins/com.st.stm32cube.ide.mcu.externaltools.gnu-tools-for-stm32.14.3.rel1.win32_1.0.100.202602081740/tools/bin/../lib/gcc/arm-none-eabi/14.3.1/../../../../arm-none-eabi/lib/thumb/v8-m.main+fp/hard\libc_nano.a(libc_a-errno.o)
                0x0800cc90                __errno
 .text.__libc_init_array
                0x0800cc9c       0x48 C:/ST/STM32CubeIDE_2.1.1/STM32CubeIDE/plugins/com.st.stm32cube.ide.mcu.externaltools.gnu-tools-for-stm32.14.3.rel1.win32_1.0.100.202602081740/tools/bin/../lib/gcc/arm-none-eabi/14.3.1/../../../../arm-none-eabi/lib/thumb/v8-m.main+fp/hard\libc_nano.a(libc_a-init.o)
                0x0800cc9c                __libc_init_array
 .text.__retarget_lock_init_recursive
                0x0800cce4        0x2 C:/ST/STM32CubeIDE_2.1.1/STM32CubeIDE/plugins/com.st.stm32cube.ide.mcu.externaltools.gnu-tools-for-stm32.14.3.rel1.win32_1.0.100.202602081740/tools/bin/../lib/gcc/arm-none-eabi/14.3.1/../../../../arm-none-eabi/lib/thumb/v8-m.main+fp/hard\libc_nano.a(libc_a-lock.o)
                0x0800cce4                __retarget_lock_init_recursive
 .text.__retarget_lock_acquire_recursive
                0x0800cce6        0x2 C:/ST/STM32CubeIDE_2.1.1/STM32CubeIDE/plugins/com.st.stm32cube.ide.mcu.externaltools.gnu-tools-for-stm32.14.3.rel1.win32_1.0.100.202602081740/tools/bin/../lib/gcc/arm-none-eabi/14.3.1/../../../../arm-none-eabi/lib/thumb/v8-m.main+fp/hard\libc_nano.a(libc_a-lock.o)
                0x0800cce6                __retarget_lock_acquire_recursive
 .text.__retarget_lock_release_recursive
                0x0800cce8        0x2 C:/ST/STM32CubeIDE_2.1.1/STM32CubeIDE/plugins/com.st.stm32cube.ide.mcu.externaltools.gnu-tools-for-stm32.14.3.rel1.win32_1.0.100.202602081740/tools/bin/../lib/gcc/arm-none-eabi/14.3.1/../../../../arm-none-eabi/lib/thumb/v8-m.main+fp/hard\libc_nano.a(libc_a-lock.o)
                0x0800cce8                __retarget_lock_release_recursive
 .text.memchr   0x0800ccea       0x1c C:/ST/STM32CubeIDE_2.1.1/STM32CubeIDE/plugins/com.st.stm32cube.ide.mcu.externaltools.gnu-tools-for-stm32.14.3.rel1.win32_1.0.100.202602081740/tools/bin/../lib/gcc/arm-none-eabi/14.3.1/../../../../arm-none-eabi/lib/thumb/v8-m.main+fp/hard\libc_nano.a(libc_a-memchr-stub.o)
                0x0800ccea                memchr
 .text.memcpy   0x0800cd06       0x1a C:/ST/STM32CubeIDE_2.1.1/STM32CubeIDE/plugins/com.st.stm32cube.ide.mcu.externaltools.gnu-tools-for-stm32.14.3.rel1.win32_1.0.100.202602081740/tools/bin/../lib/gcc/arm-none-eabi/14.3.1/../../../../arm-none-eabi/lib/thumb/v8-m.main+fp/hard\libc_nano.a(libc_a-memcpy-stub.o)
                0x0800cd06                memcpy
 .text.quorem   0x0800cd20      0x11a C:/ST/STM32CubeIDE_2.1.1/STM32CubeIDE/plugins/com.st.stm32cube.ide.mcu.externaltools.gnu-tools-for-stm32.14.3.rel1.win32_1.0.100.202602081740/tools/bin/../lib/gcc/arm-none-eabi/14.3.1/../../../../arm-none-eabi/lib/thumb/v8-m.main+fp/hard\libc_nano.a(libc_a-dtoa.o)
 *fill*         0x0800ce3a        0x6 
 .text._dtoa_r  0x0800ce40      0xbb8 C:/ST/STM32CubeIDE_2.1.1/STM32CubeIDE/plugins/com.st.stm32cube.ide.mcu.externaltools.gnu-tools-for-stm32.14.3.rel1.win32_1.0.100.202602081740/tools/bin/../lib/gcc/arm-none-eabi/14.3.1/../../../../arm-none-eabi/lib/thumb/v8-m.main+fp/hard\libc_nano.a(libc_a-dtoa.o)
                0x0800ce40                _dtoa_r
 .text._free_r  0x0800d9f8       0x94 C:/ST/STM32CubeIDE_2.1.1/STM32CubeIDE/plugins/com.st.stm32cube.ide.mcu.externaltools.gnu-tools-for-stm32.14.3.rel1.win32_1.0.100.202602081740/tools/bin/../lib/gcc/arm-none-eabi/14.3.1/../../../../arm-none-eabi/lib/thumb/v8-m.main+fp/hard\libc_nano.a(libc_a-freer.o)
                0x0800d9f8                _free_r
 .text.malloc   0x0800da8c       0x10 C:/ST/STM32CubeIDE_2.1.1/STM32CubeIDE/plugins/com.st.stm32cube.ide.mcu.externaltools.gnu-tools-for-stm32.14.3.rel1.win32_1.0.100.202602081740/tools/bin/../lib/gcc/arm-none-eabi/14.3.1/../../../../arm-none-eabi/lib/thumb/v8-m.main+fp/hard\libc_nano.a(libc_a-malloc.o)
                0x0800da8c                malloc
 .text.sbrk_aligned
                0x0800da9c       0x44 C:/ST/STM32CubeIDE_2.1.1/STM32CubeIDE/plugins/com.st.stm32cube.ide.mcu.externaltools.gnu-tools-for-stm32.14.3.rel1.win32_1.0.100.202602081740/tools/bin/../lib/gcc/arm-none-eabi/14.3.1/../../../../arm-none-eabi/lib/thumb/v8-m.main+fp/hard\libc_nano.a(libc_a-mallocr.o)
 .text._malloc_r
                0x0800dae0      0x100 C:/ST/STM32CubeIDE_2.1.1/STM32CubeIDE/plugins/com.st.stm32cube.ide.mcu.externaltools.gnu-tools-for-stm32.14.3.rel1.win32_1.0.100.202602081740/tools/bin/../lib/gcc/arm-none-eabi/14.3.1/../../../../arm-none-eabi/lib/thumb/v8-m.main+fp/hard\libc_nano.a(libc_a-mallocr.o)
                0x0800dae0                _malloc_r
 .text.__malloc_lock
                0x0800dbe0        0xc C:/ST/STM32CubeIDE_2.1.1/STM32CubeIDE/plugins/com.st.stm32cube.ide.mcu.externaltools.gnu-tools-for-stm32.14.3.rel1.win32_1.0.100.202602081740/tools/bin/../lib/gcc/arm-none-eabi/14.3.1/../../../../arm-none-eabi/lib/thumb/v8-m.main+fp/hard\libc_nano.a(libc_a-mlock.o)
                0x0800dbe0                __malloc_lock
 .text.__malloc_unlock
                0x0800dbec        0xc C:/ST/STM32CubeIDE_2.1.1/STM32CubeIDE/plugins/com.st.stm32cube.ide.mcu.externaltools.gnu-tools-for-stm32.14.3.rel1.win32_1.0.100.202602081740/tools/bin/../lib/gcc/arm-none-eabi/14.3.1/../../../../arm-none-eabi/lib/thumb/v8-m.main+fp/hard\libc_nano.a(libc_a-mlock.o)
                0x0800dbec                __malloc_unlock
 .text._Balloc  0x0800dbf8       0x7c C:/ST/STM32CubeIDE_2.1.1/STM32CubeIDE/plugins/com.st.stm32cube.ide.mcu.externaltools.gnu-tools-for-stm32.14.3.rel1.win32_1.0.100.202602081740/tools/bin/../lib/gcc/arm-none-eabi/14.3.1/../../../../arm-none-eabi/lib/thumb/v8-m.main+fp/hard\libc_nano.a(libc_a-mprec.o)
                0x0800dbf8                _Balloc
 .text._Bfree   0x0800dc74       0x44 C:/ST/STM32CubeIDE_2.1.1/STM32CubeIDE/plugins/com.st.stm32cube.ide.mcu.externaltools.gnu-tools-for-stm32.14.3.rel1.win32_1.0.100.202602081740/tools/bin/../lib/gcc/arm-none-eabi/14.3.1/../../../../arm-none-eabi/lib/thumb/v8-m.main+fp/hard\libc_nano.a(libc_a-mprec.o)
                0x0800dc74                _Bfree
 .text.__multadd
                0x0800dcb8       0x90 C:/ST/STM32CubeIDE_2.1.1/STM32CubeIDE/plugins/com.st.stm32cube.ide.mcu.externaltools.gnu-tools-for-stm32.14.3.rel1.win32_1.0.100.202602081740/tools/bin/../lib/gcc/arm-none-eabi/14.3.1/../../../../arm-none-eabi/lib/thumb/v8-m.main+fp/hard\libc_nano.a(libc_a-mprec.o)
                0x0800dcb8                __multadd
 .text.__hi0bits
                0x0800dd48       0x3e C:/ST/STM32CubeIDE_2.1.1/STM32CubeIDE/plugins/com.st.stm32cube.ide.mcu.externaltools.gnu-tools-for-stm32.14.3.rel1.win32_1.0.100.202602081740/tools/bin/../lib/gcc/arm-none-eabi/14.3.1/../../../../arm-none-eabi/lib/thumb/v8-m.main+fp/hard\libc_nano.a(libc_a-mprec.o)
                0x0800dd48                __hi0bits
 .text.__lo0bits
                0x0800dd86       0x5a C:/ST/STM32CubeIDE_2.1.1/STM32CubeIDE/plugins/com.st.stm32cube.ide.mcu.externaltools.gnu-tools-for-stm32.14.3.rel1.win32_1.0.100.202602081740/tools/bin/../lib/gcc/arm-none-eabi/14.3.1/../../../../arm-none-eabi/lib/thumb/v8-m.main+fp/hard\libc_nano.a(libc_a-mprec.o)
                0x0800dd86                __lo0bits
 .text.__i2b    0x0800dde0       0x2c C:/ST/STM32CubeIDE_2.1.1/STM32CubeIDE/plugins/com.st.stm32cube.ide.mcu.externaltools.gnu-tools-for-stm32.14.3.rel1.win32_1.0.100.202602081740/tools/bin/../lib/gcc/arm-none-eabi/14.3.1/../../../../arm-none-eabi/lib/thumb/v8-m.main+fp/hard\libc_nano.a(libc_a-mprec.o)
                0x0800dde0                __i2b
 .text.__multiply
                0x0800de0c      0x154 C:/ST/STM32CubeIDE_2.1.1/STM32CubeIDE/plugins/com.st.stm32cube.ide.mcu.externaltools.gnu-tools-for-stm32.14.3.rel1.win32_1.0.100.202602081740/tools/bin/../lib/gcc/arm-none-eabi/14.3.1/../../../../arm-none-eabi/lib/thumb/v8-m.main+fp/hard\libc_nano.a(libc_a-mprec.o)
                0x0800de0c                __multiply
 .text.__pow5mult
                0x0800df60       0xb8 C:/ST/STM32CubeIDE_2.1.1/STM32CubeIDE/plugins/com.st.stm32cube.ide.mcu.externaltools.gnu-tools-for-stm32.14.3.rel1.win32_1.0.100.202602081740/tools/bin/../lib/gcc/arm-none-eabi/14.3.1/../../../../arm-none-eabi/lib/thumb/v8-m.main+fp/hard\libc_nano.a(libc_a-mprec.o)
                0x0800df60                __pow5mult
 .text.__lshift
                0x0800e018       0xd8 C:/ST/STM32CubeIDE_2.1.1/STM32CubeIDE/plugins/com.st.stm32cube.ide.mcu.externaltools.gnu-tools-for-stm32.14.3.rel1.win32_1.0.100.202602081740/tools/bin/../lib/gcc/arm-none-eabi/14.3.1/../../../../arm-none-eabi/lib/thumb/v8-m.main+fp/hard\libc_nano.a(libc_a-mprec.o)
                0x0800e018                __lshift
 .text.__mcmp   0x0800e0f0       0x36 C:/ST/STM32CubeIDE_2.1.1/STM32CubeIDE/plugins/com.st.stm32cube.ide.mcu.externaltools.gnu-tools-for-stm32.14.3.rel1.win32_1.0.100.202602081740/tools/bin/../lib/gcc/arm-none-eabi/14.3.1/../../../../arm-none-eabi/lib/thumb/v8-m.main+fp/hard\libc_nano.a(libc_a-mprec.o)
                0x0800e0f0                __mcmp
 *fill*         0x0800e126        0x2 
 .text.__mdiff  0x0800e128      0x138 C:/ST/STM32CubeIDE_2.1.1/STM32CubeIDE/plugins/com.st.stm32cube.ide.mcu.externaltools.gnu-tools-for-stm32.14.3.rel1.win32_1.0.100.202602081740/tools/bin/../lib/gcc/arm-none-eabi/14.3.1/../../../../arm-none-eabi/lib/thumb/v8-m.main+fp/hard\libc_nano.a(libc_a-mprec.o)
                0x0800e128                __mdiff
 .text.__d2b    0x0800e260       0xb0 C:/ST/STM32CubeIDE_2.1.1/STM32CubeIDE/plugins/com.st.stm32cube.ide.mcu.externaltools.gnu-tools-for-stm32.14.3.rel1.win32_1.0.100.202602081740/tools/bin/../lib/gcc/arm-none-eabi/14.3.1/../../../../arm-none-eabi/lib/thumb/v8-m.main+fp/hard\libc_nano.a(libc_a-mprec.o)
                0x0800e260                __d2b
 .text.__ssputs_r
                0x0800e310       0xc0 C:/ST/STM32CubeIDE_2.1.1/STM32CubeIDE/plugins/com.st.stm32cube.ide.mcu.externaltools.gnu-tools-for-stm32.14.3.rel1.win32_1.0.100.202602081740/tools/bin/../lib/gcc/arm-none-eabi/14.3.1/../../../../arm-none-eabi/lib/thumb/v8-m.main+fp/hard\libc_nano.a(libc_a-nano-svfprintf.o)
                0x0800e310                __ssputs_r
 .text._svfprintf_r
                0x0800e3d0      0x1f0 C:/ST/STM32CubeIDE_2.1.1/STM32CubeIDE/plugins/com.st.stm32cube.ide.mcu.externaltools.gnu-tools-for-stm32.14.3.rel1.win32_1.0.100.202602081740/tools/bin/../lib/gcc/arm-none-eabi/14.3.1/../../../../arm-none-eabi/lib/thumb/v8-m.main+fp/hard\libc_nano.a(libc_a-nano-svfprintf.o)
                0x0800e3d0                _svfiprintf_r
                0x0800e3d0                _svfprintf_r
 .text.__sflush_r
                0x0800e5c0      0x100 C:/ST/STM32CubeIDE_2.1.1/STM32CubeIDE/plugins/com.st.stm32cube.ide.mcu.externaltools.gnu-tools-for-stm32.14.3.rel1.win32_1.0.100.202602081740/tools/bin/../lib/gcc/arm-none-eabi/14.3.1/../../../../arm-none-eabi/lib/thumb/v8-m.main+fp/hard\libc_nano.a(libc_a-fflush.o)
                0x0800e5c0                __sflush_r
 .text._fflush_r
                0x0800e6c0       0x50 C:/ST/STM32CubeIDE_2.1.1/STM32CubeIDE/plugins/com.st.stm32cube.ide.mcu.externaltools.gnu-tools-for-stm32.14.3.rel1.win32_1.0.100.202602081740/tools/bin/../lib/gcc/arm-none-eabi/14.3.1/../../../../arm-none-eabi/lib/thumb/v8-m.main+fp/hard\libc_nano.a(libc_a-fflush.o)
                0x0800e6c0                _fflush_r
 .text.memmove  0x0800e710       0x32 C:/ST/STM32CubeIDE_2.1.1/STM32CubeIDE/plugins/com.st.stm32cube.ide.mcu.externaltools.gnu-tools-for-stm32.14.3.rel1.win32_1.0.100.202602081740/tools/bin/../lib/gcc/arm-none-eabi/14.3.1/../../../../arm-none-eabi/lib/thumb/v8-m.main+fp/hard\libc_nano.a(libc_a-memmove.o)
                0x0800e710                memmove
 *fill*         0x0800e742        0x2 
 .text._sbrk_r  0x0800e744       0x20 C:/ST/STM32CubeIDE_2.1.1/STM32CubeIDE/plugins/com.st.stm32cube.ide.mcu.externaltools.gnu-tools-for-stm32.14.3.rel1.win32_1.0.100.202602081740/tools/bin/../lib/gcc/arm-none-eabi/14.3.1/../../../../arm-none-eabi/lib/thumb/v8-m.main+fp/hard\libc_nano.a(libc_a-sbrkr.o)
                0x0800e744                _sbrk_r
 .text.__assert_func
                0x0800e764       0x3c C:/ST/STM32CubeIDE_2.1.1/STM32CubeIDE/plugins/com.st.stm32cube.ide.mcu.externaltools.gnu-tools-for-stm32.14.3.rel1.win32_1.0.100.202602081740/tools/bin/../lib/gcc/arm-none-eabi/14.3.1/../../../../arm-none-eabi/lib/thumb/v8-m.main+fp/hard\libc_nano.a(libc_a-assert.o)
                0x0800e764                __assert_func
 .text._calloc_r
                0x0800e7a0       0x28 C:/ST/STM32CubeIDE_2.1.1/STM32CubeIDE/plugins/com.st.stm32cube.ide.mcu.externaltools.gnu-tools-for-stm32.14.3.rel1.win32_1.0.100.202602081740/tools/bin/../lib/gcc/arm-none-eabi/14.3.1/../../../../arm-none-eabi/lib/thumb/v8-m.main+fp/hard\libc_nano.a(libc_a-callocr.o)
                0x0800e7a0                _calloc_r
 .text.__ascii_mbtowc
                0x0800e7c8       0x24 C:/ST/STM32CubeIDE_2.1.1/STM32CubeIDE/plugins/com.st.stm32cube.ide.mcu.externaltools.gnu-tools-for-stm32.14.3.rel1.win32_1.0.100.202602081740/tools/bin/../lib/gcc/arm-none-eabi/14.3.1/../../../../arm-none-eabi/lib/thumb/v8-m.main+fp/hard\libc_nano.a(libc_a-mbtowc_r.o)
                0x0800e7c8                __ascii_mbtowc
 .text._realloc_r
                0x0800e7ec       0x5c C:/ST/STM32CubeIDE_2.1.1/STM32CubeIDE/plugins/com.st.stm32cube.ide.mcu.externaltools.gnu-tools-for-stm32.14.3.rel1.win32_1.0.100.202602081740/tools/bin/../lib/gcc/arm-none-eabi/14.3.1/../../../../arm-none-eabi/lib/thumb/v8-m.main+fp/hard\libc_nano.a(libc_a-reallocr.o)
                0x0800e7ec                _realloc_r
 .text.__ascii_wctomb
                0x0800e848       0x1a C:/ST/STM32CubeIDE_2.1.1/STM32CubeIDE/plugins/com.st.stm32cube.ide.mcu.externaltools.gnu-tools-for-stm32.14.3.rel1.win32_1.0.100.202602081740/tools/bin/../lib/gcc/arm-none-eabi/14.3.1/../../../../arm-none-eabi/lib/thumb/v8-m.main+fp/hard\libc_nano.a(libc_a-wctomb_r.o)
                0x0800e848                __ascii_wctomb
 *fill*         0x0800e862        0x2 
 .text.fprintf  0x0800e864       0x24 C:/ST/STM32CubeIDE_2.1.1/STM32CubeIDE/plugins/com.st.stm32cube.ide.mcu.externaltools.gnu-tools-for-stm32.14.3.rel1.win32_1.0.100.202602081740/tools/bin/../lib/gcc/arm-none-eabi/14.3.1/../../../../arm-none-eabi/lib/thumb/v8-m.main+fp/hard\libc_nano.a(libc_a-fprintf.o)
                0x0800e864                fiprintf
                0x0800e864                fprintf
 .text.abort    0x0800e888        0xe C:/ST/STM32CubeIDE_2.1.1/STM32CubeIDE/plugins/com.st.stm32cube.ide.mcu.externaltools.gnu-tools-for-stm32.14.3.rel1.win32_1.0.100.202602081740/tools/bin/../lib/gcc/arm-none-eabi/14.3.1/../../../../arm-none-eabi/lib/thumb/v8-m.main+fp/hard\libc_nano.a(libc_a-abort.o)
                0x0800e888                abort
 .text._malloc_usable_size_r
                0x0800e896       0x10 C:/ST/STM32CubeIDE_2.1.1/STM32CubeIDE/plugins/com.st.stm32cube.ide.mcu.externaltools.gnu-tools-for-stm32.14.3.rel1.win32_1.0.100.202602081740/tools/bin/../lib/gcc/arm-none-eabi/14.3.1/../../../../arm-none-eabi/lib/thumb/v8-m.main+fp/hard\libc_nano.a(libc_a-msizer.o)
                0x0800e896                _malloc_usable_size_r
 .text.__sfputc_r
                0x0800e8a6       0x2e C:/ST/STM32CubeIDE_2.1.1/STM32CubeIDE/plugins/com.st.stm32cube.ide.mcu.externaltools.gnu-tools-for-stm32.14.3.rel1.win32_1.0.100.202602081740/tools/bin/../lib/gcc/arm-none-eabi/14.3.1/../../../../arm-none-eabi/lib/thumb/v8-m.main+fp/hard\libc_nano.a(libc_a-nano-vfprintf.o)
 .text.__sfputs_r
                0x0800e8d4       0x24 C:/ST/STM32CubeIDE_2.1.1/STM32CubeIDE/plugins/com.st.stm32cube.ide.mcu.externaltools.gnu-tools-for-stm32.14.3.rel1.win32_1.0.100.202602081740/tools/bin/../lib/gcc/arm-none-eabi/14.3.1/../../../../arm-none-eabi/lib/thumb/v8-m.main+fp/hard\libc_nano.a(libc_a-nano-vfprintf.o)
                0x0800e8d4                __sfputs_r
 .text._vfprintf_r
                0x0800e8f8      0x228 C:/ST/STM32CubeIDE_2.1.1/STM32CubeIDE/plugins/com.st.stm32cube.ide.mcu.externaltools.gnu-tools-for-stm32.14.3.rel1.win32_1.0.100.202602081740/tools/bin/../lib/gcc/arm-none-eabi/14.3.1/../../../../arm-none-eabi/lib/thumb/v8-m.main+fp/hard\libc_nano.a(libc_a-nano-vfprintf.o)
                0x0800e8f8                _vfprintf_r
                0x0800e8f8                _vfiprintf_r
 .text.__swbuf_r
                0x0800eb20       0x7c C:/ST/STM32CubeIDE_2.1.1/STM32CubeIDE/plugins/com.st.stm32cube.ide.mcu.externaltools.gnu-tools-for-stm32.14.3.rel1.win32_1.0.100.202602081740/tools/bin/../lib/gcc/arm-none-eabi/14.3.1/../../../../arm-none-eabi/lib/thumb/v8-m.main+fp/hard\libc_nano.a(libc_a-wbuf.o)
                0x0800eb20                __swbuf_r
 .text.__swsetup_r
                0x0800eb9c       0xa8 C:/ST/STM32CubeIDE_2.1.1/STM32CubeIDE/plugins/com.st.stm32cube.ide.mcu.externaltools.gnu-tools-for-stm32.14.3.rel1.win32_1.0.100.202602081740/tools/bin/../lib/gcc/arm-none-eabi/14.3.1/../../../../arm-none-eabi/lib/thumb/v8-m.main+fp/hard\libc_nano.a(libc_a-wsetup.o)
                0x0800eb9c                __swsetup_r
 .text._raise_r
                0x0800ec44       0x50 C:/ST/STM32CubeIDE_2.1.1/STM32CubeIDE/plugins/com.st.stm32cube.ide.mcu.externaltools.gnu-tools-for-stm32.14.3.rel1.win32_1.0.100.202602081740/tools/bin/../lib/gcc/arm-none-eabi/14.3.1/../../../../arm-none-eabi/lib/thumb/v8-m.main+fp/hard\libc_nano.a(libc_a-signal.o)
                0x0800ec44                _raise_r
 .text.raise    0x0800ec94       0x10 C:/ST/STM32CubeIDE_2.1.1/STM32CubeIDE/plugins/com.st.stm32cube.ide.mcu.externaltools.gnu-tools-for-stm32.14.3.rel1.win32_1.0.100.202602081740/tools/bin/../lib/gcc/arm-none-eabi/14.3.1/../../../../arm-none-eabi/lib/thumb/v8-m.main+fp/hard\libc_nano.a(libc_a-signal.o)
                0x0800ec94                raise
 .text._kill_r  0x0800eca4       0x24 C:/ST/STM32CubeIDE_2.1.1/STM32CubeIDE/plugins/com.st.stm32cube.ide.mcu.externaltools.gnu-tools-for-stm32.14.3.rel1.win32_1.0.100.202602081740/tools/bin/../lib/gcc/arm-none-eabi/14.3.1/../../../../arm-none-eabi/lib/thumb/v8-m.main+fp/hard\libc_nano.a(libc_a-signalr.o)
                0x0800eca4                _kill_r
 .text._getpid_r
                0x0800ecc8        0x4 C:/ST/STM32CubeIDE_2.1.1/STM32CubeIDE/plugins/com.st.stm32cube.ide.mcu.externaltools.gnu-tools-for-stm32.14.3.rel1.win32_1.0.100.202602081740/tools/bin/../lib/gcc/arm-none-eabi/14.3.1/../../../../arm-none-eabi/lib/thumb/v8-m.main+fp/hard\libc_nano.a(libc_a-signalr.o)
                0x0800ecc8                _getpid_r
 .text.__swhatbuf_r
                0x0800eccc       0x48 C:/ST/STM32CubeIDE_2.1.1/STM32CubeIDE/plugins/com.st.stm32cube.ide.mcu.externaltools.gnu-tools-for-stm32.14.3.rel1.win32_1.0.100.202602081740/tools/bin/../lib/gcc/arm-none-eabi/14.3.1/../../../../arm-none-eabi/lib/thumb/v8-m.main+fp/hard\libc_nano.a(libc_a-makebuf.o)
                0x0800eccc                __swhatbuf_r
 .text.__smakebuf_r
                0x0800ed14       0x72 C:/ST/STM32CubeIDE_2.1.1/STM32CubeIDE/plugins/com.st.stm32cube.ide.mcu.externaltools.gnu-tools-for-stm32.14.3.rel1.win32_1.0.100.202602081740/tools/bin/../lib/gcc/arm-none-eabi/14.3.1/../../../../arm-none-eabi/lib/thumb/v8-m.main+fp/hard\libc_nano.a(libc_a-makebuf.o)
                0x0800ed14                __smakebuf_r
 *fill*         0x0800ed86        0x2 
 .text._fstat_r
                0x0800ed88       0x24 C:/ST/STM32CubeIDE_2.1.1/STM32CubeIDE/plugins/com.st.stm32cube.ide.mcu.externaltools.gnu-tools-for-stm32.14.3.rel1.win32_1.0.100.202602081740/tools/bin/../lib/gcc/arm-none-eabi/14.3.1/../../../../arm-none-eabi/lib/thumb/v8-m.main+fp/hard\libc_nano.a(libc_a-fstatr.o)
                0x0800ed88                _fstat_r
 .text._isatty_r
                0x0800edac       0x20 C:/ST/STM32CubeIDE_2.1.1/STM32CubeIDE/plugins/com.st.stm32cube.ide.mcu.externaltools.gnu-tools-for-stm32.14.3.rel1.win32_1.0.100.202602081740/tools/bin/../lib/gcc/arm-none-eabi/14.3.1/../../../../arm-none-eabi/lib/thumb/v8-m.main+fp/hard\libc_nano.a(libc_a-isattyr.o)
                0x0800edac                _isatty_r
 .text.sinf     0x0800edcc       0x74 C:/ST/STM32CubeIDE_2.1.1/STM32CubeIDE/plugins/com.st.stm32cube.ide.mcu.externaltools.gnu-tools-for-stm32.14.3.rel1.win32_1.0.100.202602081740/tools/bin/../lib/gcc/arm-none-eabi/14.3.1/../../../../arm-none-eabi/lib/thumb/v8-m.main+fp/hard\libm.a(libm_a-sf_sin.o)
                0x0800edcc                sinf
 .text.__kernel_cosf
                0x0800ee40      0x104 C:/ST/STM32CubeIDE_2.1.1/STM32CubeIDE/plugins/com.st.stm32cube.ide.mcu.externaltools.gnu-tools-for-stm32.14.3.rel1.win32_1.0.100.202602081740/tools/bin/../lib/gcc/arm-none-eabi/14.3.1/../../../../arm-none-eabi/lib/thumb/v8-m.main+fp/hard\libm.a(libm_a-kf_cos.o)
                0x0800ee40                __kernel_cosf
 .text.__kernel_sinf
                0x0800ef44       0x90 C:/ST/STM32CubeIDE_2.1.1/STM32CubeIDE/plugins/com.st.stm32cube.ide.mcu.externaltools.gnu-tools-for-stm32.14.3.rel1.win32_1.0.100.202602081740/tools/bin/../lib/gcc/arm-none-eabi/14.3.1/../../../../arm-none-eabi/lib/thumb/v8-m.main+fp/hard\libm.a(libm_a-kf_sin.o)
                0x0800ef44                __kernel_sinf
 .text.__ieee754_rem_pio2f
                0x0800efd4      0x284 C:/ST/STM32CubeIDE_2.1.1/STM32CubeIDE/plugins/com.st.stm32cube.ide.mcu.externaltools.gnu-tools-for-stm32.14.3.rel1.win32_1.0.100.202602081740/tools/bin/../lib/gcc/arm-none-eabi/14.3.1/../../../../arm-none-eabi/lib/thumb/v8-m.main+fp/hard\libm.a(libm_a-ef_rem_pio2.o)
                0x0800efd4                __ieee754_rem_pio2f
 .text.fabsf    0x0800f258       0x10 C:/ST/STM32CubeIDE_2.1.1/STM32CubeIDE/plugins/com.st.stm32cube.ide.mcu.externaltools.gnu-tools-for-stm32.14.3.rel1.win32_1.0.100.202602081740/tools/bin/../lib/gcc/arm-none-eabi/14.3.1/../../../../arm-none-eabi/lib/thumb/v8-m.main+fp/hard\libm.a(libm_a-sf_fabs.o)
                0x0800f258                fabsf
 .text.__kernel_rem_pio2f
                0x0800f268      0x680 C:/ST/STM32CubeIDE_2.1.1/STM32CubeIDE/plugins/com.st.stm32cube.ide.mcu.externaltools.gnu-tools-for-stm32.14.3.rel1.win32_1.0.100.202602081740/tools/bin/../lib/gcc/arm-none-eabi/14.3.1/../../../../arm-none-eabi/lib/thumb/v8-m.main+fp/hard\libm.a(libm_a-kf_rem_pio2.o)
                0x0800f268                __kernel_rem_pio2f
 .text.scalbnf  0x0800f8e8       0xdc C:/ST/STM32CubeIDE_2.1.1/STM32CubeIDE/plugins/com.st.stm32cube.ide.mcu.externaltools.gnu-tools-for-stm32.14.3.rel1.win32_1.0.100.202602081740/tools/bin/../lib/gcc/arm-none-eabi/14.3.1/../../../../arm-none-eabi/lib/thumb/v8-m.main+fp/hard\libm.a(libm_a-sf_scalbn.o)
                0x0800f8e8                scalbnf
 .text.floorf   0x0800f9c4        0x8 C:/ST/STM32CubeIDE_2.1.1/STM32CubeIDE/plugins/com.st.stm32cube.ide.mcu.externaltools.gnu-tools-for-stm32.14.3.rel1.win32_1.0.100.202602081740/tools/bin/../lib/gcc/arm-none-eabi/14.3.1/../../../../arm-none-eabi/lib/thumb/v8-m.main+fp/hard\libm.a(libm_a-sf_floor.o)
                0x0800f9c4                floorf
 *(.glue_7)
 .glue_7        0x0800f9cc        0x0 linker stubs
 *(.glue_7t)
 .glue_7t       0x0800f9cc        0x0 linker stubs
 *(.eh_frame)
 .eh_frame      0x0800f9cc        0x0 C:/ST/STM32CubeIDE_2.1.1/STM32CubeIDE/plugins/com.st.stm32cube.ide.mcu.externaltools.gnu-tools-for-stm32.14.3.rel1.win32_1.0.100.202602081740/tools/bin/../lib/gcc/arm-none-eabi/14.3.1/thumb/v8-m.main+fp/hard/crtbegin.o
 *(.init)
 .init          0x0800f9cc        0x4 C:/ST/STM32CubeIDE_2.1.1/STM32CubeIDE/plugins/com.st.stm32cube.ide.mcu.externaltools.gnu-tools-for-stm32.14.3.rel1.win32_1.0.100.202602081740/tools/bin/../lib/gcc/arm-none-eabi/14.3.1/thumb/v8-m.main+fp/hard/crti.o
                0x0800f9cc                _init
 .init          0x0800f9d0        0x8 C:/ST/STM32CubeIDE_2.1.1/STM32CubeIDE/plugins/com.st.stm32cube.ide.mcu.externaltools.gnu-tools-for-stm32.14.3.rel1.win32_1.0.100.202602081740/tools/bin/../lib/gcc/arm-none-eabi/14.3.1/thumb/v8-m.main+fp/hard/crtn.o
 *(.fini)
 .fini          0x0800f9d8        0x4 C:/ST/STM32CubeIDE_2.1.1/STM32CubeIDE/plugins/com.st.stm32cube.ide.mcu.externaltools.gnu-tools-for-stm32.14.3.rel1.win32_1.0.100.202602081740/tools/bin/../lib/gcc/arm-none-eabi/14.3.1/thumb/v8-m.main+fp/hard/crti.o
                0x0800f9d8                _fini
 .fini          0x0800f9dc        0x8 C:/ST/STM32CubeIDE_2.1.1/STM32CubeIDE/plugins/com.st.stm32cube.ide.mcu.externaltools.gnu-tools-for-stm32.14.3.rel1.win32_1.0.100.202602081740/tools/bin/../lib/gcc/arm-none-eabi/14.3.1/thumb/v8-m.main+fp/hard/crtn.o
                0x0800f9e4                        . = ALIGN (0x4)
                0x0800f9e4                        _etext = .

.vfp11_veneer   0x0800f9e4        0x0
 .vfp11_veneer  0x0800f9e4        0x0 linker stubs

.v4_bx          0x0800f9e4        0x0
 .v4_bx         0x0800f9e4        0x0 linker stubs

.iplt           0x0800f9e4        0x0
 .iplt          0x0800f9e4        0x0 C:/ST/STM32CubeIDE_2.1.1/STM32CubeIDE/plugins/com.st.stm32cube.ide.mcu.externaltools.gnu-tools-for-stm32.14.3.rel1.win32_1.0.100.202602081740/tools/bin/../lib/gcc/arm-none-eabi/14.3.1/thumb/v8-m.main+fp/hard/crtbegin.o

.rodata         0x0800f9e8      0x974
                0x0800f9e8                        . = ALIGN (0x4)
 *(.rodata)
 .rodata        0x0800f9e8       0xb5 ./Core/Src/main.o
 *(.rodata*)
 *fill*         0x0800fa9d        0x3 
 .rodata.step_table
                0x0800faa0       0xb2 ./Core/Src/audio_packet.o
 *fill*         0x0800fb52        0x2 
 .rodata.index_table
                0x0800fb54       0x10 ./Core/Src/audio_packet.o
 .rodata.settings.1
                0x0800fb64       0x30 ./Core/Src/main.o
 .rodata.face_map.0
                0x0800fb94        0x4 ./Core/Src/main.o
 .rodata.AHBPrescTable
                0x0800fb98       0x10 ./Core/Src/system_stm32l5xx.o
                0x0800fb98                AHBPrescTable
 .rodata.APBPrescTable
                0x0800fba8        0x8 ./Core/Src/system_stm32l5xx.o
                0x0800fba8                APBPrescTable
 .rodata.MSIRangeTable
                0x0800fbb0       0x40 ./Core/Src/system_stm32l5xx.o
                0x0800fbb0                MSIRangeTable
 .rodata.UARTPrescTable
                0x0800fbf0       0x18 ./Drivers/STM32L5xx_HAL_Driver/Src/stm32l5xx_hal_uart.o
                0x0800fbf0                UARTPrescTable
 .rodata.numerator.1
                0x0800fc08        0x8 ./Drivers/STM32L5xx_HAL_Driver/Src/stm32l5xx_hal_uart_ex.o
 .rodata.denominator.0
                0x0800fc10        0x8 ./Drivers/STM32L5xx_HAL_Driver/Src/stm32l5xx_hal_uart_ex.o
 .rodata._printf_float.str1.1
                0x0800fc18      0x171 C:/ST/STM32CubeIDE_2.1.1/STM32CubeIDE/plugins/com.st.stm32cube.ide.mcu.externaltools.gnu-tools-for-stm32.14.3.rel1.win32_1.0.100.202602081740/tools/bin/../lib/gcc/arm-none-eabi/14.3.1/../../../../arm-none-eabi/lib/thumb/v8-m.main+fp/hard\libc_nano.a(libc_a-nano-vfprintf_float.o)
                                 0x12 (size before relaxing)
 .rodata._printf_i.str1.1
                0x0800fd89       0x22 C:/ST/STM32CubeIDE_2.1.1/STM32CubeIDE/plugins/com.st.stm32cube.ide.mcu.externaltools.gnu-tools-for-stm32.14.3.rel1.win32_1.0.100.202602081740/tools/bin/../lib/gcc/arm-none-eabi/14.3.1/../../../../arm-none-eabi/lib/thumb/v8-m.main+fp/hard\libc_nano.a(libc_a-nano-vfprintf_i.o)
 .rodata._dtoa_r.str1.1
                0x0800fd89       0x8f C:/ST/STM32CubeIDE_2.1.1/STM32CubeIDE/plugins/com.st.stm32cube.ide.mcu.externaltools.gnu-tools-for-stm32.14.3.rel1.win32_1.0.100.202602081740/tools/bin/../lib/gcc/arm-none-eabi/14.3.1/../../../../arm-none-eabi/lib/thumb/v8-m.main+fp/hard\libc_nano.a(libc_a-dtoa.o)
 .rodata._Balloc.str1.1
                0x0800fd89       0x70 C:/ST/STM32CubeIDE_2.1.1/STM32CubeIDE/plugins/com.st.stm32cube.ide.mcu.externaltools.gnu-tools-for-stm32.14.3.rel1.win32_1.0.100.202602081740/tools/bin/../lib/gcc/arm-none-eabi/14.3.1/../../../../arm-none-eabi/lib/thumb/v8-m.main+fp/hard\libc_nano.a(libc_a-mprec.o)
 .rodata.__multadd.str1.1
                0x0800fd89       0x11 C:/ST/STM32CubeIDE_2.1.1/STM32CubeIDE/plugins/com.st.stm32cube.ide.mcu.externaltools.gnu-tools-for-stm32.14.3.rel1.win32_1.0.100.202602081740/tools/bin/../lib/gcc/arm-none-eabi/14.3.1/../../../../arm-none-eabi/lib/thumb/v8-m.main+fp/hard\libc_nano.a(libc_a-mprec.o)
 *fill*         0x0800fd89        0x3 
 .rodata.p05.0  0x0800fd8c        0xc C:/ST/STM32CubeIDE_2.1.1/STM32CubeIDE/plugins/com.st.stm32cube.ide.mcu.externaltools.gnu-tools-for-stm32.14.3.rel1.win32_1.0.100.202602081740/tools/bin/../lib/gcc/arm-none-eabi/14.3.1/../../../../arm-none-eabi/lib/thumb/v8-m.main+fp/hard\libc_nano.a(libc_a-mprec.o)
 .rodata.__mprec_bigtens
                0x0800fd98       0x28 C:/ST/STM32CubeIDE_2.1.1/STM32CubeIDE/plugins/com.st.stm32cube.ide.mcu.externaltools.gnu-tools-for-stm32.14.3.rel1.win32_1.0.100.202602081740/tools/bin/../lib/gcc/arm-none-eabi/14.3.1/../../../../arm-none-eabi/lib/thumb/v8-m.main+fp/hard\libc_nano.a(libc_a-mprec.o)
                0x0800fd98                __mprec_bigtens
 .rodata.__mprec_tens
                0x0800fdc0       0xc8 C:/ST/STM32CubeIDE_2.1.1/STM32CubeIDE/plugins/com.st.stm32cube.ide.mcu.externaltools.gnu-tools-for-stm32.14.3.rel1.win32_1.0.100.202602081740/tools/bin/../lib/gcc/arm-none-eabi/14.3.1/../../../../arm-none-eabi/lib/thumb/v8-m.main+fp/hard\libc_nano.a(libc_a-mprec.o)
                0x0800fdc0                __mprec_tens
 .rodata._svfprintf_r.str1.1
                0x0800fe88       0x11 C:/ST/STM32CubeIDE_2.1.1/STM32CubeIDE/plugins/com.st.stm32cube.ide.mcu.externaltools.gnu-tools-for-stm32.14.3.rel1.win32_1.0.100.202602081740/tools/bin/../lib/gcc/arm-none-eabi/14.3.1/../../../../arm-none-eabi/lib/thumb/v8-m.main+fp/hard\libc_nano.a(libc_a-nano-svfprintf.o)
 .rodata._setlocale_r.str1.1
                0x0800fe88        0x9 C:/ST/STM32CubeIDE_2.1.1/STM32CubeIDE/plugins/com.st.stm32cube.ide.mcu.externaltools.gnu-tools-for-stm32.14.3.rel1.win32_1.0.100.202602081740/tools/bin/../lib/gcc/arm-none-eabi/14.3.1/../../../../arm-none-eabi/lib/thumb/v8-m.main+fp/hard\libc_nano.a(libc_a-locale.o)
 .rodata.str1.1
                0x0800fe88        0x2 C:/ST/STM32CubeIDE_2.1.1/STM32CubeIDE/plugins/com.st.stm32cube.ide.mcu.externaltools.gnu-tools-for-stm32.14.3.rel1.win32_1.0.100.202602081740/tools/bin/../lib/gcc/arm-none-eabi/14.3.1/../../../../arm-none-eabi/lib/thumb/v8-m.main+fp/hard\libc_nano.a(libc_a-locale.o)
 .rodata.__assert_func.str1.1
                0x0800fe88       0x3d C:/ST/STM32CubeIDE_2.1.1/STM32CubeIDE/plugins/com.st.stm32cube.ide.mcu.externaltools.gnu-tools-for-stm32.14.3.rel1.win32_1.0.100.202602081740/tools/bin/../lib/gcc/arm-none-eabi/14.3.1/../../../../arm-none-eabi/lib/thumb/v8-m.main+fp/hard\libc_nano.a(libc_a-assert.o)
 .rodata._ctype_
                0x0800fe88      0x101 C:/ST/STM32CubeIDE_2.1.1/STM32CubeIDE/plugins/com.st.stm32cube.ide.mcu.externaltools.gnu-tools-for-stm32.14.3.rel1.win32_1.0.100.202602081740/tools/bin/../lib/gcc/arm-none-eabi/14.3.1/../../../../arm-none-eabi/lib/thumb/v8-m.main+fp/hard\libc_nano.a(libc_a-ctype_.o)
                0x0800fe88                _ctype_
 .rodata._vfprintf_r.str1.1
                0x0800ff89       0x11 C:/ST/STM32CubeIDE_2.1.1/STM32CubeIDE/plugins/com.st.stm32cube.ide.mcu.externaltools.gnu-tools-for-stm32.14.3.rel1.win32_1.0.100.202602081740/tools/bin/../lib/gcc/arm-none-eabi/14.3.1/../../../../arm-none-eabi/lib/thumb/v8-m.main+fp/hard\libc_nano.a(libc_a-nano-vfprintf.o)
 *fill*         0x0800ff89        0x3 
 .rodata.npio2_hw
                0x0800ff8c       0x80 C:/ST/STM32CubeIDE_2.1.1/STM32CubeIDE/plugins/com.st.stm32cube.ide.mcu.externaltools.gnu-tools-for-stm32.14.3.rel1.win32_1.0.100.202602081740/tools/bin/../lib/gcc/arm-none-eabi/14.3.1/../../../../arm-none-eabi/lib/thumb/v8-m.main+fp/hard\libm.a(libm_a-ef_rem_pio2.o)
 .rodata.two_over_pi
                0x0801000c      0x318 C:/ST/STM32CubeIDE_2.1.1/STM32CubeIDE/plugins/com.st.stm32cube.ide.mcu.externaltools.gnu-tools-for-stm32.14.3.rel1.win32_1.0.100.202602081740/tools/bin/../lib/gcc/arm-none-eabi/14.3.1/../../../../arm-none-eabi/lib/thumb/v8-m.main+fp/hard\libm.a(libm_a-ef_rem_pio2.o)
 .rodata.PIo2   0x08010324       0x2c C:/ST/STM32CubeIDE_2.1.1/STM32CubeIDE/plugins/com.st.stm32cube.ide.mcu.externaltools.gnu-tools-for-stm32.14.3.rel1.win32_1.0.100.202602081740/tools/bin/../lib/gcc/arm-none-eabi/14.3.1/../../../../arm-none-eabi/lib/thumb/v8-m.main+fp/hard\libm.a(libm_a-kf_rem_pio2.o)
 .rodata.init_jk
                0x08010350        0xc C:/ST/STM32CubeIDE_2.1.1/STM32CubeIDE/plugins/com.st.stm32cube.ide.mcu.externaltools.gnu-tools-for-stm32.14.3.rel1.win32_1.0.100.202602081740/tools/bin/../lib/gcc/arm-none-eabi/14.3.1/../../../../arm-none-eabi/lib/thumb/v8-m.main+fp/hard\libm.a(libm_a-kf_rem_pio2.o)
                0x0801035c                        . = ALIGN (0x4)

.ARM.extab      0x0801035c        0x0
                0x0801035c                        . = ALIGN (0x4)
 *(.ARM.extab* .gnu.linkonce.armextab.*)
                0x0801035c                        . = ALIGN (0x4)

.ARM            0x0801035c        0x8
                0x0801035c                        . = ALIGN (0x4)
                0x0801035c                        __exidx_start = .
 *(.ARM.exidx*)
 .ARM.exidx     0x0801035c        0x8 C:/ST/STM32CubeIDE_2.1.1/STM32CubeIDE/plugins/com.st.stm32cube.ide.mcu.externaltools.gnu-tools-for-stm32.14.3.rel1.win32_1.0.100.202602081740/tools/bin/../lib/gcc/arm-none-eabi/14.3.1/../../../../arm-none-eabi/lib/thumb/v8-m.main+fp/hard\libc_nano.a(libc_a-strlen.o)
 .ARM.exidx     0x08010364        0x0 C:/ST/STM32CubeIDE_2.1.1/STM32CubeIDE/plugins/com.st.stm32cube.ide.mcu.externaltools.gnu-tools-for-stm32.14.3.rel1.win32_1.0.100.202602081740/tools/bin/../lib/gcc/arm-none-eabi/14.3.1/thumb/v8-m.main+fp/hard\libgcc.a(_udivmoddi4.o)
                                  0x8 (size before relaxing)
                0x08010364                        __exidx_end = .
                0x08010364                        . = ALIGN (0x4)

.preinit_array  0x08010364        0x0