Archive member included to satisfy reference by file (symbol)

/Applications/STM32CubeIDE.app/Contents/Eclipse/plugins/com.st.stm32cube.ide.mcu.externaltools.gnu-tools-for-stm32.13.3.rel1.macos64_1.0.0.202411102158/tools/bin/../lib/gcc/arm-none-eabi/13.3.1/../../../../arm-none-eabi/lib/thumb/v8-m.main+fp/hard/libc_nano.a(libc_a-exit.o)
                              /Applications/STM32CubeIDE.app/Contents/Eclipse/plugins/com.st.stm32cube.ide.mcu.externaltools.gnu-tools-for-stm32.13.3.rel1.macos64_1.0.0.202411102158/tools/bin/../lib/gcc/arm-none-eabi/13.3.1/../../../../arm-none-eabi/lib/thumb/v8-m.main+fp/hard/crt0.o (exit)
/Applications/STM32CubeIDE.app/Contents/Eclipse/plugins/com.st.stm32cube.ide.mcu.externaltools.gnu-tools-for-stm32.13.3.rel1.macos64_1.0.0.202411102158/tools/bin/../lib/gcc/arm-none-eabi/13.3.1/../../../../arm-none-eabi/lib/thumb/v8-m.main+fp/hard/libc_nano.a(libc_a-nano-vfprintf_float.o)
                              (_printf_float)
/Applications/STM32CubeIDE.app/Contents/Eclipse/plugins/com.st.stm32cube.ide.mcu.externaltools.gnu-tools-for-stm32.13.3.rel1.macos64_1.0.0.202411102158/tools/bin/../lib/gcc/arm-none-eabi/13.3.1/../../../../arm-none-eabi/lib/thumb/v8-m.main+fp/hard/libc_nano.a(libc_a-nano-vfprintf_i.o)
                              /Applications/STM32CubeIDE.app/Contents/Eclipse/plugins/com.st.stm32cube.ide.mcu.externaltools.gnu-tools-for-stm32.13.3.rel1.macos64_1.0.0.202411102158/tools/bin/../lib/gcc/arm-none-eabi/13.3.1/../../../../arm-none-eabi/lib/thumb/v8-m.main+fp/hard/libc_nano.a(libc_a-nano-vfprintf_float.o) (_printf_common)
/Applications/STM32CubeIDE.app/Contents/Eclipse/plugins/com.st.stm32cube.ide.mcu.externaltools.gnu-tools-for-stm32.13.3.rel1.macos64_1.0.0.202411102158/tools/bin/../lib/gcc/arm-none-eabi/13.3.1/../../../../arm-none-eabi/lib/thumb/v8-m.main+fp/hard/libc_nano.a(libc_a-snprintf.o)
                              ./Core/Src/main.o (snprintf)
/Applications/STM32CubeIDE.app/Contents/Eclipse/plugins/com.st.stm32cube.ide.mcu.externaltools.gnu-tools-for-stm32.13.3.rel1.macos64_1.0.0.202411102158/tools/bin/../lib/gcc/arm-none-eabi/13.3.1/../../../../arm-none-eabi/lib/thumb/v8-m.main+fp/hard/libc_nano.a(libc_a-findfp.o)
                              /Applications/STM32CubeIDE.app/Contents/Eclipse/plugins/com.st.stm32cube.ide.mcu.externaltools.gnu-tools-for-stm32.13.3.rel1.macos64_1.0.0.202411102158/tools/bin/../lib/gcc/arm-none-eabi/13.3.1/../../../../arm-none-eabi/lib/thumb/v8-m.main+fp/hard/libc_nano.a(libc_a-exit.o) (__stdio_exit_handler)
/Applications/STM32CubeIDE.app/Contents/Eclipse/plugins/com.st.stm32cube.ide.mcu.externaltools.gnu-tools-for-stm32.13.3.rel1.macos64_1.0.0.202411102158/tools/bin/../lib/gcc/arm-none-eabi/13.3.1/../../../../arm-none-eabi/lib/thumb/v8-m.main+fp/hard/libc_nano.a(libc_a-fwalk.o)
                              /Applications/STM32CubeIDE.app/Contents/Eclipse/plugins/com.st.stm32cube.ide.mcu.externaltools.gnu-tools-for-stm32.13.3.rel1.macos64_1.0.0.202411102158/tools/bin/../lib/gcc/arm-none-eabi/13.3.1/../../../../arm-none-eabi/lib/thumb/v8-m.main+fp/hard/libc_nano.a(libc_a-findfp.o) (_fwalk_sglue)
/Applications/STM32CubeIDE.app/Contents/Eclipse/plugins/com.st.stm32cube.ide.mcu.externaltools.gnu-tools-for-stm32.13.3.rel1.macos64_1.0.0.202411102158/tools/bin/../lib/gcc/arm-none-eabi/13.3.1/../../../../arm-none-eabi/lib/thumb/v8-m.main+fp/hard/libc_nano.a(libc_a-memset.o)
                              /Applications/STM32CubeIDE.app/Contents/Eclipse/plugins/com.st.stm32cube.ide.mcu.externaltools.gnu-tools-for-stm32.13.3.rel1.macos64_1.0.0.202411102158/tools/bin/../lib/gcc/arm-none-eabi/13.3.1/../../../../arm-none-eabi/lib/thumb/v8-m.main+fp/hard/crt0.o (memset)
/Applications/STM32CubeIDE.app/Contents/Eclipse/plugins/com.st.stm32cube.ide.mcu.externaltools.gnu-tools-for-stm32.13.3.rel1.macos64_1.0.0.202411102158/tools/bin/../lib/gcc/arm-none-eabi/13.3.1/../../../../arm-none-eabi/lib/thumb/v8-m.main+fp/hard/libc_nano.a(libc_a-errno.o)
                              ./Core/Src/syscalls.o (__errno)
/Applications/STM32CubeIDE.app/Contents/Eclipse/plugins/com.st.stm32cube.ide.mcu.externaltools.gnu-tools-for-stm32.13.3.rel1.macos64_1.0.0.202411102158/tools/bin/../lib/gcc/arm-none-eabi/13.3.1/../../../../arm-none-eabi/lib/thumb/v8-m.main+fp/hard/libc_nano.a(libc_a-init.o)
                              /Applications/STM32CubeIDE.app/Contents/Eclipse/plugins/com.st.stm32cube.ide.mcu.externaltools.gnu-tools-for-stm32.13.3.rel1.macos64_1.0.0.202411102158/tools/bin/../lib/gcc/arm-none-eabi/13.3.1/../../../../arm-none-eabi/lib/thumb/v8-m.main+fp/hard/crt0.o (__libc_init_array)
/Applications/STM32CubeIDE.app/Contents/Eclipse/plugins/com.st.stm32cube.ide.mcu.externaltools.gnu-tools-for-stm32.13.3.rel1.macos64_1.0.0.202411102158/tools/bin/../lib/gcc/arm-none-eabi/13.3.1/../../../../arm-none-eabi/lib/thumb/v8-m.main+fp/hard/libc_nano.a(libc_a-lock.o)
[...]
Memory Configuration

Name             Origin             Length             Attributes
RAM              0x20000000         0x00030000         xrw
RAM2             0x20030000         0x00010000         xrw
FLASH            0x08000000         0x00040000         xr
*default*        0x00000000         0xffffffff

Linker script and memory map

LOAD /Applications/STM32CubeIDE.app/Contents/Eclipse/plugins/com.st.stm32cube.ide.mcu.externaltools.gnu-tools-for-stm32.13.3.rel1.macos64_1.0.0.202411102158/tools/bin/../lib/gcc/arm-none-eabi/13.3.1/thumb/v8-m.main+fp/hard/crti.o
LOAD /Applications/STM32CubeIDE.app/Contents/Eclipse/plugins/com.st.stm32cube.ide.mcu.externaltools.gnu-tools-for-stm32.13.3.rel1.macos64_1.0.0.202411102158/tools/bin/../lib/gcc/arm-none-eabi/13.3.1/thumb/v8-m.main+fp/hard/crtbegin.o
LOAD /Applications/STM32CubeIDE.app/Contents/Eclipse/plugins/com.st.stm32cube.ide.mcu.externaltools.gnu-tools-for-stm32.13.3.rel1.macos64_1.0.0.202411102158/tools/bin/../lib/gcc/arm-none-eabi/13.3.1/../../../../arm-none-eabi/lib/thumb/v8-m.main+fp/hard/crt0.o
LOAD ./Core/Src/adc.o
LOAD ./Core/Src/dma.o
LOAD ./Core/Src/fdcan.o
LOAD ./Core/Src/gpio.o
LOAD ./Core/Src/i2c.o
LOAD ./Core/Src/icache.o
LOAD ./Core/Src/main.o
LOAD ./Core/Src/sh1106.o
LOAD ./Core/Src/stm32l5xx_hal_msp.o
LOAD ./Core/Src/stm32l5xx_it.o
LOAD ./Core/Src/syscalls.o
LOAD ./Core/Src/sysmem.o
LOAD ./Core/Src/system_stm32l5xx.o
LOAD ./Core/Src/usart.o
LOAD ./Core/Startup/startup_stm32l552cctx.o
LOAD ./Drivers/BFR_Krill_Drivers/src/usb_driver.o
LOAD ./Drivers/STM32L5xx_HAL_Driver/Src/stm32l5xx_hal.o
LOAD ./Drivers/STM32L5xx_HAL_Driver/Src/stm32l5xx_hal_adc.o
LOAD ./Drivers/STM32L5xx_HAL_Driver/Src/stm32l5xx_hal_adc_ex.o
LOAD ./Drivers/STM32L5xx_HAL_Driver/Src/stm32l5xx_hal_cortex.o
LOAD ./Drivers/STM32L5xx_HAL_Driver/Src/stm32l5xx_hal_dma.o
LOAD ./Drivers/STM32L5xx_HAL_Driver/Src/stm32l5xx_hal_dma_ex.o
LOAD ./Drivers/STM32L5xx_HAL_Driver/Src/stm32l5xx_hal_exti.o
LOAD ./Drivers/STM32L5xx_HAL_Driver/Src/stm32l5xx_hal_fdcan.o
LOAD ./Drivers/STM32L5xx_HAL_Driver/Src/stm32l5xx_hal_flash.o
LOAD ./Drivers/STM32L5xx_HAL_Driver/Src/stm32l5xx_hal_flash_ex.o
LOAD ./Drivers/STM32L5xx_HAL_Driver/Src/stm32l5xx_hal_flash_ramfunc.o
LOAD ./Drivers/STM32L5xx_HAL_Driver/Src/stm32l5xx_hal_gpio.o
LOAD ./Drivers/STM32L5xx_HAL_Driver/Src/stm32l5xx_hal_i2c.o
LOAD ./Drivers/STM32L5xx_HAL_Driver/Src/stm32l5xx_hal_i2c_ex.o
LOAD ./Drivers/STM32L5xx_HAL_Driver/Src/stm32l5xx_hal_icache.o
LOAD ./Drivers/STM32L5xx_HAL_Driver/Src/stm32l5xx_hal_pcd.o
LOAD ./Drivers/STM32L5xx_HAL_Driver/Src/stm32l5xx_hal_pcd_ex.o
LOAD ./Drivers/STM32L5xx_HAL_Driver/Src/stm32l5xx_hal_pwr.o
LOAD ./Drivers/STM32L5xx_HAL_Driver/Src/stm32l5xx_hal_pwr_ex.o
LOAD ./Drivers/STM32L5xx_HAL_Driver/Src/stm32l5xx_hal_rcc.o
LOAD ./Drivers/STM32L5xx_HAL_Driver/Src/stm32l5xx_hal_rcc_ex.o
LOAD ./Drivers/STM32L5xx_HAL_Driver/Src/stm32l5xx_hal_uart.o
LOAD ./Drivers/STM32L5xx_HAL_Driver/Src/stm32l5xx_hal_uart_ex.o
LOAD ./Drivers/STM32L5xx_HAL_Driver/Src/stm32l5xx_ll_usb.o
LOAD ./Middlewares/ST/STM32_USB_Device_Library/Class/CDC/Src/usbd_cdc.o
LOAD ./Middlewares/ST/STM32_USB_Device_Library/Core/Src/usbd_core.o
LOAD ./Middlewares/ST/STM32_USB_Device_Library/Core/Src/usbd_ctlreq.o
LOAD ./Middlewares/ST/STM32_USB_Device_Library/Core/Src/usbd_ioreq.o
LOAD ./USB_Device/App/usb_device.o
LOAD ./USB_Device/App/usbd_cdc_if.o
LOAD ./USB_Device/App/usbd_desc.o
LOAD ./USB_Device/Target/usbd_conf.o
START GROUP
LOAD /Applications/STM32CubeIDE.app/Contents/Eclipse/plugins/com.st.stm32cube.ide.mcu.externaltools.gnu-tools-for-stm32.13.3.rel1.macos64_1.0.0.202411102158/tools/bin/../lib/gcc/arm-none-eabi/13.3.1/../../../../arm-none-eabi/lib/thumb/v8-m.main+fp/hard/libc_nano.a
LOAD /Applications/STM32CubeIDE.app/Contents/Eclipse/plugins/com.st.stm32cube.ide.mcu.externaltools.gnu-tools-for-stm32.13.3.rel1.macos64_1.0.0.202411102158/tools/bin/../lib/gcc/arm-none-eabi/13.3.1/../../../../arm-none-eabi/lib/thumb/v8-m.main+fp/hard/libm.a
END GROUP
START GROUP
LOAD /Applications/STM32CubeIDE.app/Contents/Eclipse/plugins/com.st.stm32cube.ide.mcu.externaltools.gnu-tools-for-stm32.13.3.rel1.macos64_1.0.0.202411102158/tools/bin/../lib/gcc/arm-none-eabi/13.3.1/thumb/v8-m.main+fp/hard/libgcc.a
LOAD /Applications/STM32CubeIDE.app/Contents/Eclipse/plugins/com.st.stm32cube.ide.mcu.externaltools.gnu-tools-for-stm32.13.3.rel1.macos64_1.0.0.202411102158/tools/bin/../lib/gcc/arm-none-eabi/13.3.1/../../../../arm-none-eabi/lib/thumb/v8-m.main+fp/hard/libc_nano.a
END GROUP
START GROUP
LOAD /Applications/STM32CubeIDE.app/Contents/Eclipse/plugins/com.st.stm32cube.ide.mcu.externaltools.gnu-tools-for-stm32.13.3.rel1.macos64_1.0.0.202411102158/tools/bin/../lib/gcc/arm-none-eabi/13.3.1/thumb/v8-m.main+fp/hard/libgcc.a
LOAD /Applications/STM32CubeIDE.app/Contents/Eclipse/plugins/com.st.stm32cube.ide.mcu.externaltools.gnu-tools-for-stm32.13.3.rel1.macos64_1.0.0.202411102158/tools/bin/../lib/gcc/arm-none-eabi/13.3.1/../../../../arm-none-eabi/lib/thumb/v8-m.main+fp/hard/libc_nano.a
LOAD /Applications/STM32CubeIDE.app/Contents/Eclipse/plugins/com.st.stm32cube.ide.mcu.externaltools.gnu-tools-for-stm32.13.3.rel1.macos64_1.0.0.202411102158/tools/bin/../lib/gcc/arm-none-eabi/13.3.1/../../../../arm-none-eabi/lib/thumb/v8-m.main+fp/hard/libnosys.a
END GROUP
START GROUP
LOAD /Applications/STM32CubeIDE.app/Contents/Eclipse/plugins/com.st.stm32cube.ide.mcu.externaltools.gnu-tools-for-stm32.13.3.rel1.macos64_1.0.0.202411102158/tools/bin/../lib/gcc/arm-none-eabi/13.3.1/thumb/v8-m.main+fp/hard/libgcc.a
LOAD /Applications/STM32CubeIDE.app/Contents/Eclipse/plugins/com.st.stm32cube.ide.mcu.externaltools.gnu-tools-for-stm32.13.3.rel1.macos64_1.0.0.202411102158/tools/bin/../lib/gcc/arm-none-eabi/13.3.1/../../../../arm-none-eabi/lib/thumb/v8-m.main+fp/hard/libc_nano.a
LOAD /Applications/STM32CubeIDE.app/Contents/Eclipse/plugins/com.st.stm32cube.ide.mcu.externaltools.gnu-tools-for-stm32.13.3.rel1.macos64_1.0.0.202411102158/tools/bin/../lib/gcc/arm-none-eabi/13.3.1/../../../../arm-none-eabi/lib/thumb/v8-m.main+fp/hard/libnosys.a
END GROUP
LOAD /Applications/STM32CubeIDE.app/Contents/Eclipse/plugins/com.st.stm32cube.ide.mcu.externaltools.gnu-tools-for-stm32.13.3.rel1.macos64_1.0.0.202411102158/tools/bin/../lib/gcc/arm-none-eabi/13.3.1/thumb/v8-m.main+fp/hard/crtend.o
LOAD /Applications/STM32CubeIDE.app/Contents/Eclipse/plugins/com.st.stm32cube.ide.mcu.externaltools.gnu-tools-for-stm32.13.3.rel1.macos64_1.0.0.202411102158/tools/bin/../lib/gcc/arm-none-eabi/13.3.1/thumb/v8-m.main+fp/hard/crtn.o
                0x20030000                        _estack = (ORIGIN (RAM) + LENGTH (RAM))
                0x00000200                        _Min_Heap_Size = 0x200
                0x00000400                        _Min_Stack_Size = 0x400

.isr_vector     0x08000000      0x1f4
                0x08000000                        . = ALIGN (0x4)
 *(.isr_vector)
 .isr_vector    0x08000000      0x1f4 ./Core/Startup/startup_stm32l552cctx.o
                0x08000000                g_pfnVectors
                0x080001f4                        . = ALIGN (0x4)

.text           0x080001f8    0x131d4
                0x080001f8                        . = ALIGN (0x4)
 *(.text)
 .text          0x080001f8       0x40 /Applications/STM32CubeIDE.app/Contents/Eclipse/plugins/com.st.stm32cube.ide.mcu.externaltools.gnu-tools-for-stm32.13.3.rel1.macos64_1.0.0.202411102158/tools/bin/../lib/gcc/arm-none-eabi/13.3.1/thumb/v8-m.main+fp/hard/crtbegin.o
 .text          0x08000238       0x10 /Applications/STM32CubeIDE.app/Contents/Eclipse/plugins/com.st.stm32cube.ide.mcu.externaltools.gnu-tools-for-stm32.13.3.rel1.macos64_1.0.0.202411102158/tools/bin/../lib/gcc/arm-none-eabi/13.3.1/../../../../arm-none-eabi/lib/thumb/v8-m.main+fp/hard/libc_nano.a(libc_a-strlen.o)
                0x08000238                strlen
 .text          0x08000248      0x378 /Applications/STM32CubeIDE.app/Contents/Eclipse/plugins/com.st.stm32cube.ide.mcu.externaltools.gnu-tools-for-stm32.13.3.rel1.macos64_1.0.0.202411102158/tools/bin/../lib/gcc/arm-none-eabi/13.3.1/thumb/v8-m.main+fp/hard/libgcc.a(_arm_addsubdf3.o)
                0x08000248                __aeabi_drsub
                0x08000250                __subdf3
                0x08000250                __aeabi_dsub
                0x08000254                __aeabi_dadd
                0x08000254                __adddf3
                0x080004cc                __aeabi_ui2d
                0x080004cc                __floatunsidf
                0x080004ec                __floatsidf
                0x080004ec                __aeabi_i2d
                0x08000510                __extendsfdf2
                0x08000510                __aeabi_f2d
                0x08000554                __aeabi_ul2d
                0x08000554                __floatundidf
                0x08000564                __aeabi_l2d
                0x08000564                __floatdidf
 .text          0x080005c0      0x424 /Applications/STM32CubeIDE.app/Contents/Eclipse/plugins/com.st.stm32cube.ide.mcu.externaltools.gnu-tools-for-stm32.13.3.rel1.macos64_1.0.0.202411102158/tools/bin/../lib/gcc/arm-none-eabi/13.3.1/thumb/v8-m.main+fp/hard/libgcc.a(_arm_muldivdf3.o)
                0x080005c0                __aeabi_dmul
                0x080005c0                __muldf3
                0x08000814                __aeabi_ddiv
                0x08000814                __divdf3
 .text          0x080009e4      0x110 /Applications/STM32CubeIDE.app/Contents/Eclipse/plugins/com.st.stm32cube.ide.mcu.externaltools.gnu-tools-for-stm32.13.3.rel1.macos64_1.0.0.202411102158/tools/bin/../lib/gcc/arm-none-eabi/13.3.1/thumb/v8-m.main+fp/hard/libgcc.a(_arm_cmpdf2.o)
                0x080009e4                __gedf2
                0x080009e4                __gtdf2
                0x080009ec                __ledf2
                0x080009ec                __ltdf2
                0x080009f4                __cmpdf2
                0x080009f4                __eqdf2
                0x080009f4                __nedf2
                0x08000a70                __aeabi_cdrcmple
                0x08000a80                __aeabi_cdcmple
                0x08000a80                __aeabi_cdcmpeq
                0x08000a90                __aeabi_dcmpeq
                0x08000aa4                __aeabi_dcmplt
                0x08000ab8                __aeabi_dcmple
                0x08000acc                __aeabi_dcmpge
                0x08000ae0                __aeabi_dcmpgt
 .text          0x08000af4       0x2c /Applications/STM32CubeIDE.app/Contents/Eclipse/plugins/com.st.stm32cube.ide.mcu.externaltools.gnu-tools-for-stm32.13.3.rel1.macos64_1.0.0.202411102158/tools/bin/../lib/gcc/arm-none-eabi/13.3.1/thumb/v8-m.main+fp/hard/libgcc.a(_arm_unorddf2.o)
                0x08000af4                __aeabi_dcmpun
                0x08000af4                __unorddf2
 .text          0x08000b20       0x50 /Applications/STM32CubeIDE.app/Contents/Eclipse/plugins/com.st.stm32cube.ide.mcu.externaltools.gnu-tools-for-stm32.13.3.rel1.macos64_1.0.0.202411102158/tools/bin/../lib/gcc/arm-none-eabi/13.3.1/thumb/v8-m.main+fp/hard/libgcc.a(_arm_fixdfsi.o)
                0x08000b20                __fixdfsi
                0x08000b20                __aeabi_d2iz
 .text          0x08000b70       0x30 /Applications/STM32CubeIDE.app/Contents/Eclipse/plugins/com.st.stm32cube.ide.mcu.externaltools.gnu-tools-for-stm32.13.3.rel1.macos64_1.0.0.202411102158/tools/bin/../lib/gcc/arm-none-eabi/13.3.1/thumb/v8-m.main+fp/hard/libgcc.a(_aeabi_uldivmod.o)
                0x08000b70                __aeabi_uldivmod
 .text          0x08000ba0      0x348 /Applications/STM32CubeIDE.app/Contents/Eclipse/plugins/com.st.stm32cube.ide.mcu.externaltools.gnu-tools-for-stm32.13.3.rel1.macos64_1.0.0.202411102158/tools/bin/../lib/gcc/arm-none-eabi/13.3.1/thumb/v8-m.main+fp/hard/libgcc.a(_udivmoddi4.o)
                0x08000ba0                __udivmoddi4
 .text          0x08000ee8        0x4 /Applications/STM32CubeIDE.app/Contents/Eclipse/plugins/com.st.stm32cube.ide.mcu.externaltools.gnu-tools-for-stm32.13.3.rel1.macos64_1.0.0.202411102158/tools/bin/../lib/gcc/arm-none-eabi/13.3.1/thumb/v8-m.main+fp/hard/libgcc.a(_dvmd_tls.o)
                0x08000ee8                __aeabi_ldiv0
                0x08000ee8                __aeabi_idiv0
 *(.text*)
 .text.MX_ADC1_Init
                0x08000eec       0xf0 ./Core/Src/adc.o
                0x08000eec                MX_ADC1_Init
 .text.HAL_ADC_MspInit
                0x08000fdc      0x144 ./Core/Src/adc.o
                0x08000fdc                HAL_ADC_MspInit
 .text.MX_DMA_Init
                0x08001120       0x54 ./Core/Src/dma.o
                0x08001120                MX_DMA_Init
 .text.MX_FDCAN1_Init
                0x08001174       0x8c ./Core/Src/fdcan.o
                0x08001174                MX_FDCAN1_Init
 .text.HAL_FDCAN_MspInit
                0x08001200       0xc0 ./Core/Src/fdcan.o
                0x08001200                HAL_FDCAN_MspInit
 .text.MX_GPIO_Init
                0x080012c0       0x78 ./Core/Src/gpio.o
                0x080012c0                MX_GPIO_Init
 .text.MX_I2C1_Init
                0x08001338       0x80 ./Core/Src/i2c.o
                0x08001338                MX_I2C1_Init
 .text.HAL_I2C_MspInit
                0x080013b8       0xbc ./Core/Src/i2c.o
                0x080013b8                HAL_I2C_MspInit
 .text.MX_ICACHE_Init
                0x08001474       0x16 ./Core/Src/icache.o
                0x08001474                MX_ICACHE_Init
 *fill*         0x0800148a        0x2 
 .text.ReadADC  0x0800148c       0x70 ./Core/Src/main.o
                0x0800148c                ReadADC
 .text.SetCurrent
                0x080014fc       0x4c ./Core/Src/main.o
                0x080014fc                SetCurrent
 .text.HAL_ADC_ConvCpltCallback
                0x08001548       0x40 ./Core/Src/main.o
                0x08001548                HAL_ADC_ConvCpltCallback
 .text.main     0x08001588      0x204 ./Core/Src/main.o
                0x08001588                main
 .text.SystemClock_Config
                0x0800178c       0xa6 ./Core/Src/main.o
                0x0800178c                SystemClock_Config
 .text.Error_Handler
                0x08001832        0xc ./Core/Src/main.o
                0x08001832                Error_Handler
 *fill*         0x0800183e        0x2 
 .text.SH1106_Init
                0x08001840      0x148 ./Core/Src/sh1106.o
                0x08001840                SH1106_Init
 .text.SH1106_UpdateScreen
                0x08001988       0x5c ./Core/Src/sh1106.o
                0x08001988                SH1106_UpdateScreen
 .text.SH1106_Fill
                0x080019e4       0x30 ./Core/Src/sh1106.o
                0x080019e4                SH1106_Fill
 .text.SH1106_DrawPixel
                0x08001a14       0xc0 ./Core/Src/sh1106.o
                0x08001a14                SH1106_DrawPixel
 .text.SH1106_GotoXY
                0x08001ad4       0x2c ./Core/Src/sh1106.o
                0x08001ad4                SH1106_GotoXY
 .text.SH1106_Putc
                0x08001b00       0xfc ./Core/Src/sh1106.o
                0x08001b00                SH1106_Putc
 .text.SH1106_Puts
                0x08001bfc       0x4a ./Core/Src/sh1106.o
                0x08001bfc                SH1106_Puts
 .text.SH1106_Clear
                0x08001c46       0x12 ./Core/Src/sh1106.o
                0x08001c46                SH1106_Clear
 .text.SH1106_I2C_WriteMulti
                0x08001c58       0xcc ./Core/Src/sh1106.o
                0x08001c58                SH1106_I2C_WriteMulti
 .text.SH1106_I2C_Write
                0x08001d24       0x3c ./Core/Src/sh1106.o
                0x08001d24                SH1106_I2C_Write
 .text.SH1106_DrawBitmap
                0x08001d60       0xd0 ./Core/Src/sh1106.o
                0x08001d60                SH1106_DrawBitmap
 .text.DispatchNext
                0x08001e30       0x70 ./Core/Src/sh1106.o
 .text.Enqueue  0x08001ea0       0x9c ./Core/Src/sh1106.o
 .text.HAL_I2C_MasterTxCpltCallback
                0x08001f3c       0x5c ./Core/Src/sh1106.o
                0x08001f3c                HAL_I2C_MasterTxCpltCallback
 .text.SetCursorQueued
                0x08001f98       0x5e ./Core/Src/sh1106.o
 *fill*         0x08001ff6        0x2 
 .text.SH1106_IsBusy
                0x08001ff8       0x3c ./Core/Src/sh1106.o
                0x08001ff8                SH1106_IsBusy
 .text.SH1106_Flush
                0x08002034       0x34 ./Core/Src/sh1106.o
                0x08002034                SH1106_Flush
 .text.SH1106_UpdateScreenDMA
                0x08002068       0x60 ./Core/Src/sh1106.o
                0x08002068                SH1106_UpdateScreenDMA
 .text.HAL_MspInit
                0x080020c8       0x48 ./Core/Src/stm32l5xx_hal_msp.o
                0x080020c8                HAL_MspInit
 .text.NMI_Handler
                0x08002110        0x8 ./Core/Src/stm32l5xx_it.o
                0x08002110                NMI_Handler
 .text.HardFault_Handler
                0x08002118        0x8 ./Core/Src/stm32l5xx_it.o
                0x08002118                HardFault_Handler
 .text.MemManage_Handler
                0x08002120        0x8 ./Core/Src/stm32l5xx_it.o
                0x08002120                MemManage_Handler
 .text.BusFault_Handler
                0x08002128        0x8 ./Core/Src/stm32l5xx_it.o
                0x08002128                BusFault_Handler
 .text.UsageFault_Handler
                0x08002130        0x8 ./Core/Src/stm32l5xx_it.o
                0x08002130                UsageFault_Handler
 .text.SVC_Handler
                0x08002138        0xe ./Core/Src/stm32l5xx_it.o
                0x08002138                SVC_Handler
 .text.DebugMon_Handler
                0x08002146        0xe ./Core/Src/stm32l5xx_it.o
                0x08002146                DebugMon_Handler
 .text.PendSV_Handler
                0x08002154        0xe ./Core/Src/stm32l5xx_it.o
                0x08002154                PendSV_Handler
 .text.SysTick_Handler
                0x08002162        0xc ./Core/Src/stm32l5xx_it.o
                0x08002162                SysTick_Handler
 *fill*         0x0800216e        0x2 
 .text.DMA1_Channel1_IRQHandler
                0x08002170       0x14 ./Core/Src/stm32l5xx_it.o
                0x08002170                DMA1_Channel1_IRQHandler
 .text.USB_FS_IRQHandler
                0x08002184       0x14 ./Core/Src/stm32l5xx_it.o
                0x08002184                USB_FS_IRQHandler
 .text._getpid  0x08002198       0x10 ./Core/Src/syscalls.o
                0x08002198                _getpid
 .text._kill    0x080021a8       0x20 ./Core/Src/syscalls.o
                0x080021a8                _kill
 .text._exit    0x080021c8       0x16 ./Core/Src/syscalls.o
                0x080021c8                _exit
 .text._read    0x080021de       0x3a ./Core/Src/syscalls.o
                0x080021de                _read
 .text._write   0x08002218       0x38 ./Core/Src/syscalls.o
                0x08002218                _write
 .text._close   0x08002250       0x18 ./Core/Src/syscalls.o
                0x08002250                _close
 .text._fstat   0x08002268       0x20 ./Core/Src/syscalls.o
                0x08002268                _fstat
 .text._isatty  0x08002288       0x16 ./Core/Src/syscalls.o
                0x08002288                _isatty
 .text._lseek   0x0800229e       0x1a ./Core/Src/syscalls.o
                0x0800229e                _lseek
 .text._sbrk    0x080022b8       0x6c ./Core/Src/sysmem.o
                0x080022b8                _sbrk
 .text.SystemInit
                0x08002324       0x2c ./Core/Src/system_stm32l5xx.o
                0x08002324                SystemInit
 .text.SystemCoreClockUpdate
                0x08002350      0x158 ./Core/Src/system_stm32l5xx.o
                0x08002350                SystemCoreClockUpdate
 .text.MX_USART2_UART_Init
                0x080024a8       0x98 ./Core/Src/usart.o
                0x080024a8                MX_USART2_UART_Init
 .text.HAL_UART_MspInit
                0x08002540       0xbc ./Core/Src/usart.o
                0x08002540                HAL_UART_MspInit
 .text.Reset_Handler
                0x080025fc       0x50 ./Core/Startup/startup_stm32l552cctx.o
                0x080025fc                Reset_Handler
 .text.Default_Handler
                0x0800264c        0x2 ./Core/Startup/startup_stm32l552cctx.o
                0x0800264c                DMA2_Channel3_IRQHandler
                0x0800264c                TIM8_TRG_COM_IRQHandler
                0x0800264c                TIM8_CC_IRQHandler
                0x0800264c                EXTI5_IRQHandler
                0x0800264c                FLASH_S_IRQHandler
                0x0800264c                EXTI13_IRQHandler
                0x0800264c                TIM1_CC_IRQHandler
                0x0800264c                TSC_IRQHandler
                0x0800264c                TAMP_IRQHandler
                0x0800264c                TIM6_IRQHandler
                0x0800264c                EXTI12_IRQHandler
                0x0800264c                DMA2_Channel8_IRQHandler
                0x0800264c                EXTI3_IRQHandler
                0x0800264c                EXTI8_IRQHandler
                0x0800264c                LPTIM2_IRQHandler
                0x0800264c                DFSDM1_FLT1_IRQHandler
                0x0800264c                I2C3_ER_IRQHandler
                0x0800264c                DFSDM1_FLT2_IRQHandler
                0x0800264c                DMAMUX1_IRQHandler
                0x0800264c                LPTIM3_IRQHandler
                0x0800264c                EXTI0_IRQHandler
                0x0800264c                I2C2_EV_IRQHandler
                0x0800264c                FPU_IRQHandler
                0x0800264c                FDCAN1_IT1_IRQHandler
                0x0800264c                ADC1_2_IRQHandler
                0x0800264c                SPI1_IRQHandler
                0x0800264c                OCTOSPI1_IRQHandler
                0x0800264c                TIM8_UP_IRQHandler
                0x0800264c                RCC_S_IRQHandler
                0x0800264c                DMA2_Channel2_IRQHandler
                0x0800264c                DMA1_Channel4_IRQHandler
                0x0800264c                SAI2_IRQHandler
                0x0800264c                DFSDM1_FLT3_IRQHandler
                0x0800264c                EXTI15_IRQHandler
                0x0800264c                TIM17_IRQHandler
                0x0800264c                USART3_IRQHandler
                0x0800264c                RTC_IRQHandler
                0x0800264c                EXTI9_IRQHandler
                0x0800264c                DMA1_Channel7_IRQHandler
                0x0800264c                UART5_IRQHandler
                0x0800264c                TIM4_IRQHandler
                0x0800264c                DMA2_Channel1_IRQHandler
                0x0800264c                I2C1_EV_IRQHandler
                0x0800264c                DMA1_Channel6_IRQHandler
                0x0800264c                TIM16_IRQHandler
                0x0800264c                UART4_IRQHandler
                0x0800264c                DMA2_Channel4_IRQHandler
                0x0800264c                SecureFault_Handler
                0x0800264c                TIM3_IRQHandler
                0x0800264c                RCC_IRQHandler
                0x0800264c                TIM1_TRG_COM_IRQHandler
                0x0800264c                Default_Handler
                0x0800264c                DMA2_Channel7_IRQHandler
                0x0800264c                DMA1_Channel8_IRQHandler
                0x0800264c                TIM7_IRQHandler
                0x0800264c                SDMMC1_IRQHandler
                0x0800264c                TIM5_IRQHandler
                0x0800264c                UCPD1_IRQHandler
                0x0800264c                TIM15_IRQHandler
                0x0800264c                I2C3_EV_IRQHandler
                0x0800264c                PVD_PVM_IRQHandler
                0x0800264c                SPI2_IRQHandler
                0x0800264c                EXTI14_IRQHandler
                0x0800264c                EXTI11_IRQHandler
                0x0800264c                DMA2_Channel5_IRQHandler
                0x0800264c                CRS_IRQHandler
                0x0800264c                DMA1_Channel5_IRQHandler
                0x0800264c                EXTI4_IRQHandler
                0x0800264c                RTC_S_IRQHandler
                0x0800264c                RNG_IRQHandler
                0x0800264c                DMAMUX1_S_IRQHandler
                0x0800264c                DMA1_Channel3_IRQHandler
                0x0800264c                COMP_IRQHandler
                0x0800264c                TIM1_UP_IRQHandler
                0x0800264c                WWDG_IRQHandler
                0x0800264c                I2C4_EV_IRQHandler
                0x0800264c                LPUART1_IRQHandler
                0x0800264c                DMA2_Channel6_IRQHandler
                0x0800264c                FDCAN1_IT0_IRQHandler
                0x0800264c                TIM2_IRQHandler
                0x0800264c                TAMP_S_IRQHandler
                0x0800264c                EXTI7_IRQHandler
                0x0800264c                TIM1_BRK_IRQHandler
                0x0800264c                DAC_IRQHandler
                0x0800264c                EXTI1_IRQHandler
                0x0800264c                GTZC_IRQHandler
                0x0800264c                USART2_IRQHandler
                0x0800264c                DFSDM1_FLT0_IRQHandler
                0x0800264c                I2C2_ER_IRQHandler
                0x0800264c                DMA1_Channel2_IRQHandler
                0x0800264c                TIM8_BRK_IRQHandler
                0x0800264c                FLASH_IRQHandler
                0x0800264c                USART1_IRQHandler
                0x0800264c                EXTI10_IRQHandler
                0x0800264c                SPI3_IRQHandler
                0x0800264c                I2C1_ER_IRQHandler
                0x0800264c                FMC_IRQHandler
                0x0800264c                EXTI6_IRQHandler
                0x0800264c                LPTIM1_IRQHandler
                0x0800264c                I2C4_ER_IRQHandler
                0x0800264c                ICACHE_IRQHandler
                0x0800264c                SAI1_IRQHandler
                0x0800264c                HASH_IRQHandler
                0x0800264c                EXTI2_IRQHandler
 .text.USB_Driver_NextIndex
                0x0800264e       0x22 ./Drivers/BFR_Krill_Drivers/src/usb_driver.o
 .text.USB_Driver_Init
                0x08002670       0x34 ./Drivers/BFR_Krill_Drivers/src/usb_driver.o
                0x08002670                USB_Driver_Init
 .text.USB_Driver_SetConfigured
                0x080026a4       0x20 ./Drivers/BFR_Krill_Drivers/src/usb_driver.o
                0x080026a4                USB_Driver_SetConfigured
 .text.USB_Driver_IsConfigured
                0x080026c4       0x18 ./Drivers/BFR_Krill_Drivers/src/usb_driver.o
                0x080026c4                USB_Driver_IsConfigured
 .text.USB_Driver_Write
                0x080026dc       0x54 ./Drivers/BFR_Krill_Drivers/src/usb_driver.o
                0x080026dc                USB_Driver_Write
 .text.USB_Driver_WriteString
                0x08002730       0x3c ./Drivers/BFR_Krill_Drivers/src/usb_driver.o
                0x08002730                USB_Driver_WriteString
 .text.USB_Driver_RxHandler
                0x0800276c       0x78 ./Drivers/BFR_Krill_Drivers/src/usb_driver.o
                0x0800276c                USB_Driver_RxHandler
 .text.HAL_Init
                0x080027e4       0x34 ./Drivers/STM32L5xx_HAL_Driver/Src/stm32l5xx_hal.o
                0x080027e4                HAL_Init
 .text.HAL_InitTick
                0x08002818       0x78 ./Drivers/STM32L5xx_HAL_Driver/Src/stm32l5xx_hal.o
                0x08002818                HAL_InitTick
 .text.HAL_IncTick
                0x08002890       0x28 ./Drivers/STM32L5xx_HAL_Driver/Src/stm32l5xx_hal.o
                0x08002890                HAL_IncTick
 .text.HAL_GetTick
                0x080028b8       0x18 ./Drivers/STM32L5xx_HAL_Driver/Src/stm32l5xx_hal.o
                0x080028b8                HAL_GetTick
 .text.HAL_Delay
                0x080028d0       0x48 ./Drivers/STM32L5xx_HAL_Driver/Src/stm32l5xx_hal.o
                0x080028d0                HAL_Delay
 .text.LL_ADC_SetCommonClock
                0x08002918       0x26 ./Drivers/STM32L5xx_HAL_Driver/Src/stm32l5xx_hal_adc.o
 .text.LL_ADC_SetCommonPathInternalCh
                0x0800293e       0x26 ./Drivers/STM32L5xx_HAL_Driver/Src/stm32l5xx_hal_adc.o
 .text.LL_ADC_GetCommonPathInternalCh
                0x08002964       0x1c ./Drivers/STM32L5xx_HAL_Driver/Src/stm32l5xx_hal_adc.o
 .text.LL_ADC_SetOffset
                0x08002980       0x48 ./Drivers/STM32L5xx_HAL_Driver/Src/stm32l5xx_hal_adc.o
 .text.LL_ADC_GetOffsetChannel
                0x080029c8       0x2c ./Drivers/STM32L5xx_HAL_Driver/Src/stm32l5xx_hal_adc.o
 .text.LL_ADC_SetOffsetState
                0x080029f4       0x36 ./Drivers/STM32L5xx_HAL_Driver/Src/stm32l5xx_hal_adc.o
 .text.LL_ADC_SetSamplingTimeCommonConfig
                0x08002a2a       0x26 ./Drivers/STM32L5xx_HAL_Driver/Src/stm32l5xx_hal_adc.o
 .text.LL_ADC_REG_IsTriggerSourceSWStart
                0x08002a50       0x26 ./Drivers/STM32L5xx_HAL_Driver/Src/stm32l5xx_hal_adc.o
 .text.LL_ADC_REG_SetSequencerRanks
                0x08002a76       0x58 ./Drivers/STM32L5xx_HAL_Driver/Src/stm32l5xx_hal_adc.o
 .text.LL_ADC_SetChannelSamplingTime
                0x08002ace       0x56 ./Drivers/STM32L5xx_HAL_Driver/Src/stm32l5xx_hal_adc.o
 .text.LL_ADC_SetChannelSingleDiff
                0x08002b24       0x48 ./Drivers/STM32L5xx_HAL_Driver/Src/stm32l5xx_hal_adc.o
 .text.LL_ADC_GetMultimode
                0x08002b6c       0x1c ./Drivers/STM32L5xx_HAL_Driver/Src/stm32l5xx_hal_adc.o
 .text.LL_ADC_DisableDeepPowerDown
                0x08002b88       0x24 ./Drivers/STM32L5xx_HAL_Driver/Src/stm32l5xx_hal_adc.o
 .text.LL_ADC_IsDeepPowerDownEnabled
                0x08002bac       0x28 ./Drivers/STM32L5xx_HAL_Driver/Src/stm32l5xx_hal_adc.o
 .text.LL_ADC_EnableInternalRegulator
                0x08002bd4       0x28 ./Drivers/STM32L5xx_HAL_Driver/Src/stm32l5xx_hal_adc.o
 .text.LL_ADC_IsInternalRegulatorEnabled
                0x08002bfc       0x28 ./Drivers/STM32L5xx_HAL_Driver/Src/stm32l5xx_hal_adc.o
 .text.LL_ADC_Enable
                0x08002c24       0x28 ./Drivers/STM32L5xx_HAL_Driver/Src/stm32l5xx_hal_adc.o
 .text.LL_ADC_Disable
                0x08002c4c       0x28 ./Drivers/STM32L5xx_HAL_Driver/Src/stm32l5xx_hal_adc.o
 .text.LL_ADC_IsEnabled
                0x08002c74       0x26 ./Drivers/STM32L5xx_HAL_Driver/Src/stm32l5xx_hal_adc.o
 .text.LL_ADC_IsDisableOngoing
                0x08002c9a       0x26 ./Drivers/STM32L5xx_HAL_Driver/Src/stm32l5xx_hal_adc.o
 .text.LL_ADC_REG_StartConversion
                0x08002cc0       0x28 ./Drivers/STM32L5xx_HAL_Driver/Src/stm32l5xx_hal_adc.o
 .text.LL_ADC_REG_IsConversionOngoing
                0x08002ce8       0x26 ./Drivers/STM32L5xx_HAL_Driver/Src/stm32l5xx_hal_adc.o
 .text.LL_ADC_INJ_IsConversionOngoing
                0x08002d0e       0x26 ./Drivers/STM32L5xx_HAL_Driver/Src/stm32l5xx_hal_adc.o
 .text.HAL_ADC_Init
                0x08002d34      0x298 ./Drivers/STM32L5xx_HAL_Driver/Src/stm32l5xx_hal_adc.o
                0x08002d34                HAL_ADC_Init
 .text.HAL_ADC_Start_DMA
                0x08002fcc      0x168 ./Drivers/STM32L5xx_HAL_Driver/Src/stm32l5xx_hal_adc.o
                0x08002fcc                HAL_ADC_Start_DMA
 .text.HAL_ADC_ConvHalfCpltCallback
                0x08003134       0x14 ./Drivers/STM32L5xx_HAL_Driver/Src/stm32l5xx_hal_adc.o
                0x08003134                HAL_ADC_ConvHalfCpltCallback
 .text.HAL_ADC_ErrorCallback
                0x08003148       0x14 ./Drivers/STM32L5xx_HAL_Driver/Src/stm32l5xx_hal_adc.o
                0x08003148                HAL_ADC_ErrorCallback
 .text.HAL_ADC_ConfigChannel
                0x0800315c      0x7d4 ./Drivers/STM32L5xx_HAL_Driver/Src/stm32l5xx_hal_adc.o
                0x0800315c                HAL_ADC_ConfigChannel
 .text.ADC_Enable
                0x08003930      0x10c ./Drivers/STM32L5xx_HAL_Driver/Src/stm32l5xx_hal_adc.o
                0x08003930                ADC_Enable
 .text.ADC_Disable
                0x08003a3c       0xbe ./Drivers/STM32L5xx_HAL_Driver/Src/stm32l5xx_hal_adc.o
                0x08003a3c                ADC_Disable
 .text.ADC_DMAConvCplt
                0x08003afa       0xd8 ./Drivers/STM32L5xx_HAL_Driver/Src/stm32l5xx_hal_adc.o
                0x08003afa                ADC_DMAConvCplt
 .text.ADC_DMAHalfConvCplt
                0x08003bd2       0x1c ./Drivers/STM32L5xx_HAL_Driver/Src/stm32l5xx_hal_adc.o
                0x08003bd2                ADC_DMAHalfConvCplt
 .text.ADC_DMAError
                0x08003bee       0x34 ./Drivers/STM32L5xx_HAL_Driver/Src/stm32l5xx_hal_adc.o
                0x08003bee                ADC_DMAError
 .text.LL_ADC_IsEnabled
                0x08003c22       0x26 ./Drivers/STM32L5xx_HAL_Driver/Src/stm32l5xx_hal_adc_ex.o
 .text.LL_ADC_StartCalibration
                0x08003c48       0x32 ./Drivers/STM32L5xx_HAL_Driver/Src/stm32l5xx_hal_adc_ex.o
 .text.LL_ADC_IsCalibrationOnGoing
                0x08003c7a       0x28 ./Drivers/STM32L5xx_HAL_Driver/Src/stm32l5xx_hal_adc_ex.o
 .text.LL_ADC_REG_IsConversionOngoing
                0x08003ca2       0x26 ./Drivers/STM32L5xx_HAL_Driver/Src/stm32l5xx_hal_adc_ex.o
 .text.HAL_ADCEx_Calibration_Start
                0x08003cc8       0xc4 ./Drivers/STM32L5xx_HAL_Driver/Src/stm32l5xx_hal_adc_ex.o
                0x08003cc8                HAL_ADCEx_Calibration_Start
 .text.HAL_ADCEx_MultiModeConfigChannel
                0x08003d8c      0x148 ./Drivers/STM32L5xx_HAL_Driver/Src/stm32l5xx_hal_adc_ex.o
                0x08003d8c                HAL_ADCEx_MultiModeConfigChannel
 .text.__NVIC_SetPriorityGrouping
                0x08003ed4       0x48 ./Drivers/STM32L5xx_HAL_Driver/Src/stm32l5xx_hal_cortex.o
 .text.__NVIC_GetPriorityGrouping
                0x08003f1c       0x1c ./Drivers/STM32L5xx_HAL_Driver/Src/stm32l5xx_hal_cortex.o
 .text.__NVIC_EnableIRQ
                0x08003f38       0x3c ./Drivers/STM32L5xx_HAL_Driver/Src/stm32l5xx_hal_cortex.o
 .text.__NVIC_SetPriority
                0x08003f74       0x54 ./Drivers/STM32L5xx_HAL_Driver/Src/stm32l5xx_hal_cortex.o
 .text.NVIC_EncodePriority
                0x08003fc8       0x66 ./Drivers/STM32L5xx_HAL_Driver/Src/stm32l5xx_hal_cortex.o
 *fill*         0x0800402e        0x2 
 .text.SysTick_Config
                0x08004030       0x44 ./Drivers/STM32L5xx_HAL_Driver/Src/stm32l5xx_hal_cortex.o
 .text.HAL_NVIC_SetPriorityGrouping
                0x08004074       0x16 ./Drivers/STM32L5xx_HAL_Driver/Src/stm32l5xx_hal_cortex.o
                0x08004074                HAL_NVIC_SetPriorityGrouping
 .text.HAL_NVIC_SetPriority
                0x0800408a       0x34 ./Drivers/STM32L5xx_HAL_Driver/Src/stm32l5xx_hal_cortex.o
                0x0800408a                HAL_NVIC_SetPriority
 .text.HAL_NVIC_EnableIRQ
                0x080040be       0x1c ./Drivers/STM32L5xx_HAL_Driver/Src/stm32l5xx_hal_cortex.o
                0x080040be                HAL_NVIC_EnableIRQ
 .text.HAL_SYSTICK_Config
                0x080040da       0x18 ./Drivers/STM32L5xx_HAL_Driver/Src/stm32l5xx_hal_cortex.o
                0x080040da                HAL_SYSTICK_Config
 *fill*         0x080040f2        0x2 
 .text.HAL_DMA_Init
                0x080040f4      0x150 ./Drivers/STM32L5xx_HAL_Driver/Src/stm32l5xx_hal_dma.o
                0x080040f4                HAL_DMA_Init
 .text.HAL_DMA_Start_IT
                0x08004244       0xf6 ./Drivers/STM32L5xx_HAL_Driver/Src/stm32l5xx_hal_dma.o
                0x08004244                HAL_DMA_Start_IT
 .text.HAL_DMA_Abort_IT
                0x0800433a       0xbe ./Drivers/STM32L5xx_HAL_Driver/Src/stm32l5xx_hal_dma.o
                0x0800433a                HAL_DMA_Abort_IT
 .text.HAL_DMA_IRQHandler
                0x080043f8      0x200 ./Drivers/STM32L5xx_HAL_Driver/Src/stm32l5xx_hal_dma.o
                0x080043f8                HAL_DMA_IRQHandler
 .text.HAL_DMA_GetState
                0x080045f8       0x1c ./Drivers/STM32L5xx_HAL_Driver/Src/stm32l5xx_hal_dma.o
                0x080045f8                HAL_DMA_GetState
 .text.HAL_DMA_ConfigChannelAttributes
                0x08004614       0x60 ./Drivers/STM32L5xx_HAL_Driver/Src/stm32l5xx_hal_dma.o
                0x08004614                HAL_DMA_ConfigChannelAttributes
 .text.DMA_SetConfig
                0x08004674       0x7c ./Drivers/STM32L5xx_HAL_Driver/Src/stm32l5xx_hal_dma.o
 .text.DMA_CalcDMAMUXChannelBaseAndMask
                0x080046f0       0x7c ./Drivers/STM32L5xx_HAL_Driver/Src/stm32l5xx_hal_dma.o
 .text.DMA_CalcDMAMUXRequestGenBaseAndMask
                0x0800476c       0x48 ./Drivers/STM32L5xx_HAL_Driver/Src/stm32l5xx_hal_dma.o
 .text.HAL_FDCAN_Init
                0x080047b4      0x2a4 ./Drivers/STM32L5xx_HAL_Driver/Src/stm32l5xx_hal_fdcan.o
                0x080047b4                HAL_FDCAN_Init
 .text.HAL_FDCAN_Start
                0x08004a58       0x50 ./Drivers/STM32L5xx_HAL_Driver/Src/stm32l5xx_hal_fdcan.o
                0x08004a58                HAL_FDCAN_Start
 .text.HAL_FDCAN_AddMessageToTxFifoQ
                0x08004aa8       0x88 ./Drivers/STM32L5xx_HAL_Driver/Src/stm32l5xx_hal_fdcan.o
                0x08004aa8                HAL_FDCAN_AddMessageToTxFifoQ
 .text.FDCAN_CalcultateRamBlockAddresses
                0x08004b30       0xac ./Drivers/STM32L5xx_HAL_Driver/Src/stm32l5xx_hal_fdcan.o
 .text.FDCAN_CopyMessageToRAM
                0x08004bdc       0xf8 ./Drivers/STM32L5xx_HAL_Driver/Src/stm32l5xx_hal_fdcan.o
 .text.HAL_GPIO_Init
                0x08004cd4      0x300 ./Drivers/STM32L5xx_HAL_Driver/Src/stm32l5xx_hal_gpio.o
                0x08004cd4                HAL_GPIO_Init
 .text.HAL_I2C_Init
                0x08004fd4      0x136 ./Drivers/STM32L5xx_HAL_Driver/Src/stm32l5xx_hal_i2c.o
                0x08004fd4                HAL_I2C_Init
 *fill*         0x0800510a        0x2 
 .text.HAL_I2C_Master_Transmit
                0x0800510c      0x230 ./Drivers/STM32L5xx_HAL_Driver/Src/stm32l5xx_hal_i2c.o
                0x0800510c                HAL_I2C_Master_Transmit
 .text.HAL_I2C_Master_Transmit_DMA
                0x0800533c      0x228 ./Drivers/STM32L5xx_HAL_Driver/Src/stm32l5xx_hal_i2c.o
                0x0800533c                HAL_I2C_Master_Transmit_DMA
 .text.HAL_I2C_IsDeviceReady
                0x08005564      0x1d8 ./Drivers/STM32L5xx_HAL_Driver/Src/stm32l5xx_hal_i2c.o
                0x08005564                HAL_I2C_IsDeviceReady
 .text.HAL_I2C_MasterRxCpltCallback
                0x0800573c       0x14 ./Drivers/STM32L5xx_HAL_Driver/Src/stm32l5xx_hal_i2c.o
                0x0800573c                HAL_I2C_MasterRxCpltCallback
 .text.HAL_I2C_SlaveTxCpltCallback
                0x08005750       0x14 ./Drivers/STM32L5xx_HAL_Driver/Src/stm32l5xx_hal_i2c.o
                0x08005750                HAL_I2C_SlaveTxCpltCallback
 .text.HAL_I2C_SlaveRxCpltCallback
                0x08005764       0x14 ./Drivers/STM32L5xx_HAL_Driver/Src/stm32l5xx_hal_i2c.o
                0x08005764                HAL_I2C_SlaveRxCpltCallback
 .text.HAL_I2C_AddrCallback
                0x08005778       0x1c ./Drivers/STM32L5xx_HAL_Driver/Src/stm32l5xx_hal_i2c.o
                0x08005778                HAL_I2C_AddrCallback
 .text.HAL_I2C_ListenCpltCallback
                0x08005794       0x14 ./Drivers/STM32L5xx_HAL_Driver/Src/stm32l5xx_hal_i2c.o
                0x08005794                HAL_I2C_ListenCpltCallback
 .text.HAL_I2C_MemTxCpltCallback
                0x080057a8       0x14 ./Drivers/STM32L5xx_HAL_Driver/Src/stm32l5xx_hal_i2c.o
                0x080057a8                HAL_I2C_MemTxCpltCallback
 .text.HAL_I2C_MemRxCpltCallback
                0x080057bc       0x14 ./Drivers/STM32L5xx_HAL_Driver/Src/stm32l5xx_hal_i2c.o
                0x080057bc                HAL_I2C_MemRxCpltCallback
 .text.HAL_I2C_ErrorCallback
                0x080057d0       0x14 ./Drivers/STM32L5xx_HAL_Driver/Src/stm32l5xx_hal_i2c.o
                0x080057d0                HAL_I2C_ErrorCallback
 .text.HAL_I2C_AbortCpltCallback
                0x080057e4       0x14 ./Drivers/STM32L5xx_HAL_Driver/Src/stm32l5xx_hal_i2c.o
                0x080057e4                HAL_I2C_AbortCpltCallback
 .text.I2C_Master_ISR_IT
                0x080057f8      0x268 ./Drivers/STM32L5xx_HAL_Driver/Src/stm32l5xx_hal_i2c.o
 .text.I2C_Slave_ISR_IT
                0x08005a60      0x208 ./Drivers/STM32L5xx_HAL_Driver/Src/stm32l5xx_hal_i2c.o
 .text.I2C_Master_ISR_DMA
                0x08005c68      0x1e6 ./Drivers/STM32L5xx_HAL_Driver/Src/stm32l5xx_hal_i2c.o
 *fill*         0x08005e4e        0x2 
 .text.I2C_Mem_ISR_DMA
                0x08005e50      0x260 ./Drivers/STM32L5xx_HAL_Driver/Src/stm32l5xx_hal_i2c.o
 .text.I2C_Slave_ISR_DMA
                0x080060b0      0x1c2 ./Drivers/STM32L5xx_HAL_Driver/Src/stm32l5xx_hal_i2c.o
 .text.I2C_ITAddrCplt
                0x08006272      0x108 ./Drivers/STM32L5xx_HAL_Driver/Src/stm32l5xx_hal_i2c.o
 .text.I2C_ITMasterSeqCplt
                0x0800637a       0x7a ./Drivers/STM32L5xx_HAL_Driver/Src/stm32l5xx_hal_i2c.o
 .text.I2C_ITSlaveSeqCplt
                0x080063f4       0xbc ./Drivers/STM32L5xx_HAL_Driver/Src/stm32l5xx_hal_i2c.o
 .text.I2C_ITMasterCplt
                0x080064b0      0x194 ./Drivers/STM32L5xx_HAL_Driver/Src/stm32l5xx_hal_i2c.o
 .text.I2C_ITSlaveCplt
                0x08006644      0x2d4 ./Drivers/STM32L5xx_HAL_Driver/Src/stm32l5xx_hal_i2c.o
 .text.I2C_ITListenCplt
                0x08006918       0xac ./Drivers/STM32L5xx_HAL_Driver/Src/stm32l5xx_hal_i2c.o
 .text.I2C_ITError
                0x080069c4      0x1e0 ./Drivers/STM32L5xx_HAL_Driver/Src/stm32l5xx_hal_i2c.o
 .text.I2C_TreatErrorCallback
                0x08006ba4       0x4e ./Drivers/STM32L5xx_HAL_Driver/Src/stm32l5xx_hal_i2c.o
 .text.I2C_Flush_TXDR
                0x08006bf2       0x48 ./Drivers/STM32L5xx_HAL_Driver/Src/stm32l5xx_hal_i2c.o
 .text.I2C_DMAMasterTransmitCplt
                0x08006c3a       0x96 ./Drivers/STM32L5xx_HAL_Driver/Src/stm32l5xx_hal_i2c.o
 .text.I2C_DMAError
                0x08006cd0       0x2e ./Drivers/STM32L5xx_HAL_Driver/Src/stm32l5xx_hal_i2c.o
 .text.I2C_DMAAbort
                0x08006cfe       0x3c ./Drivers/STM32L5xx_HAL_Driver/Src/stm32l5xx_hal_i2c.o
 .text.I2C_WaitOnFlagUntilTimeout
                0x08006d3a       0xb2 ./Drivers/STM32L5xx_HAL_Driver/Src/stm32l5xx_hal_i2c.o
 .text.I2C_WaitOnTXISFlagUntilTimeout
                0x08006dec       0x8e ./Drivers/STM32L5xx_HAL_Driver/Src/stm32l5xx_hal_i2c.o
 .text.I2C_WaitOnSTOPFlagUntilTimeout
                0x08006e7a       0x86 ./Drivers/STM32L5xx_HAL_Driver/Src/stm32l5xx_hal_i2c.o
 .text.I2C_IsErrorOccurred
                0x08006f00      0x1c0 ./Drivers/STM32L5xx_HAL_Driver/Src/stm32l5xx_hal_i2c.o
 .text.I2C_TransferConfig
                0x080070c0       0x64 ./Drivers/STM32L5xx_HAL_Driver/Src/stm32l5xx_hal_i2c.o
 .text.I2C_Enable_IRQ
                0x08007124      0x108 ./Drivers/STM32L5xx_HAL_Driver/Src/stm32l5xx_hal_i2c.o
 .text.I2C_Disable_IRQ
                0x0800722c       0xbc ./Drivers/STM32L5xx_HAL_Driver/Src/stm32l5xx_hal_i2c.o
 .text.HAL_I2CEx_ConfigAnalogFilter
                0x080072e8       0x96 ./Drivers/STM32L5xx_HAL_Driver/Src/stm32l5xx_hal_i2c_ex.o
                0x080072e8                HAL_I2CEx_ConfigAnalogFilter
 .text.HAL_I2CEx_ConfigDigitalFilter
                0x0800737e       0x98 ./Drivers/STM32L5xx_HAL_Driver/Src/stm32l5xx_hal_i2c_ex.o
                0x0800737e                HAL_I2CEx_ConfigDigitalFilter
 *fill*         0x08007416        0x2 
 .text.HAL_ICACHE_Enable
                0x08007418       0x20 ./Drivers/STM32L5xx_HAL_Driver/Src/stm32l5xx_hal_icache.o
                0x08007418                HAL_ICACHE_Enable
 .text.HAL_PCD_Init
                0x08007438      0x19c ./Drivers/STM32L5xx_HAL_Driver/Src/stm32l5xx_hal_pcd.o
                0x08007438                HAL_PCD_Init
 .text.HAL_PCD_Start
                0x080075d4       0x44 ./Drivers/STM32L5xx_HAL_Driver/Src/stm32l5xx_hal_pcd.o
                0x080075d4                HAL_PCD_Start
 .text.HAL_PCD_IRQHandler
                0x08007618      0x24e ./Drivers/STM32L5xx_HAL_Driver/Src/stm32l5xx_hal_pcd.o
                0x08007618                HAL_PCD_IRQHandler
 .text.HAL_PCD_SetAddress
                0x08007866       0x48 ./Drivers/STM32L5xx_HAL_Driver/Src/stm32l5xx_hal_pcd.o
                0x08007866                HAL_PCD_SetAddress
 .text.HAL_PCD_EP_Open
                0x080078ae       0xba ./Drivers/STM32L5xx_HAL_Driver/Src/stm32l5xx_hal_pcd.o
                0x080078ae                HAL_PCD_EP_Open
 .text.HAL_PCD_EP_Close
                0x08007968       0x90 ./Drivers/STM32L5xx_HAL_Driver/Src/stm32l5xx_hal_pcd.o
                0x08007968                HAL_PCD_EP_Close
 .text.HAL_PCD_EP_Receive
                0x080079f8       0x62 ./Drivers/STM32L5xx_HAL_Driver/Src/stm32l5xx_hal_pcd.o
                0x080079f8                HAL_PCD_EP_Receive
 .text.HAL_PCD_EP_GetRxCount
                0x08007a5a       0x30 ./Drivers/STM32L5xx_HAL_Driver/Src/stm32l5xx_hal_pcd.o
                0x08007a5a                HAL_PCD_EP_GetRxCount
 .text.HAL_PCD_EP_Transmit
                0x08007a8a       0x6e ./Drivers/STM32L5xx_HAL_Driver/Src/stm32l5xx_hal_pcd.o
                0x08007a8a                HAL_PCD_EP_Transmit
 .text.HAL_PCD_EP_SetStall
                0x08007af8       0xa4 ./Drivers/STM32L5xx_HAL_Driver/Src/stm32l5xx_hal_pcd.o
                0x08007af8                HAL_PCD_EP_SetStall
 .text.HAL_PCD_EP_ClrStall
                0x08007b9c       0xa8 ./Drivers/STM32L5xx_HAL_Driver/Src/stm32l5xx_hal_pcd.o
                0x08007b9c                HAL_PCD_EP_ClrStall
 .text.PCD_EP_ISR_Handler
                0x08007c44      0x782 ./Drivers/STM32L5xx_HAL_Driver/Src/stm32l5xx_hal_pcd.o
 .text.HAL_PCD_EP_DB_Receive
                0x080083c6      0x212 ./Drivers/STM32L5xx_HAL_Driver/Src/stm32l5xx_hal_pcd.o
 .text.HAL_PCD_EP_DB_Transmit
                0x080085d8      0x7ec ./Drivers/STM32L5xx_HAL_Driver/Src/stm32l5xx_hal_pcd.o
 .text.HAL_PCDEx_PMAConfig
                0x08008dc4       0x86 ./Drivers/STM32L5xx_HAL_Driver/Src/stm32l5xx_hal_pcd_ex.o
                0x08008dc4                HAL_PCDEx_PMAConfig
 .text.HAL_PCDEx_ActivateLPM
                0x08008e4a       0x54 ./Drivers/STM32L5xx_HAL_Driver/Src/stm32l5xx_hal_pcd_ex.o
                0x08008e4a                HAL_PCDEx_ActivateLPM
 *fill*         0x08008e9e        0x2 
 .text.HAL_PWREx_GetVoltageRange
                0x08008ea0       0x1c ./Drivers/STM32L5xx_HAL_Driver/Src/stm32l5xx_hal_pwr_ex.o
                0x08008ea0                HAL_PWREx_GetVoltageRange
 .text.HAL_PWREx_ControlVoltageScaling
                0x08008ebc       0xb8 ./Drivers/STM32L5xx_HAL_Driver/Src/stm32l5xx_hal_pwr_ex.o
                0x08008ebc                HAL_PWREx_ControlVoltageScaling
 .text.HAL_PWREx_EnableVddUSB
                0x08008f74       0x20 ./Drivers/STM32L5xx_HAL_Driver/Src/stm32l5xx_hal_pwr_ex.o
                0x08008f74                HAL_PWREx_EnableVddUSB
 .text.HAL_PWREx_DisableUCPDDeadBattery
                0x08008f94       0x20 ./Drivers/STM32L5xx_HAL_Driver/Src/stm32l5xx_hal_pwr_ex.o
                0x08008f94                HAL_PWREx_DisableUCPDDeadBattery
 .text.HAL_PWREx_SMPS_GetEffectiveMode
                0x08008fb4       0x48 ./Drivers/STM32L5xx_HAL_Driver/Src/stm32l5xx_hal_pwr_ex.o
                0x08008fb4                HAL_PWREx_SMPS_GetEffectiveMode
 .text.HAL_RCC_OscConfig
                0x08008ffc      0x9ac ./Drivers/STM32L5xx_HAL_Driver/Src/stm32l5xx_hal_rcc.o
                0x08008ffc                HAL_RCC_OscConfig
 .text.HAL_RCC_ClockConfig
                0x080099a8      0x270 ./Drivers/STM32L5xx_HAL_Driver/Src/stm32l5xx_hal_rcc.o
                0x080099a8                HAL_RCC_ClockConfig
 .text.HAL_RCC_GetSysClockFreq
                0x08009c18      0x138 ./Drivers/STM32L5xx_HAL_Driver/Src/stm32l5xx_hal_rcc.o
                0x08009c18                HAL_RCC_GetSysClockFreq
 .text.HAL_RCC_GetHCLKFreq
                0x08009d50       0x28 ./Drivers/STM32L5xx_HAL_Driver/Src/stm32l5xx_hal_rcc.o
                0x08009d50                HAL_RCC_GetHCLKFreq
 .text.HAL_RCC_GetPCLK1Freq
                0x08009d78       0x28 ./Drivers/STM32L5xx_HAL_Driver/Src/stm32l5xx_hal_rcc.o
                0x08009d78                HAL_RCC_GetPCLK1Freq
 .text.HAL_RCC_GetPCLK2Freq
                0x08009da0       0x28 ./Drivers/STM32L5xx_HAL_Driver/Src/stm32l5xx_hal_rcc.o
                0x08009da0                HAL_RCC_GetPCLK2Freq
 .text.RCC_SetFlashLatencyFromMSIRange
                0x08009dc8       0xc8 ./Drivers/STM32L5xx_HAL_Driver/Src/stm32l5xx_hal_rcc.o
 .text.RCC_GetSysClockFreqFromPLLSource
                0x08009e90       0xd8 ./Drivers/STM32L5xx_HAL_Driver/Src/stm32l5xx_hal_rcc.o
 .text.HAL_RCCEx_PeriphCLKConfig
                0x08009f68      0x708 ./Drivers/STM32L5xx_HAL_Driver/Src/stm32l5xx_hal_rcc_ex.o
                0x08009f68                HAL_RCCEx_PeriphCLKConfig
 .text.RCCEx_PLLSAI1_Config
                0x0800a670      0x1cc ./Drivers/STM32L5xx_HAL_Driver/Src/stm32l5xx_hal_rcc_ex.o
 .text.RCCEx_PLLSAI2_Config
                0x0800a83c      0x158 ./Drivers/STM32L5xx_HAL_Driver/Src/stm32l5xx_hal_rcc_ex.o
 .text.HAL_UART_Init
                0x0800a994       0xa0 ./Drivers/STM32L5xx_HAL_Driver/Src/stm32l5xx_hal_uart.o
                0x0800a994                HAL_UART_Init
 .text.UART_SetConfig
                0x0800aa34      0x600 ./Drivers/STM32L5xx_HAL_Driver/Src/stm32l5xx_hal_uart.o
                0x0800aa34                UART_SetConfig
 .text.UART_AdvFeatureConfig
                0x0800b034      0x144 ./Drivers/STM32L5xx_HAL_Driver/Src/stm32l5xx_hal_uart.o
                0x0800b034                UART_AdvFeatureConfig
 .text.UART_CheckIdleState
                0x0800b178      0x154 ./Drivers/STM32L5xx_HAL_Driver/Src/stm32l5xx_hal_uart.o
                0x0800b178                UART_CheckIdleState
 .text.UART_WaitOnFlagUntilTimeout
                0x0800b2cc       0xda ./Drivers/STM32L5xx_HAL_Driver/Src/stm32l5xx_hal_uart.o
                0x0800b2cc                UART_WaitOnFlagUntilTimeout
 .text.UART_EndRxTransfer
                0x0800b3a6       0xcc ./Drivers/STM32L5xx_HAL_Driver/Src/stm32l5xx_hal_uart.o
 .text.HAL_UARTEx_DisableFifoMode
                0x0800b472       0x72 ./Drivers/STM32L5xx_HAL_Driver/Src/stm32l5xx_hal_uart_ex.o
                0x0800b472                HAL_UARTEx_DisableFifoMode
 .text.HAL_UARTEx_SetTxFifoThreshold
                0x0800b4e4       0x7c ./Drivers/STM32L5xx_HAL_Driver/Src/stm32l5xx_hal_uart_ex.o
                0x0800b4e4                HAL_UARTEx_SetTxFifoThreshold
 .text.HAL_UARTEx_SetRxFifoThreshold
                0x0800b560       0x7c ./Drivers/STM32L5xx_HAL_Driver/Src/stm32l5xx_hal_uart_ex.o
                0x0800b560                HAL_UARTEx_SetRxFifoThreshold
 .text.UARTEx_SetNbDataToProcess
                0x0800b5dc       0x9c ./Drivers/STM32L5xx_HAL_Driver/Src/stm32l5xx_hal_uart_ex.o
 .text.USB_EnableGlobalInt
                0x0800b678       0x2e ./Drivers/STM32L5xx_HAL_Driver/Src/stm32l5xx_ll_usb.o
                0x0800b678                USB_EnableGlobalInt
 .text.USB_DisableGlobalInt
                0x0800b6a6       0x36 ./Drivers/STM32L5xx_HAL_Driver/Src/stm32l5xx_ll_usb.o
                0x0800b6a6                USB_DisableGlobalInt
 .text.USB_DevInit
                0x0800b6dc       0x3c ./Drivers/STM32L5xx_HAL_Driver/Src/stm32l5xx_ll_usb.o
                0x0800b6dc                USB_DevInit
 .text.USB_ActivateEndpoint
                0x0800b718      0x788 ./Drivers/STM32L5xx_HAL_Driver/Src/stm32l5xx_ll_usb.o
                0x0800b718                USB_ActivateEndpoint
 .text.USB_DeactivateEndpoint
                0x0800bea0      0x3da ./Drivers/STM32L5xx_HAL_Driver/Src/stm32l5xx_ll_usb.o
                0x0800bea0                USB_DeactivateEndpoint
 .text.USB_EPStartXfer
                0x0800c27a     0x1764 ./Drivers/STM32L5xx_HAL_Driver/Src/stm32l5xx_ll_usb.o
                0x0800c27a                USB_EPStartXfer
 .text.USB_EPSetStall
                0x0800d9de       0xa2 ./Drivers/STM32L5xx_HAL_Driver/Src/stm32l5xx_ll_usb.o
                0x0800d9de                USB_EPSetStall
 .text.USB_EPClearStall
                0x0800da80      0x15c ./Drivers/STM32L5xx_HAL_Driver/Src/stm32l5xx_ll_usb.o
                0x0800da80                USB_EPClearStall
 .text.USB_SetDevAddress
                0x0800dbdc       0x28 ./Drivers/STM32L5xx_HAL_Driver/Src/stm32l5xx_ll_usb.o
                0x0800dbdc                USB_SetDevAddress
 .text.USB_DevConnect
                0x0800dc04       0x2e ./Drivers/STM32L5xx_HAL_Driver/Src/stm32l5xx_ll_usb.o
                0x0800dc04                USB_DevConnect
 .text.USB_ReadInterrupts
                0x0800dc32       0x20 ./Drivers/STM32L5xx_HAL_Driver/Src/stm32l5xx_ll_usb.o
                0x0800dc32                USB_ReadInterrupts
 .text.USB_WritePMA
                0x0800dc52       0x86 ./Drivers/STM32L5xx_HAL_Driver/Src/stm32l5xx_ll_usb.o
                0x0800dc52                USB_WritePMA
 .text.USB_ReadPMA
                0x0800dcd8       0x98 ./Drivers/STM32L5xx_HAL_Driver/Src/stm32l5xx_ll_usb.o
                0x0800dcd8                USB_ReadPMA
 .text.USBD_CDC_Init
                0x0800dd70      0x1f0 ./Middlewares/ST/STM32_USB_Device_Library/Class/CDC/Src/usbd_cdc.o
 .text.USBD_CDC_DeInit
                0x0800df60      0x104 ./Middlewares/ST/STM32_USB_Device_Library/Class/CDC/Src/usbd_cdc.o
 .text.USBD_CDC_Setup
                0x0800e064      0x1b8 ./Middlewares/ST/STM32_USB_Device_Library/Class/CDC/Src/usbd_cdc.o
 .text.USBD_CDC_DataIn
                0x0800e21c       0xfe ./Middlewares/ST/STM32_USB_Device_Library/Class/CDC/Src/usbd_cdc.o
 .text.USBD_CDC_DataOut
                0x0800e31a       0x70 ./Middlewares/ST/STM32_USB_Device_Library/Class/CDC/Src/usbd_cdc.o
 .text.USBD_CDC_EP0_RxReady
                0x0800e38a       0x74 ./Middlewares/ST/STM32_USB_Device_Library/Class/CDC/Src/usbd_cdc.o
 *fill*         0x0800e3fe        0x2 
 .text.USBD_CDC_GetFSCfgDesc
                0x0800e400       0x70 ./Middlewares/ST/STM32_USB_Device_Library/Class/CDC/Src/usbd_cdc.o
 .text.USBD_CDC_GetHSCfgDesc
                0x0800e470       0x70 ./Middlewares/ST/STM32_USB_Device_Library/Class/CDC/Src/usbd_cdc.o
 .text.USBD_CDC_GetOtherSpeedCfgDesc
                0x0800e4e0       0x70 ./Middlewares/ST/STM32_USB_Device_Library/Class/CDC/Src/usbd_cdc.o
 .text.USBD_CDC_GetDeviceQualifierDescriptor
                0x0800e550       0x20 ./Middlewares/ST/STM32_USB_Device_Library/Class/CDC/Src/usbd_cdc.o
                0x0800e550                USBD_CDC_GetDeviceQualifierDescriptor
 .text.USBD_CDC_RegisterInterface
                0x0800e570       0x34 ./Middlewares/ST/STM32_USB_Device_Library/Class/CDC/Src/usbd_cdc.o
                0x0800e570                USBD_CDC_RegisterInterface
 .text.USBD_CDC_SetTxBuffer
                0x0800e5a4       0x44 ./Middlewares/ST/STM32_USB_Device_Library/Class/CDC/Src/usbd_cdc.o
                0x0800e5a4                USBD_CDC_SetTxBuffer
 .text.USBD_CDC_SetRxBuffer
                0x0800e5e8       0x3a ./Middlewares/ST/STM32_USB_Device_Library/Class/CDC/Src/usbd_cdc.o
                0x0800e5e8                USBD_CDC_SetRxBuffer
 *fill*         0x0800e622        0x2 
 .text.USBD_CDC_TransmitPacket
                0x0800e624       0x80 ./Middlewares/ST/STM32_USB_Device_Library/Class/CDC/Src/usbd_cdc.o
                0x0800e624                USBD_CDC_TransmitPacket
 .text.USBD_CDC_ReceivePacket
                0x0800e6a4       0x6c ./Middlewares/ST/STM32_USB_Device_Library/Class/CDC/Src/usbd_cdc.o
                0x0800e6a4                USBD_CDC_ReceivePacket
 .text.USBD_Init
                0x0800e710       0x60 ./Middlewares/ST/STM32_USB_Device_Library/Core/Src/usbd_core.o
                0x0800e710                USBD_Init
 .text.USBD_RegisterClass
                0x0800e770       0x6c ./Middlewares/ST/STM32_USB_Device_Library/Core/Src/usbd_core.o
                0x0800e770                USBD_RegisterClass
 .text.USBD_Start
                0x0800e7dc       0x18 ./Middlewares/ST/STM32_USB_Device_Library/Core/Src/usbd_core.o
                0x0800e7dc                USBD_Start
 .text.USBD_RunTestMode
                0x0800e7f4       0x16 ./Middlewares/ST/STM32_USB_Device_Library/Core/Src/usbd_core.o
                0x0800e7f4                USBD_RunTestMode
 .text.USBD_SetClassConfig
                0x0800e80a       0x38 ./Middlewares/ST/STM32_USB_Device_Library/Core/Src/usbd_core.o
                0x0800e80a                USBD_SetClassConfig
 .text.USBD_ClrClassConfig
                0x0800e842       0x34 ./Middlewares/ST/STM32_USB_Device_Library/Core/Src/usbd_core.o
                0x0800e842                USBD_ClrClassConfig
 .text.USBD_LL_SetupStage
                0x0800e876       0xaa ./Middlewares/ST/STM32_USB_Device_Library/Core/Src/usbd_core.o
                0x0800e876                USBD_LL_SetupStage
 .text.USBD_LL_DataOutStage
                0x0800e920      0x166 ./Middlewares/ST/STM32_USB_Device_Library/Core/Src/usbd_core.o
                0x0800e920                USBD_LL_DataOutStage
 .text.USBD_LL_DataInStage
                0x0800ea86      0x164 ./Middlewares/ST/STM32_USB_Device_Library/Core/Src/usbd_core.o
                0x0800ea86                USBD_LL_DataInStage
 .text.USBD_LL_Reset
                0x0800ebea       0xa4 ./Middlewares/ST/STM32_USB_Device_Library/Core/Src/usbd_core.o
                0x0800ebea                USBD_LL_Reset
 .text.USBD_LL_SetSpeed
                0x0800ec8e       0x20 ./Middlewares/ST/STM32_USB_Device_Library/Core/Src/usbd_core.o
                0x0800ec8e                USBD_LL_SetSpeed
 .text.USBD_LL_Suspend
                0x0800ecae       0x38 ./Middlewares/ST/STM32_USB_Device_Library/Core/Src/usbd_core.o
                0x0800ecae                USBD_LL_Suspend
 .text.USBD_LL_Resume
                0x0800ece6       0x30 ./Middlewares/ST/STM32_USB_Device_Library/Core/Src/usbd_core.o
                0x0800ece6                USBD_LL_Resume
 .text.USBD_LL_SOF
                0x0800ed16       0x40 ./Middlewares/ST/STM32_USB_Device_Library/Core/Src/usbd_core.o
                0x0800ed16                USBD_LL_SOF
 .text.USBD_CoreFindIF
                0x0800ed56       0x1a ./Middlewares/ST/STM32_USB_Device_Library/Core/Src/usbd_core.o
                0x0800ed56                USBD_CoreFindIF
 .text.USBD_CoreFindEP
                0x0800ed70       0x1a ./Middlewares/ST/STM32_USB_Device_Library/Core/Src/usbd_core.o
                0x0800ed70                USBD_CoreFindEP
 .text.USBD_GetEpDesc
                0x0800ed8a       0x70 ./Middlewares/ST/STM32_USB_Device_Library/Core/Src/usbd_core.o
                0x0800ed8a                USBD_GetEpDesc
 .text.USBD_GetNextDesc
                0x0800edfa       0x38 ./Middlewares/ST/STM32_USB_Device_Library/Core/Src/usbd_core.o
                0x0800edfa                USBD_GetNextDesc
 .text.SWAPBYTE
                0x0800ee32       0x3e ./Middlewares/ST/STM32_USB_Device_Library/Core/Src/usbd_ctlreq.o
 .text.USBD_StdDevReq
                0x0800ee70       0xe4 ./Middlewares/ST/STM32_USB_Device_Library/Core/Src/usbd_ctlreq.o
                0x0800ee70                USBD_StdDevReq
 .text.USBD_StdItfReq
                0x0800ef54       0xd8 ./Middlewares/ST/STM32_USB_Device_Library/Core/Src/usbd_ctlreq.o
                0x0800ef54                USBD_StdItfReq
 .text.USBD_StdEPReq
                0x0800f02c      0x33a ./Middlewares/ST/STM32_USB_Device_Library/Core/Src/usbd_ctlreq.o
                0x0800f02c                USBD_StdEPReq
 *fill*         0x0800f366        0x2 
 .text.USBD_GetDescriptor
                0x0800f368      0x328 ./Middlewares/ST/STM32_USB_Device_Library/Core/Src/usbd_ctlreq.o
 .text.USBD_SetAddress
                0x0800f690       0x88 ./Middlewares/ST/STM32_USB_Device_Library/Core/Src/usbd_ctlreq.o
 .text.USBD_SetConfig
                0x0800f718      0x154 ./Middlewares/ST/STM32_USB_Device_Library/Core/Src/usbd_ctlreq.o
 .text.USBD_GetConfig
                0x0800f86c       0x6c ./Middlewares/ST/STM32_USB_Device_Library/Core/Src/usbd_ctlreq.o
 .text.USBD_GetStatus
                0x0800f8d8       0x68 ./Middlewares/ST/STM32_USB_Device_Library/Core/Src/usbd_ctlreq.o
 .text.USBD_SetFeature
                0x0800f940       0x52 ./Middlewares/ST/STM32_USB_Device_Library/Core/Src/usbd_ctlreq.o
 .text.USBD_ClrFeature
                0x0800f992       0x44 ./Middlewares/ST/STM32_USB_Device_Library/Core/Src/usbd_ctlreq.o
 .text.USBD_ParseSetupRequest
                0x0800f9d6       0x74 ./Middlewares/ST/STM32_USB_Device_Library/Core/Src/usbd_ctlreq.o
                0x0800f9d6                USBD_ParseSetupRequest
 .text.USBD_CtlError
                0x0800fa4a       0x22 ./Middlewares/ST/STM32_USB_Device_Library/Core/Src/usbd_ctlreq.o
                0x0800fa4a                USBD_CtlError
 .text.USBD_GetString
                0x0800fa6c       0x8c ./Middlewares/ST/STM32_USB_Device_Library/Core/Src/usbd_ctlreq.o
                0x0800fa6c                USBD_GetString
 .text.USBD_GetLen
                0x0800faf8       0x34 ./Middlewares/ST/STM32_USB_Device_Library/Core/Src/usbd_ctlreq.o
 .text.USBD_CtlSendData
                0x0800fb2c       0x36 ./Middlewares/ST/STM32_USB_Device_Library/Core/Src/usbd_ioreq.o
                0x0800fb2c                USBD_CtlSendData
 .text.USBD_CtlContinueSendData
                0x0800fb62       0x22 ./Middlewares/ST/STM32_USB_Device_Library/Core/Src/usbd_ioreq.o
                0x0800fb62                USBD_CtlContinueSendData
 .text.USBD_CtlPrepareRx
                0x0800fb84       0x3a ./Middlewares/ST/STM32_USB_Device_Library/Core/Src/usbd_ioreq.o
                0x0800fb84                USBD_CtlPrepareRx
 .text.USBD_CtlContinueRx
                0x0800fbbe       0x22 ./Middlewares/ST/STM32_USB_Device_Library/Core/Src/usbd_ioreq.o
                0x0800fbbe                USBD_CtlContinueRx
 .text.USBD_CtlSendStatus
                0x0800fbe0       0x26 ./Middlewares/ST/STM32_USB_Device_Library/Core/Src/usbd_ioreq.o
                0x0800fbe0                USBD_CtlSendStatus
 .text.USBD_CtlReceiveStatus
                0x0800fc06       0x26 ./Middlewares/ST/STM32_USB_Device_Library/Core/Src/usbd_ioreq.o
                0x0800fc06                USBD_CtlReceiveStatus
 .text.MX_USB_Device_Init
                0x0800fc2c       0x60 ./USB_Device/App/usb_device.o
                0x0800fc2c                MX_USB_Device_Init
 .text.CDC_Init_FS
                0x0800fc8c       0x34 ./USB_Device/App/usbd_cdc_if.o
 .text.CDC_DeInit_FS
                0x0800fcc0       0x10 ./USB_Device/App/usbd_cdc_if.o
 .text.CDC_Control_FS
                0x0800fcd0       0xc0 ./USB_Device/App/usbd_cdc_if.o
 .text.CDC_Receive_FS
                0x0800fd90       0x34 ./USB_Device/App/usbd_cdc_if.o
 .text.CDC_Transmit_FS
                0x0800fdc4       0x4c ./USB_Device/App/usbd_cdc_if.o
                0x0800fdc4                CDC_Transmit_FS
 .text.CDC_TransmitCplt_FS
                0x0800fe10       0x22 ./USB_Device/App/usbd_cdc_if.o
 *fill*         0x0800fe32        0x2 
 .text.USBD_CDC_DeviceDescriptor
                0x0800fe34       0x24 ./USB_Device/App/usbd_desc.o
                0x0800fe34                USBD_CDC_DeviceDescriptor
 .text.USBD_CDC_LangIDStrDescriptor
                0x0800fe58       0x24 ./USB_Device/App/usbd_desc.o
                0x0800fe58                USBD_CDC_LangIDStrDescriptor
 .text.USBD_CDC_ProductStrDescriptor
                0x0800fe7c       0x3c ./USB_Device/App/usbd_desc.o
                0x0800fe7c                USBD_CDC_ProductStrDescriptor
 .text.USBD_CDC_ManufacturerStrDescriptor
                0x0800feb8       0x28 ./USB_Device/App/usbd_desc.o
                0x0800feb8                USBD_CDC_ManufacturerStrDescriptor
 .text.USBD_CDC_SerialStrDescriptor
                0x0800fee0       0x24 ./USB_Device/App/usbd_desc.o
                0x0800fee0                USBD_CDC_SerialStrDescriptor
 .text.USBD_CDC_ConfigStrDescriptor
                0x0800ff04       0x3c ./USB_Device/App/usbd_desc.o
                0x0800ff04                USBD_CDC_ConfigStrDescriptor
 .text.USBD_CDC_InterfaceStrDescriptor
                0x0800ff40       0x3c ./USB_Device/App/usbd_desc.o
                0x0800ff40                USBD_CDC_InterfaceStrDescriptor
 .text.Get_SerialNum
                0x0800ff7c       0x58 ./USB_Device/App/usbd_desc.o
 .text.IntToUnicode
                0x0800ffd4       0x7e ./USB_Device/App/usbd_desc.o
 *fill*         0x08010052        0x2 
 .text.HAL_PCD_MspInit
                0x08010054       0xd0 ./USB_Device/Target/usbd_conf.o
                0x08010054                HAL_PCD_MspInit
 .text.HAL_PCD_SetupStageCallback
                0x08010124       0x24 ./USB_Device/Target/usbd_conf.o
                0x08010124                HAL_PCD_SetupStageCallback
 .text.HAL_PCD_DataOutStageCallback
                0x08010148       0x36 ./USB_Device/Target/usbd_conf.o
                0x08010148                HAL_PCD_DataOutStageCallback
 .text.HAL_PCD_DataInStageCallback
                0x0801017e       0x34 ./USB_Device/Target/usbd_conf.o
                0x0801017e                HAL_PCD_DataInStageCallback
 .text.HAL_PCD_SOFCallback
                0x080101b2       0x1c ./USB_Device/Target/usbd_conf.o
                0x080101b2                HAL_PCD_SOFCallback
 .text.HAL_PCD_ResetCallback
                0x080101ce       0x3c ./USB_Device/Target/usbd_conf.o
                0x080101ce                HAL_PCD_ResetCallback
 *fill*         0x0801020a        0x2 
 .text.HAL_PCD_SuspendCallback
                0x0801020c       0x34 ./USB_Device/Target/usbd_conf.o
                0x0801020c                HAL_PCD_SuspendCallback
 .text.HAL_PCD_ResumeCallback
                0x08010240       0x38 ./USB_Device/Target/usbd_conf.o
                0x08010240                HAL_PCD_ResumeCallback
 .text.USBD_LL_Init
                0x08010278       0xc4 ./USB_Device/Target/usbd_conf.o
                0x08010278                USBD_LL_Init
 .text.USBD_LL_Start
                0x0801033c       0x36 ./USB_Device/Target/usbd_conf.o
                0x0801033c                USBD_LL_Start
 .text.USBD_LL_OpenEP
                0x08010372       0x4c ./USB_Device/Target/usbd_conf.o
                0x08010372                USBD_LL_OpenEP
 .text.USBD_LL_CloseEP
                0x080103be       0x3e ./USB_Device/Target/usbd_conf.o
                0x080103be                USBD_LL_CloseEP
 .text.USBD_LL_StallEP
                0x080103fc       0x3e ./USB_Device/Target/usbd_conf.o
                0x080103fc                USBD_LL_StallEP
 .text.USBD_LL_ClearStallEP
                0x0801043a       0x3e ./USB_Device/Target/usbd_conf.o
                0x0801043a                USBD_LL_ClearStallEP
 .text.USBD_LL_IsStallEP
                0x08010478       0x58 ./USB_Device/Target/usbd_conf.o
                0x08010478                USBD_LL_IsStallEP
 .text.USBD_LL_SetUSBAddress
                0x080104d0       0x3e ./USB_Device/Target/usbd_conf.o
                0x080104d0                USBD_LL_SetUSBAddress
 .text.USBD_LL_Transmit
                0x0801050e       0x42 ./USB_Device/Target/usbd_conf.o
                0x0801050e                USBD_LL_Transmit
 .text.USBD_LL_PrepareReceive
                0x08010550       0x42 ./USB_Device/Target/usbd_conf.o
                0x08010550                USBD_LL_PrepareReceive
 .text.USBD_LL_GetRxDataSize
                0x08010592       0x26 ./USB_Device/Target/usbd_conf.o
                0x08010592                USBD_LL_GetRxDataSize
 .text.HAL_PCDEx_LPM_Callback
                0x080105b8       0x6c ./USB_Device/Target/usbd_conf.o
                0x080105b8                HAL_PCDEx_LPM_Callback
 .text.USBD_static_malloc
                0x08010624       0x1c ./USB_Device/Target/usbd_conf.o
                0x08010624                USBD_static_malloc
 .text.USBD_static_free
                0x08010640       0x14 ./USB_Device/Target/usbd_conf.o
                0x08010640                USBD_static_free
 .text.SystemClockConfig_Resume
                0x08010654        0xc ./USB_Device/Target/usbd_conf.o
 .text.USBD_Get_USB_Status
                0x08010660       0x58 ./USB_Device/Target/usbd_conf.o
 .text.__cvt    0x080106b8       0xca /Applications/STM32CubeIDE.app/Contents/Eclipse/plugins/com.st.stm32cube.ide.mcu.externaltools.gnu-tools-for-stm32.13.3.rel1.macos64_1.0.0.202411102158/tools/bin/../lib/gcc/arm-none-eabi/13.3.1/../../../../arm-none-eabi/lib/thumb/v8-m.main+fp/hard/libc_nano.a(libc_a-nano-vfprintf_float.o)
                0x080106b8                __cvt
 .text.__exponent
                0x08010782       0x72 /Applications/STM32CubeIDE.app/Contents/Eclipse/plugins/com.st.stm32cube.ide.mcu.externaltools.gnu-tools-for-stm32.13.3.rel1.macos64_1.0.0.202411102158/tools/bin/../lib/gcc/arm-none-eabi/13.3.1/../../../../arm-none-eabi/lib/thumb/v8-m.main+fp/hard/libc_nano.a(libc_a-nano-vfprintf_float.o)
                0x08010782                __exponent
 .text._printf_float
                0x080107f4      0x454 /Applications/STM32CubeIDE.app/Contents/Eclipse/plugins/com.st.stm32cube.ide.mcu.externaltools.gnu-tools-for-stm32.13.3.rel1.macos64_1.0.0.202411102158/tools/bin/../lib/gcc/arm-none-eabi/13.3.1/../../../../arm-none-eabi/lib/thumb/v8-m.main+fp/hard/libc_nano.a(libc_a-nano-vfprintf_float.o)
                0x080107f4                _printf_float
 .text._printf_common
                0x08010c48       0xe4 /Applications/STM32CubeIDE.app/Contents/Eclipse/plugins/com.st.stm32cube.ide.mcu.externaltools.gnu-tools-for-stm32.13.3.rel1.macos64_1.0.0.202411102158/tools/bin/../lib/gcc/arm-none-eabi/13.3.1/../../../../arm-none-eabi/lib/thumb/v8-m.main+fp/hard/libc_nano.a(libc_a-nano-vfprintf_i.o)
                0x08010c48                _printf_common
 .text._printf_i
                0x08010d2c      0x23c /Applications/STM32CubeIDE.app/Contents/Eclipse/plugins/com.st.stm32cube.ide.mcu.externaltools.gnu-tools-for-stm32.13.3.rel1.macos64_1.0.0.202411102158/tools/bin/../lib/gcc/arm-none-eabi/13.3.1/../../../../arm-none-eabi/lib/thumb/v8-m.main+fp/hard/libc_nano.a(libc_a-nano-vfprintf_i.o)
                0x08010d2c                _printf_i
 .text.snprintf
                0x08010f68       0x6c /Applications/STM32CubeIDE.app/Contents/Eclipse/plugins/com.st.stm32cube.ide.mcu.externaltools.gnu-tools-for-stm32.13.3.rel1.macos64_1.0.0.202411102158/tools/bin/../lib/gcc/arm-none-eabi/13.3.1/../../../../arm-none-eabi/lib/thumb/v8-m.main+fp/hard/libc_nano.a(libc_a-snprintf.o)
                0x08010f68                snprintf
                0x08010f68                sniprintf
 .text.std      0x08010fd4       0x6c /Applications/STM32CubeIDE.app/Contents/Eclipse/plugins/com.st.stm32cube.ide.mcu.externaltools.gnu-tools-for-stm32.13.3.rel1.macos64_1.0.0.202411102158/tools/bin/../lib/gcc/arm-none-eabi/13.3.1/../../../../arm-none-eabi/lib/thumb/v8-m.main+fp/hard/libc_nano.a(libc_a-findfp.o)
 .text.stdio_exit_handler
                0x08011040       0x18 /Applications/STM32CubeIDE.app/Contents/Eclipse/plugins/com.st.stm32cube.ide.mcu.externaltools.gnu-tools-for-stm32.13.3.rel1.macos64_1.0.0.202411102158/tools/bin/../lib/gcc/arm-none-eabi/13.3.1/../../../../arm-none-eabi/lib/thumb/v8-m.main+fp/hard/libc_nano.a(libc_a-findfp.o)
 .text.cleanup_stdio
                0x08011058       0x40 /Applications/STM32CubeIDE.app/Contents/Eclipse/plugins/com.st.stm32cube.ide.mcu.externaltools.gnu-tools-for-stm32.13.3.rel1.macos64_1.0.0.202411102158/tools/bin/../lib/gcc/arm-none-eabi/13.3.1/../../../../arm-none-eabi/lib/thumb/v8-m.main+fp/hard/libc_nano.a(libc_a-findfp.o)
 .text.global_stdio_init.part.0
                0x08011098       0x3c /Applications/STM32CubeIDE.app/Contents/Eclipse/plugins/com.st.stm32cube.ide.mcu.externaltools.gnu-tools-for-stm32.13.3.rel1.macos64_1.0.0.202411102158/tools/bin/../lib/gcc/arm-none-eabi/13.3.1/../../../../arm-none-eabi/lib/thumb/v8-m.main+fp/hard/libc_nano.a(libc_a-findfp.o)
 .text.__sfp_lock_acquire
                0x080110d4        0xc /Applications/STM32CubeIDE.app/Contents/Eclipse/plugins/com.st.stm32cube.ide.mcu.externaltools.gnu-tools-for-stm32.13.3.rel1.macos64_1.0.0.202411102158/tools/bin/../lib/gcc/arm-none-eabi/13.3.1/../../../../arm-none-eabi/lib/thumb/v8-m.main+fp/hard/libc_nano.a(libc_a-findfp.o)
                0x080110d4                __sfp_lock_acquire
 .text.__sfp_lock_release
                0x080110e0        0xc /Applications/STM32CubeIDE.app/Contents/Eclipse/plugins/com.st.stm32cube.ide.mcu.externaltools.gnu-tools-for-stm32.13.3.rel1.macos64_1.0.0.202411102158/tools/bin/../lib/gcc/arm-none-eabi/13.3.1/../../../../arm-none-eabi/lib/thumb/v8-m.main+fp/hard/libc_nano.a(libc_a-findfp.o)
                0x080110e0                __sfp_lock_release
 .text.__sinit  0x080110ec       0x30 /Applications/STM32CubeIDE.app/Contents/Eclipse/plugins/com.st.stm32cube.ide.mcu.externaltools.gnu-tools-for-stm32.13.3.rel1.macos64_1.0.0.202411102158/tools/bin/../lib/gcc/arm-none-eabi/13.3.1/../../../../arm-none-eabi/lib/thumb/v8-m.main+fp/hard/libc_nano.a(libc_a-findfp.o)
                0x080110ec                __sinit
 .text._fwalk_sglue
                0x0801111c       0x3c /Applications/STM32CubeIDE.app/Contents/Eclipse/plugins/com.st.stm32cube.ide.mcu.externaltools.gnu-tools-for-stm32.13.3.rel1.macos64_1.0.0.202411102158/tools/bin/../lib/gcc/arm-none-eabi/13.3.1/../../../../arm-none-eabi/lib/thumb/v8-m.main+fp/hard/libc_nano.a(libc_a-fwalk.o)
                0x0801111c                _fwalk_sglue
 .text.memset   0x08011158       0x10 /Applications/STM32CubeIDE.app/Contents/Eclipse/plugins/com.st.stm32cube.ide.mcu.externaltools.gnu-tools-for-stm32.13.3.rel1.macos64_1.0.0.202411102158/tools/bin/../lib/gcc/arm-none-eabi/13.3.1/../../../../arm-none-eabi/lib/thumb/v8-m.main+fp/hard/libc_nano.a(libc_a-memset.o)
                0x08011158                memset
 .text.__errno  0x08011168        0xc /Applications/STM32CubeIDE.app/Contents/Eclipse/plugins/com.st.stm32cube.ide.mcu.externaltools.gnu-tools-for-stm32.13.3.rel1.macos64_1.0.0.202411102158/tools/bin/../lib/gcc/arm-none-eabi/13.3.1/../../../../arm-none-eabi/lib/thumb/v8-m.main+fp/hard/libc_nano.a(libc_a-errno.o)
                0x08011168                __errno
 .text.__libc_init_array
                0x08011174       0x48 /Applications/STM32CubeIDE.app/Contents/Eclipse/plugins/com.st.stm32cube.ide.mcu.externaltools.gnu-tools-for-stm32.13.3.rel1.macos64_1.0.0.202411102158/tools/bin/../lib/gcc/arm-none-eabi/13.3.1/../../../../arm-none-eabi/lib/thumb/v8-m.main+fp/hard/libc_nano.a(libc_a-init.o)
                0x08011174                __libc_init_array
 .text.__retarget_lock_init_recursive
                0x080111bc        0x2 /Applications/STM32CubeIDE.app/Contents/Eclipse/plugins/com.st.stm32cube.ide.mcu.externaltools.gnu-tools-for-stm32.13.3.rel1.macos64_1.0.0.202411102158/tools/bin/../lib/gcc/arm-none-eabi/13.3.1/../../../../arm-none-eabi/lib/thumb/v8-m.main+fp/hard/libc_nano.a(libc_a-lock.o)
                0x080111bc                __retarget_lock_init_recursive
 .text.__retarget_lock_acquire_recursive
                0x080111be        0x2 /Applications/STM32CubeIDE.app/Contents/Eclipse/plugins/com.st.stm32cube.ide.mcu.externaltools.gnu-tools-for-stm32.13.3.rel1.macos64_1.0.0.202411102158/tools/bin/../lib/gcc/arm-none-eabi/13.3.1/../../../../arm-none-eabi/lib/thumb/v8-m.main+fp/hard/libc_nano.a(libc_a-lock.o)
                0x080111be                __retarget_lock_acquire_recursive
 .text.__retarget_lock_release_recursive
                0x080111c0        0x2 /Applications/STM32CubeIDE.app/Contents/Eclipse/plugins/com.st.stm32cube.ide.mcu.externaltools.gnu-tools-for-stm32.13.3.rel1.macos64_1.0.0.202411102158/tools/bin/../lib/gcc/arm-none-eabi/13.3.1/../../../../arm-none-eabi/lib/thumb/v8-m.main+fp/hard/libc_nano.a(libc_a-lock.o)
                0x080111c0                __retarget_lock_release_recursive
 *fill*         0x080111c2        0x2 
 .text._localeconv_r
                0x080111c4        0x8 /Applications/STM32CubeIDE.app/Contents/Eclipse/plugins/com.st.stm32cube.ide.mcu.externaltools.gnu-tools-for-stm32.13.3.rel1.macos64_1.0.0.202411102158/tools/bin/../lib/gcc/arm-none-eabi/13.3.1/../../../../arm-none-eabi/lib/thumb/v8-m.main+fp/hard/libc_nano.a(libc_a-localeconv.o)
                0x080111c4                _localeconv_r
 .text.memchr   0x080111cc       0x1c /Applications/STM32CubeIDE.app/Contents/Eclipse/plugins/com.st.stm32cube.ide.mcu.externaltools.gnu-tools-for-stm32.13.3.rel1.macos64_1.0.0.202411102158/tools/bin/../lib/gcc/arm-none-eabi/13.3.1/../../../../arm-none-eabi/lib/thumb/v8-m.main+fp/hard/libc_nano.a(libc_a-memchr-stub.o)
                0x080111cc                memchr
 .text.memcpy   0x080111e8       0x1a /Applications/STM32CubeIDE.app/Contents/Eclipse/plugins/com.st.stm32cube.ide.mcu.externaltools.gnu-tools-for-stm32.13.3.rel1.macos64_1.0.0.202411102158/tools/bin/../lib/gcc/arm-none-eabi/13.3.1/../../../../arm-none-eabi/lib/thumb/v8-m.main+fp/hard/libc_nano.a(libc_a-memcpy-stub.o)
                0x080111e8                memcpy
 .text.quorem   0x08011202      0x11a /Applications/STM32CubeIDE.app/Contents/Eclipse/plugins/com.st.stm32cube.ide.mcu.externaltools.gnu-tools-for-stm32.13.3.rel1.macos64_1.0.0.202411102158/tools/bin/../lib/gcc/arm-none-eabi/13.3.1/../../../../arm-none-eabi/lib/thumb/v8-m.main+fp/hard/libc_nano.a(libc_a-dtoa.o)
 *fill*         0x0801131c        0x4 
 .text._dtoa_r  0x08011320      0xba4 /Applications/STM32CubeIDE.app/Contents/Eclipse/plugins/com.st.stm32cube.ide.mcu.externaltools.gnu-tools-for-stm32.13.3.rel1.macos64_1.0.0.202411102158/tools/bin/../lib/gcc/arm-none-eabi/13.3.1/../../../../arm-none-eabi/lib/thumb/v8-m.main+fp/hard/libc_nano.a(libc_a-dtoa.o)
                0x08011320                _dtoa_r
 .text.__ssputs_r
                0x08011ec4       0xb6 /Applications/STM32CubeIDE.app/Contents/Eclipse/plugins/com.st.stm32cube.ide.mcu.externaltools.gnu-tools-for-stm32.13.3.rel1.macos64_1.0.0.202411102158/tools/bin/../lib/gcc/arm-none-eabi/13.3.1/../../../../arm-none-eabi/lib/thumb/v8-m.main+fp/hard/libc_nano.a(libc_a-nano-svfprintf.o)
                0x08011ec4                __ssputs_r
 *fill*         0x08011f7a        0x2 
 .text._svfprintf_r
                0x08011f7c      0x1f8 /Applications/STM32CubeIDE.app/Contents/Eclipse/plugins/com.st.stm32cube.ide.mcu.externaltools.gnu-tools-for-stm32.13.3.rel1.macos64_1.0.0.202411102158/tools/bin/../lib/gcc/arm-none-eabi/13.3.1/../../../../arm-none-eabi/lib/thumb/v8-m.main+fp/hard/libc_nano.a(libc_a-nano-svfprintf.o)
                0x08011f7c                _svfprintf_r
                0x08011f7c                _svfiprintf_r
 .text.malloc   0x08012174       0x10 /Applications/STM32CubeIDE.app/Contents/Eclipse/plugins/com.st.stm32cube.ide.mcu.externaltools.gnu-tools-for-stm32.13.3.rel1.macos64_1.0.0.202411102158/tools/bin/../lib/gcc/arm-none-eabi/13.3.1/../../../../arm-none-eabi/lib/thumb/v8-m.main+fp/hard/libc_nano.a(libc_a-malloc.o)
                0x08012174                malloc
 .text.sbrk_aligned
                0x08012184       0x44 /Applications/STM32CubeIDE.app/Contents/Eclipse/plugins/com.st.stm32cube.ide.mcu.externaltools.gnu-tools-for-stm32.13.3.rel1.macos64_1.0.0.202411102158/tools/bin/../lib/gcc/arm-none-eabi/13.3.1/../../../../arm-none-eabi/lib/thumb/v8-m.main+fp/hard/libc_nano.a(libc_a-mallocr.o)
 .text._malloc_r
                0x080121c8      0x100 /Applications/STM32CubeIDE.app/Contents/Eclipse/plugins/com.st.stm32cube.ide.mcu.externaltools.gnu-tools-for-stm32.13.3.rel1.macos64_1.0.0.202411102158/tools/bin/../lib/gcc/arm-none-eabi/13.3.1/../../../../arm-none-eabi/lib/thumb/v8-m.main+fp/hard/libc_nano.a(libc_a-mallocr.o)
                0x080121c8                _malloc_r
 .text.__sflush_r
                0x080122c8      0x108 /Applications/STM32CubeIDE.app/Contents/Eclipse/plugins/com.st.stm32cube.ide.mcu.externaltools.gnu-tools-for-stm32.13.3.rel1.macos64_1.0.0.202411102158/tools/bin/../lib/gcc/arm-none-eabi/13.3.1/../../../../arm-none-eabi/lib/thumb/v8-m.main+fp/hard/libc_nano.a(libc_a-fflush.o)
                0x080122c8                __sflush_r
 .text._fflush_r
                0x080123d0       0x50 /Applications/STM32CubeIDE.app/Contents/Eclipse/plugins/com.st.stm32cube.ide.mcu.externaltools.gnu-tools-for-stm32.13.3.rel1.macos64_1.0.0.202411102158/tools/bin/../lib/gcc/arm-none-eabi/13.3.1/../../../../arm-none-eabi/lib/thumb/v8-m.main+fp/hard/libc_nano.a(libc_a-fflush.o)
                0x080123d0                _fflush_r
 .text.__malloc_lock
                0x08012420        0xc /Applications/STM32CubeIDE.app/Contents/Eclipse/plugins/com.st.stm32cube.ide.mcu.externaltools.gnu-tools-for-stm32.13.3.rel1.macos64_1.0.0.202411102158/tools/bin/../lib/gcc/arm-none-eabi/13.3.1/../../../../arm-none-eabi/lib/thumb/v8-m.main+fp/hard/libc_nano.a(libc_a-mlock.o)
                0x08012420                __malloc_lock
 .text.__malloc_unlock
                0x0801242c        0xc /Applications/STM32CubeIDE.app/Contents/Eclipse/plugins/com.st.stm32cube.ide.mcu.externaltools.gnu-tools-for-stm32.13.3.rel1.macos64_1.0.0.202411102158/tools/bin/../lib/gcc/arm-none-eabi/13.3.1/../../../../arm-none-eabi/lib/thumb/v8-m.main+fp/hard/libc_nano.a(libc_a-mlock.o)
                0x0801242c                __malloc_unlock
 .text._Balloc  0x08012438       0x80 /Applications/STM32CubeIDE.app/Contents/Eclipse/plugins/com.st.stm32cube.ide.mcu.externaltools.gnu-tools-for-stm32.13.3.rel1.macos64_1.0.0.202411102158/tools/bin/../lib/gcc/arm-none-eabi/13.3.1/../../../../arm-none-eabi/lib/thumb/v8-m.main+fp/hard/libc_nano.a(libc_a-mprec.o)
                0x08012438                _Balloc
 .text._Bfree   0x080124b8       0x44 /Applications/STM32CubeIDE.app/Contents/Eclipse/plugins/com.st.stm32cube.ide.mcu.externaltools.gnu-tools-for-stm32.13.3.rel1.macos64_1.0.0.202411102158/tools/bin/../lib/gcc/arm-none-eabi/13.3.1/../../../../arm-none-eabi/lib/thumb/v8-m.main+fp/hard/libc_nano.a(libc_a-mprec.o)
                0x080124b8                _Bfree
 .text.__multadd
                0x080124fc       0x90 /Applications/STM32CubeIDE.app/Contents/Eclipse/plugins/com.st.stm32cube.ide.mcu.externaltools.gnu-tools-for-stm32.13.3.rel1.macos64_1.0.0.202411102158/tools/bin/../lib/gcc/arm-none-eabi/13.3.1/../../../../arm-none-eabi/lib/thumb/v8-m.main+fp/hard/libc_nano.a(libc_a-mprec.o)
                0x080124fc                __multadd
 .text.__hi0bits
                0x0801258c       0x3e /Applications/STM32CubeIDE.app/Contents/Eclipse/plugins/com.st.stm32cube.ide.mcu.externaltools.gnu-tools-for-stm32.13.3.rel1.macos64_1.0.0.202411102158/tools/bin/../lib/gcc/arm-none-eabi/13.3.1/../../../../arm-none-eabi/lib/thumb/v8-m.main+fp/hard/libc_nano.a(libc_a-mprec.o)
                0x0801258c                __hi0bits
 .text.__lo0bits
                0x080125ca       0x5a /Applications/STM32CubeIDE.app/Contents/Eclipse/plugins/com.st.stm32cube.ide.mcu.externaltools.gnu-tools-for-stm32.13.3.rel1.macos64_1.0.0.202411102158/tools/bin/../lib/gcc/arm-none-eabi/13.3.1/../../../../arm-none-eabi/lib/thumb/v8-m.main+fp/hard/libc_nano.a(libc_a-mprec.o)
                0x080125ca                __lo0bits
 .text.__i2b    0x08012624       0x2c /Applications/STM32CubeIDE.app/Contents/Eclipse/plugins/com.st.stm32cube.ide.mcu.externaltools.gnu-tools-for-stm32.13.3.rel1.macos64_1.0.0.202411102158/tools/bin/../lib/gcc/arm-none-eabi/13.3.1/../../../../arm-none-eabi/lib/thumb/v8-m.main+fp/hard/libc_nano.a(libc_a-mprec.o)
                0x08012624                __i2b
 .text.__multiply
                0x08012650      0x148 /Applications/STM32CubeIDE.app/Contents/Eclipse/plugins/com.st.stm32cube.ide.mcu.externaltools.gnu-tools-for-stm32.13.3.rel1.macos64_1.0.0.202411102158/tools/bin/../lib/gcc/arm-none-eabi/13.3.1/../../../../arm-none-eabi/lib/thumb/v8-m.main+fp/hard/libc_nano.a(libc_a-mprec.o)
                0x08012650                __multiply
 .text.__pow5mult
                0x08012798       0xb4 /Applications/STM32CubeIDE.app/Contents/Eclipse/plugins/com.st.stm32cube.ide.mcu.externaltools.gnu-tools-for-stm32.13.3.rel1.macos64_1.0.0.202411102158/tools/bin/../lib/gcc/arm-none-eabi/13.3.1/../../../../arm-none-eabi/lib/thumb/v8-m.main+fp/hard/libc_nano.a(libc_a-mprec.o)
                0x08012798                __pow5mult
 .text.__lshift
                0x0801284c       0xd8 /Applications/STM32CubeIDE.app/Contents/Eclipse/plugins/com.st.stm32cube.ide.mcu.externaltools.gnu-tools-for-stm32.13.3.rel1.macos64_1.0.0.202411102158/tools/bin/../lib/gcc/arm-none-eabi/13.3.1/../../../../arm-none-eabi/lib/thumb/v8-m.main+fp/hard/libc_nano.a(libc_a-mprec.o)
                0x0801284c                __lshift
 .text.__mcmp   0x08012924       0x36 /Applications/STM32CubeIDE.app/Contents/Eclipse/plugins/com.st.stm32cube.ide.mcu.externaltools.gnu-tools-for-stm32.13.3.rel1.macos64_1.0.0.202411102158/tools/bin/../lib/gcc/arm-none-eabi/13.3.1/../../../../arm-none-eabi/lib/thumb/v8-m.main+fp/hard/libc_nano.a(libc_a-mprec.o)
                0x08012924                __mcmp
 *fill*         0x0801295a        0x2 
 .text.__mdiff  0x0801295c      0x130 /Applications/STM32CubeIDE.app/Contents/Eclipse/plugins/com.st.stm32cube.ide.mcu.externaltools.gnu-tools-for-stm32.13.3.rel1.macos64_1.0.0.202411102158/tools/bin/../lib/gcc/arm-none-eabi/13.3.1/../../../../arm-none-eabi/lib/thumb/v8-m.main+fp/hard/libc_nano.a(libc_a-mprec.o)
                0x0801295c                __mdiff
 .text.__d2b    0x08012a8c       0xb0 /Applications/STM32CubeIDE.app/Contents/Eclipse/plugins/com.st.stm32cube.ide.mcu.externaltools.gnu-tools-for-stm32.13.3.rel1.macos64_1.0.0.202411102158/tools/bin/../lib/gcc/arm-none-eabi/13.3.1/../../../../arm-none-eabi/lib/thumb/v8-m.main+fp/hard/libc_nano.a(libc_a-mprec.o)
                0x08012a8c                __d2b
 .text.__sread  0x08012b3c       0x22 /Applications/STM32CubeIDE.app/Contents/Eclipse/plugins/com.st.stm32cube.ide.mcu.externaltools.gnu-tools-for-stm32.13.3.rel1.macos64_1.0.0.202411102158/tools/bin/../lib/gcc/arm-none-eabi/13.3.1/../../../../arm-none-eabi/lib/thumb/v8-m.main+fp/hard/libc_nano.a(libc_a-stdio.o)
                0x08012b3c                __sread
 .text.__swrite
                0x08012b5e       0x38 /Applications/STM32CubeIDE.app/Contents/Eclipse/plugins/com.st.stm32cube.ide.mcu.externaltools.gnu-tools-for-stm32.13.3.rel1.macos64_1.0.0.202411102158/tools/bin/../lib/gcc/arm-none-eabi/13.3.1/../../../../arm-none-eabi/lib/thumb/v8-m.main+fp/hard/libc_nano.a(libc_a-stdio.o)
                0x08012b5e                __swrite
 .text.__sseek  0x08012b96       0x24 /Applications/STM32CubeIDE.app/Contents/Eclipse/plugins/com.st.stm32cube.ide.mcu.externaltools.gnu-tools-for-stm32.13.3.rel1.macos64_1.0.0.202411102158/tools/bin/../lib/gcc/arm-none-eabi/13.3.1/../../../../arm-none-eabi/lib/thumb/v8-m.main+fp/hard/libc_nano.a(libc_a-stdio.o)
                0x08012b96                __sseek
 .text.__sclose
                0x08012bba        0x8 /Applications/STM32CubeIDE.app/Contents/Eclipse/plugins/com.st.stm32cube.ide.mcu.externaltools.gnu-tools-for-stm32.13.3.rel1.macos64_1.0.0.202411102158/tools/bin/../lib/gcc/arm-none-eabi/13.3.1/../../../../arm-none-eabi/lib/thumb/v8-m.main+fp/hard/libc_nano.a(libc_a-stdio.o)
                0x08012bba                __sclose
 .text._realloc_r
                0x08012bc2       0x5c /Applications/STM32CubeIDE.app/Contents/Eclipse/plugins/com.st.stm32cube.ide.mcu.externaltools.gnu-tools-for-stm32.13.3.rel1.macos64_1.0.0.202411102158/tools/bin/../lib/gcc/arm-none-eabi/13.3.1/../../../../arm-none-eabi/lib/thumb/v8-m.main+fp/hard/libc_nano.a(libc_a-reallocr.o)
                0x08012bc2                _realloc_r
 .text.memmove  0x08012c1e       0x34 /Applications/STM32CubeIDE.app/Contents/Eclipse/plugins/com.st.stm32cube.ide.mcu.externaltools.gnu-tools-for-stm32.13.3.rel1.macos64_1.0.0.202411102158/tools/bin/../lib/gcc/arm-none-eabi/13.3.1/../../../../arm-none-eabi/lib/thumb/v8-m.main+fp/hard/libc_nano.a(libc_a-memmove.o)
                0x08012c1e                memmove
 *fill*         0x08012c52        0x2 
 .text._lseek_r
                0x08012c54       0x24 /Applications/STM32CubeIDE.app/Contents/Eclipse/plugins/com.st.stm32cube.ide.mcu.externaltools.gnu-tools-for-stm32.13.3.rel1.macos64_1.0.0.202411102158/tools/bin/../lib/gcc/arm-none-eabi/13.3.1/../../../../arm-none-eabi/lib/thumb/v8-m.main+fp/hard/libc_nano.a(libc_a-lseekr.o)
                0x08012c54                _lseek_r
 .text._read_r  0x08012c78       0x24 /Applications/STM32CubeIDE.app/Contents/Eclipse/plugins/com.st.stm32cube.ide.mcu.externaltools.gnu-tools-for-stm32.13.3.rel1.macos64_1.0.0.202411102158/tools/bin/../lib/gcc/arm-none-eabi/13.3.1/../../../../arm-none-eabi/lib/thumb/v8-m.main+fp/hard/libc_nano.a(libc_a-readr.o)
                0x08012c78                _read_r
 .text._sbrk_r  0x08012c9c       0x20 /Applications/STM32CubeIDE.app/Contents/Eclipse/plugins/com.st.stm32cube.ide.mcu.externaltools.gnu-tools-for-stm32.13.3.rel1.macos64_1.0.0.202411102158/tools/bin/../lib/gcc/arm-none-eabi/13.3.1/../../../../arm-none-eabi/lib/thumb/v8-m.main+fp/hard/libc_nano.a(libc_a-sbrkr.o)
                0x08012c9c                _sbrk_r
 .text._write_r
                0x08012cbc       0x24 /Applications/STM32CubeIDE.app/Contents/Eclipse/plugins/com.st.stm32cube.ide.mcu.externaltools.gnu-tools-for-stm32.13.3.rel1.macos64_1.0.0.202411102158/tools/bin/../lib/gcc/arm-none-eabi/13.3.1/../../../../arm-none-eabi/lib/thumb/v8-m.main+fp/hard/libc_nano.a(libc_a-writer.o)
                0x08012cbc                _write_r
 .text._close_r
                0x08012ce0       0x20 /Applications/STM32CubeIDE.app/Contents/Eclipse/plugins/com.st.stm32cube.ide.mcu.externaltools.gnu-tools-for-stm32.13.3.rel1.macos64_1.0.0.202411102158/tools/bin/../lib/gcc/arm-none-eabi/13.3.1/../../../../arm-none-eabi/lib/thumb/v8-m.main+fp/hard/libc_nano.a(libc_a-closer.o)
                0x08012ce0                _close_r
 .text.__assert_func
                0x08012d00       0x3c /Applications/STM32CubeIDE.app/Contents/Eclipse/plugins/com.st.stm32cube.ide.mcu.externaltools.gnu-tools-for-stm32.13.3.rel1.macos64_1.0.0.202411102158/tools/bin/../lib/gcc/arm-none-eabi/13.3.1/../../../../arm-none-eabi/lib/thumb/v8-m.main+fp/hard/libc_nano.a(libc_a-assert.o)
                0x08012d00                __assert_func
 .text._calloc_r
                0x08012d3c       0x28 /Applications/STM32CubeIDE.app/Contents/Eclipse/plugins/com.st.stm32cube.ide.mcu.externaltools.gnu-tools-for-stm32.13.3.rel1.macos64_1.0.0.202411102158/tools/bin/../lib/gcc/arm-none-eabi/13.3.1/../../../../arm-none-eabi/lib/thumb/v8-m.main+fp/hard/libc_nano.a(libc_a-callocr.o)
                0x08012d3c                _calloc_r
 .text._free_r  0x08012d64       0x94 /Applications/STM32CubeIDE.app/Contents/Eclipse/plugins/com.st.stm32cube.ide.mcu.externaltools.gnu-tools-for-stm32.13.3.rel1.macos64_1.0.0.202411102158/tools/bin/../lib/gcc/arm-none-eabi/13.3.1/../../../../arm-none-eabi/lib/thumb/v8-m.main+fp/hard/libc_nano.a(libc_a-freer.o)
                0x08012d64                _free_r
 .text.__ascii_mbtowc
                0x08012df8       0x24 /Applications/STM32CubeIDE.app/Contents/Eclipse/plugins/com.st.stm32cube.ide.mcu.externaltools.gnu-tools-for-stm32.13.3.rel1.macos64_1.0.0.202411102158/tools/bin/../lib/gcc/arm-none-eabi/13.3.1/../../../../arm-none-eabi/lib/thumb/v8-m.main+fp/hard/libc_nano.a(libc_a-mbtowc_r.o)
                0x08012df8                __ascii_mbtowc
 .text._malloc_usable_size_r
                0x08012e1c       0x10 /Applications/STM32CubeIDE.app/Contents/Eclipse/plugins/com.st.stm32cube.ide.mcu.externaltools.gnu-tools-for-stm32.13.3.rel1.macos64_1.0.0.202411102158/tools/bin/../lib/gcc/arm-none-eabi/13.3.1/../../../../arm-none-eabi/lib/thumb/v8-m.main+fp/hard/libc_nano.a(libc_a-msizer.o)
                0x08012e1c                _malloc_usable_size_r
 .text.fprintf  0x08012e2c       0x24 /Applications/STM32CubeIDE.app/Contents/Eclipse/plugins/com.st.stm32cube.ide.mcu.externaltools.gnu-tools-for-stm32.13.3.rel1.macos64_1.0.0.202411102158/tools/bin/../lib/gcc/arm-none-eabi/13.3.1/../../../../arm-none-eabi/lib/thumb/v8-m.main+fp/hard/libc_nano.a(libc_a-fprintf.o)
                0x08012e2c                fprintf
                0x08012e2c                fiprintf
 .text.__ascii_wctomb
                0x08012e50       0x1a /Applications/STM32CubeIDE.app/Contents/Eclipse/plugins/com.st.stm32cube.ide.mcu.externaltools.gnu-tools-for-stm32.13.3.rel1.macos64_1.0.0.202411102158/tools/bin/../lib/gcc/arm-none-eabi/13.3.1/../../../../arm-none-eabi/lib/thumb/v8-m.main+fp/hard/libc_nano.a(libc_a-wctomb_r.o)
                0x08012e50                __ascii_wctomb
 .text.abort    0x08012e6a        0xe /Applications/STM32CubeIDE.app/Contents/Eclipse/plugins/com.st.stm32cube.ide.mcu.externaltools.gnu-tools-for-stm32.13.3.rel1.macos64_1.0.0.202411102158/tools/bin/../lib/gcc/arm-none-eabi/13.3.1/../../../../arm-none-eabi/lib/thumb/v8-m.main+fp/hard/libc_nano.a(libc_a-abort.o)
                0x08012e6a                abort
 .text.__sfputc_r
                0x08012e78       0x2e /Applications/STM32CubeIDE.app/Contents/Eclipse/plugins/com.st.stm32cube.ide.mcu.externaltools.gnu-tools-for-stm32.13.3.rel1.macos64_1.0.0.202411102158/tools/bin/../lib/gcc/arm-none-eabi/13.3.1/../../../../arm-none-eabi/lib/thumb/v8-m.main+fp/hard/libc_nano.a(libc_a-nano-vfprintf.o)
 .text.__sfputs_r
                0x08012ea6       0x24 /Applications/STM32CubeIDE.app/Contents/Eclipse/plugins/com.st.stm32cube.ide.mcu.externaltools.gnu-tools-for-stm32.13.3.rel1.macos64_1.0.0.202411102158/tools/bin/../lib/gcc/arm-none-eabi/13.3.1/../../../../arm-none-eabi/lib/thumb/v8-m.main+fp/hard/libc_nano.a(libc_a-nano-vfprintf.o)
                0x08012ea6                __sfputs_r
 *fill*         0x08012eca        0x2 
 .text._vfprintf_r