../Core/Src/at09_ble.c:34:6:AT09_Init	16	static
../Core/Src/at09_ble.c:45:19:AT09_SendString	24	static
../Core/Src/at09_ble.c:51:19:AT09_SendBytes	16	static
../Core/Src/at09_ble.c:56:6:AT09_SendCommand	32	static
../Core/Src/at09_ble.c:91:6:AT09_DataAvailable	4	static
../Core/Src/at09_ble.c:96:10:AT09_Read	24	static
../Core/Src/at09_ble.c:107:6:AT09_AckFrame	4	static
../Core/Src/at09_ble.c:112:6:AT09_AckAudioPacket	4	static
../Core/Src/at09_ble.c:117:6:AT09_CheckFrameTimeout	8	static
../Core/Src/at09_ble.c:133:6:AT09_UART_RxCpltCallback	16	static
