../Core/Src/at09_ble.c:35:6:AT09_Init	16	static
../Core/Src/at09_ble.c:46:19:AT09_SendString	24	static
../Core/Src/at09_ble.c:52:19:AT09_SendBytes	16	static
../Core/Src/at09_ble.c:57:6:AT09_SendCommand	32	static
../Core/Src/at09_ble.c:92:6:AT09_DataAvailable	4	static
../Core/Src/at09_ble.c:97:10:AT09_Read	24	static
../Core/Src/at09_ble.c:108:6:AT09_AckFrame	4	static
../Core/Src/at09_ble.c:113:6:AT09_AckAudioPacket	4	static
../Core/Src/at09_ble.c:118:6:AT09_CheckFrameTimeout	8	static
../Core/Src/at09_ble.c:134:6:AT09_UART_RxCpltCallback	16	static
