../Core/Src/main.c:156:13:DrawCuteEye	48	static
../Core/Src/main.c:188:13:DrawFace	16	static
../Core/Src/main.c:197:16:BT_ProtocolChecksum	24	static
../Core/Src/main.c:207:17:BT_ProtocolClampU16	16	static
../Core/Src/main.c:215:13:BT_ProtocolWriteU16LE	16	static
../Core/Src/main.c:220:13:BT_ProtocolWriteU32LE	16	static
../Core/Src/main.c:227:13:BT_ProtocolResetParser	4	static
../Core/Src/main.c:234:13:BT_ProtocolSendFrame	48	static
../Core/Src/main.c:254:13:BT_ProtocolSendFaceState	24	static
../Core/Src/main.c:261:13:BT_ProtocolSendTouchState	24	static
../Core/Src/main.c:270:13:BT_ProtocolSendStatus	24	static
../Core/Src/main.c:284:13:BT_ProtocolSendPong	16	static
../Core/Src/main.c:291:13:BT_ProtocolHandleFrame	16	static
../Core/Src/main.c:312:13:BT_ProtocolProcessByte	16	static
../Core/Src/main.c:371:13:SetFaceState	24	static
../Core/Src/main.c:388:13:Touch_ReadRaw	16	static
../Core/Src/main.c:402:13:Touch_InitBaseline	24	static
../Core/Src/main.c:426:13:Touch_Process	32	static
../Core/Src/main.c:491:5:main	168	static
../Core/Src/main.c:624:6:SystemClock_Config	104	static
../Core/Src/main.c:671:6:HAL_UART_RxCpltCallback	16	static
../Core/Src/main.c:683:6:Error_Handler	4	static,ignoring_inline_asm
