../Core/Src/sh1106.c:32:9:SH1106_Init	16	static
../Core/Src/sh1106.c:89:6:SH1106_UpdateScreen	16	static
../Core/Src/sh1106.c:103:6:SH1106_ToggleInvert	16	static
../Core/Src/sh1106.c:116:6:SH1106_Fill	16	static
../Core/Src/sh1106.c:122:6:SH1106_DrawPixel	16	static
../Core/Src/sh1106.c:145:6:SH1106_GotoXY	16	static
../Core/Src/sh1106.c:152:6:SH1106_Putc	32	static
../Core/Src/sh1106.c:184:6:SH1106_Puts	24	static
../Core/Src/sh1106.c:202:6:SH1106_DrawLine	40	static
../Core/Src/sh1106.c:286:6:SH1106_DrawRectangle	32	static
../Core/Src/sh1106.c:311:6:SH1106_DrawFilledRectangle	40	static
../Core/Src/sh1106.c:338:6:SH1106_DrawTriangle	32	static
../Core/Src/sh1106.c:346:6:SH1106_DrawFilledTriangle	64	static
../Core/Src/sh1106.c:402:6:SH1106_DrawCircle	40	static
../Core/Src/sh1106.c:436:6:SH1106_DrawFilledCircle	48	static
../Core/Src/sh1106.c:469:6:SH1106_Clear	8	static
../Core/Src/sh1106.c:476:6:SH1106_ON	8	static
../Core/Src/sh1106.c:483:6:SH1106_OFF	8	static
../Core/Src/sh1106.c:489:6:SH1106_I2C_WriteMulti	296	static
../Core/Src/sh1106.c:498:6:SH1106_I2C_Write	32	static
../Core/Src/sh1106.c:506:6:SH1106_InvertDisplay	16	static
../Core/Src/sh1106.c:515:6:SH1106_DrawBitmap	32	static
../Core/Src/sh1106.c:563:13:DispatchNext	16	static
../Core/Src/sh1106.c:573:13:Enqueue	24	static
../Core/Src/sh1106.c:584:6:HAL_I2C_MasterTxCpltCallback	16	static
../Core/Src/sh1106.c:593:13:SetCursorQueued	24	static
../Core/Src/sh1106.c:607:9:SH1106_IsBusy	4	static
../Core/Src/sh1106.c:612:6:SH1106_Flush	16	static
../Core/Src/sh1106.c:619:6:SH1106_UpdateScreenDMA	144	static
../Core/Src/sh1106.c:732:6:SH1106_DrawString	32	static
../Core/Src/sh1106.c:1067:7:FONTS_GetStringSize	32	static
