../Drivers/STM32L5xx_HAL_Driver/Src/stm32l5xx_hal_dac.c:357:19:HAL_DAC_Init	16	static
../Drivers/STM32L5xx_HAL_Driver/Src/stm32l5xx_hal_dac.c:418:19:HAL_DAC_DeInit	16	static
../Drivers/STM32L5xx_HAL_Driver/Src/stm32l5xx_hal_dac.c:463:13:HAL_DAC_MspInit	16	static
../Drivers/STM32L5xx_HAL_Driver/Src/stm32l5xx_hal_dac.c:479:13:HAL_DAC_MspDeInit	16	static
../Drivers/STM32L5xx_HAL_Driver/Src/stm32l5xx_hal_dac.c:521:19:HAL_DAC_Start	16	static
../Drivers/STM32L5xx_HAL_Driver/Src/stm32l5xx_hal_dac.c:582:19:HAL_DAC_Stop	16	static
../Drivers/STM32L5xx_HAL_Driver/Src/stm32l5xx_hal_dac.c:620:19:HAL_DAC_Start_DMA	32	static
../Drivers/STM32L5xx_HAL_Driver/Src/stm32l5xx_hal_dac.c:752:19:HAL_DAC_Stop_DMA	16	static
../Drivers/STM32L5xx_HAL_Driver/Src/stm32l5xx_hal_dac.c:806:6:HAL_DAC_IRQHandler	24	static
../Drivers/STM32L5xx_HAL_Driver/Src/stm32l5xx_hal_dac.c:882:19:HAL_DAC_SetValue	32	static
../Drivers/STM32L5xx_HAL_Driver/Src/stm32l5xx_hal_dac.c:922:13:HAL_DAC_ConvCpltCallbackCh1	16	static
../Drivers/STM32L5xx_HAL_Driver/Src/stm32l5xx_hal_dac.c:938:13:HAL_DAC_ConvHalfCpltCallbackCh1	16	static
../Drivers/STM32L5xx_HAL_Driver/Src/stm32l5xx_hal_dac.c:954:13:HAL_DAC_ErrorCallbackCh1	16	static
../Drivers/STM32L5xx_HAL_Driver/Src/stm32l5xx_hal_dac.c:970:13:HAL_DAC_DMAUnderrunCallbackCh1	16	static
../Drivers/STM32L5xx_HAL_Driver/Src/stm32l5xx_hal_dac.c:1009:10:HAL_DAC_GetValue	24	static
../Drivers/STM32L5xx_HAL_Driver/Src/stm32l5xx_hal_dac.c:1049:19:HAL_DAC_ConfigChannel	48	static
../Drivers/STM32L5xx_HAL_Driver/Src/stm32l5xx_hal_dac.c:1258:22:HAL_DAC_GetState	16	static
../Drivers/STM32L5xx_HAL_Driver/Src/stm32l5xx_hal_dac.c:1271:10:HAL_DAC_GetError	16	static
../Drivers/STM32L5xx_HAL_Driver/Src/stm32l5xx_hal_dac.c:1543:6:DAC_DMAConvCpltCh1	24	static
../Drivers/STM32L5xx_HAL_Driver/Src/stm32l5xx_hal_dac.c:1562:6:DAC_DMAHalfConvCpltCh1	24	static
../Drivers/STM32L5xx_HAL_Driver/Src/stm32l5xx_hal_dac.c:1579:6:DAC_DMAErrorCh1	24	static
